<html>
<body>
<pre>
<h1>礦ision3 Build Log</h1>
<h2>Project:</h2>
D:\broadcastsystem\MDK3.80A\workspace\2013.7.28晚电台\电台\USER\FM.uv2
Project File Date:  07/22/2013

<h2>Output:</h2>
Build target 'Target 1'
compiling main.c...
main.c(55): warning:  #550-D: variable "fre_scan_interrupted" was set but never used
main.c(58): warning:  #177-D: variable "safe_frame_byte" was declared but never referenced
main.c(59): warning:  #550-D: variable "safe_frame_byte_index" was set but never used
main.c(60): warning:  #550-D: variable "safe_mingwen" was set but never used
main.c(61): warning:  #550-D: variable "safe_miwen" was set but never used
compiling stm32f10x_it.c...
compiling system_stm32f10x.c...
compiling led.c...
compiling key.c...
compiling lcd.c...
compiling myiic.c...
compiling audiosel.c...
compiling rda5820.c...
compiling timer.c...
compiling gray.c...
..\HARDWARE\gray\gray.c(71): warning:  #550-D: variable "T" was set but never used
compiling delay.c...
compiling sys.c...
compiling usart.c...
compiling core_cm3.c...
assembling startup_stm32f10x_hd.s...
compiling misc.c...
compiling stm32f10x_fsmc.c...
compiling stm32f10x_gpio.c...
compiling stm32f10x_rcc.c...
compiling stm32f10x_usart.c...
compiling stm32f10x_tim.c...
compiling usmart.c...
compiling usmart_config.c...
compiling usmart_str.c...
linking...
Program Size: Code=19472 RO-data=676 RW-data=2648 ZI-data=4024  
FromELF: creating hex file...
"..\OBJ\FM.axf" - 0 Error(s), 6 Warning(s).
