ARM Linker, RVCT4.0 [Build 524] for uVision [Professional]

==============================================================================

Section Cross References

    main.o(.text) refers to rda5820.o(.text) for RDA5820_Freq_Get
    main.o(.text) refers to lcd.o(.text) for LCD_ShowNum
    main.o(.text) refers to delay.o(.text) for delay_init
    main.o(.text) refers to sys.o(.text) for NVIC_Configuration
    main.o(.text) refers to usart.o(.text) for uart_init
    main.o(.text) refers to key.o(.text) for KEY_Init
    main.o(.text) refers to led.o(.text) for LED_Init
    main.o(.text) refers to audiosel.o(.text) for Audiosel_Init
    main.o(.text) refers to noretval__2printf.o(.text) for __2printf
    main.o(.text) refers to stm32f10x_usart.o(.text) for USART_SendData
    main.o(.text) refers to usmart_config.o(.data) for usmart_dev
    main.o(.text) refers to lcd.o(.data) for POINT_COLOR
    main.o(.text) refers to usart.o(.data) for USART_RX_STA
    main.o(.text) refers to usart.o(.bss) for USART_RX_BUF
    system_stm32f10x.o(.text) refers to system_stm32f10x.o(.data) for SystemCoreClock
    led.o(.text) refers to stm32f10x_rcc.o(.text) for RCC_APB2PeriphClockCmd
    led.o(.text) refers to stm32f10x_gpio.o(.text) for GPIO_Init
    key.o(.text) refers to stm32f10x_rcc.o(.text) for RCC_APB2PeriphClockCmd
    key.o(.text) refers to stm32f10x_gpio.o(.text) for GPIO_Init
    key.o(.text) refers to delay.o(.text) for delay_ms
    key.o(.text) refers to key.o(.data) for .data
    lcd.o(.text) refers (Special) to _printf_hex_int.o(.text) for _printf_longlong_hex
    lcd.o(.text) refers (Special) to _printf_percent.o(.ARM.Collect$$_printf_percent$$00000000) for _printf_percent
    lcd.o(.text) refers (Special) to _printf_x.o(.ARM.Collect$$_printf_percent$$0000000C) for _printf_x
    lcd.o(.text) refers to delay.o(.text) for delay_us
    lcd.o(.text) refers to lcd.o(.bss) for lcddev
    lcd.o(.text) refers to stm32f10x_rcc.o(.text) for RCC_AHBPeriphClockCmd
    lcd.o(.text) refers to stm32f10x_gpio.o(.text) for GPIO_Init
    lcd.o(.text) refers to stm32f10x_fsmc.o(.text) for FSMC_NORSRAMInit
    lcd.o(.text) refers to noretval__2printf.o(.text) for __2printf
    lcd.o(.text) refers to lcd.o(.data) for POINT_COLOR
    lcd.o(.text) refers to lcd.o(.constdata) for asc2_1206
    lcd.o(.bss) refers (Special) to _printf_hex_int.o(.text) for _printf_longlong_hex
    lcd.o(.bss) refers (Special) to _printf_percent.o(.ARM.Collect$$_printf_percent$$00000000) for _printf_percent
    lcd.o(.bss) refers (Special) to _printf_x.o(.ARM.Collect$$_printf_percent$$0000000C) for _printf_x
    lcd.o(.constdata) refers (Special) to _printf_hex_int.o(.text) for _printf_longlong_hex
    lcd.o(.constdata) refers (Special) to _printf_percent.o(.ARM.Collect$$_printf_percent$$00000000) for _printf_percent
    lcd.o(.constdata) refers (Special) to _printf_x.o(.ARM.Collect$$_printf_percent$$0000000C) for _printf_x
    lcd.o(.data) refers (Special) to _printf_hex_int.o(.text) for _printf_longlong_hex
    lcd.o(.data) refers (Special) to _printf_percent.o(.ARM.Collect$$_printf_percent$$00000000) for _printf_percent
    lcd.o(.data) refers (Special) to _printf_x.o(.ARM.Collect$$_printf_percent$$0000000C) for _printf_x
    myiic.o(.text) refers to stm32f10x_rcc.o(.text) for RCC_APB2PeriphClockCmd
    myiic.o(.text) refers to stm32f10x_gpio.o(.text) for GPIO_Init
    myiic.o(.text) refers to delay.o(.text) for delay_us
    audiosel.o(.text) refers to stm32f10x_rcc.o(.text) for RCC_APB2PeriphClockCmd
    audiosel.o(.text) refers to stm32f10x_gpio.o(.text) for GPIO_Init
    rda5820.o(.text) refers to myiic.o(.text) for IIC_Start
    rda5820.o(.text) refers to delay.o(.text) for delay_ms
    delay.o(.text) refers to misc.o(.text) for SysTick_CLKSourceConfig
    delay.o(.text) refers to system_stm32f10x.o(.data) for SystemCoreClock
    delay.o(.text) refers to delay.o(.data) for .data
    sys.o(.text) refers to misc.o(.text) for NVIC_PriorityGroupConfig
    usart.o(.text) refers (Special) to use_no_semi_2.o(.text) for __use_no_semihosting
    usart.o(.text) refers to stm32f10x_rcc.o(.text) for RCC_APB2PeriphClockCmd
    usart.o(.text) refers to stm32f10x_usart.o(.text) for USART_DeInit
    usart.o(.text) refers to stm32f10x_gpio.o(.text) for GPIO_Init
    usart.o(.text) refers to misc.o(.text) for NVIC_Init
    usart.o(.text) refers to usart.o(.data) for USART_RX_STA
    usart.o(.text) refers to usart.o(.bss) for USART_RX_BUF
    usart.o(.bss) refers (Special) to use_no_semi_2.o(.text) for __use_no_semihosting
    usart.o(.data) refers (Special) to use_no_semi_2.o(.text) for __use_no_semihosting
    startup_stm32f10x_hd.o(STACK) refers (Special) to heapauxi.o(.text) for __use_two_region_memory
    startup_stm32f10x_hd.o(HEAP) refers (Special) to heapauxi.o(.text) for __use_two_region_memory
    startup_stm32f10x_hd.o(RESET) refers (Special) to heapauxi.o(.text) for __use_two_region_memory
[...]
    libinit2.o(.ARM.Collect$$libinit$$00000014) refers to libinit2.o(.ARM.Collect$$libinit$$0000000B) for .ARM.Collect$$libinit$$0000000B
    libinit2.o(.ARM.Collect$$libinit$$00000022) refers to argv_veneer.o(.emb_text) for __ARM_argv_veneer
    libinit2.o(.ARM.Collect$$libinit$$00000023) refers to argv_veneer.o(.emb_text) for __ARM_argv_veneer
    rtexit2.o(.ARM.Collect$$rtexit$$00000003) refers to libshutdown.o(.ARM.Collect$$libshutdown$$00000000) for __rt_lib_shutdown
    rtexit2.o(.ARM.Collect$$rtexit$$00000004) refers to usart.o(.text) for _sys_exit
    rtexit2.o(.ARM.exidx) refers to rtexit2.o(.ARM.Collect$$rtexit$$00000001) for .ARM.Collect$$rtexit$$00000001
    rtexit2.o(.ARM.exidx) refers to rtexit2.o(.ARM.Collect$$rtexit$$00000002) for .ARM.Collect$$rtexit$$00000002
    rtexit2.o(.ARM.exidx) refers to rtexit2.o(.ARM.Collect$$rtexit$$00000003) for .ARM.Collect$$rtexit$$00000003
    rtexit2.o(.ARM.exidx) refers to rtexit2.o(.ARM.Collect$$rtexit$$00000004) for .ARM.Collect$$rtexit$$00000004
    argv_veneer.o(.emb_text) refers to no_argv.o(.text) for __ARM_get_argv
    _get_argv_nomalloc.o(.text) refers (Special) to hrguard.o(.text) for __heap_region$guard
    _get_argv_nomalloc.o(.text) refers to defsig_rtmem_outer.o(.text) for __rt_SIGRTMEM
    _get_argv_nomalloc.o(.text) refers to sys_command.o(.text) for _sys_command_string
    libshutdown.o(.ARM.Collect$$libshutdown$$00000000) refers (Special) to libshutdown2.o(.ARM.Collect$$libshutdown$$00000006) for __rt_lib_shutdown_fp_trap_1
    libshutdown.o(.ARM.Collect$$libshutdown$$00000000) refers (Special) to libshutdown2.o(.ARM.Collect$$libshutdown$$0000000E) for __rt_lib_shutdown_heap_1
    libshutdown.o(.ARM.Collect$$libshutdown$$00000000) refers (Special) to libshutdown2.o(.ARM.Collect$$libshutdown$$0000000F) for __rt_lib_shutdown_return
    libshutdown.o(.ARM.Collect$$libshutdown$$00000000) refers (Special) to libshutdown2.o(.ARM.Collect$$libshutdown$$00000009) for __rt_lib_shutdown_signal_1
    libshutdown.o(.ARM.Collect$$libshutdown$$00000000) refers (Special) to libshutdown2.o(.ARM.Collect$$libshutdown$$00000003) for __rt_lib_shutdown_stdio_1
    libshutdown.o(.ARM.Collect$$libshutdown$$00000000) refers (Special) to libshutdown2.o(.ARM.Collect$$libshutdown$$0000000B) for __rt_lib_shutdown_user_alloc_1
    sys_command.o(.text) refers (Special) to use_no_semi.o(.text) for __I$use$semihosting
    defsig_rtmem_outer.o(.text) refers to defsig_rtmem_inner.o(.text) for __rt_SIGRTMEM_inner
    defsig_rtmem_outer.o(.text) refers to defsig_exit.o(.text) for __sig_exit
    defsig_rtmem_formal.o(.text) refers to rt_raise.o(.text) for __rt_raise
    rt_raise.o(.text) refers to __raise.o(.text) for __raise
    rt_raise.o(.text) refers to usart.o(.text) for _sys_exit
    defsig_exit.o(.text) refers to usart.o(.text) for _sys_exit
    defsig_rtmem_inner.o(.text) refers to defsig_general.o(.text) for __default_signal_display
    __raise.o(.text) refers to defsig.o(CL$$defsig) for __default_signal_handler
    defsig_general.o(.text) refers to sys_wrch.o(.text) for _ttywrch
    sys_wrch.o(.text) refers (Special) to use_no_semi.o(.text) for __I$use$semihosting
    defsig.o(CL$$defsig) refers to defsig_rtmem_inner.o(.text) for __rt_SIGRTMEM_inner
    defsig_abrt_inner.o(.text) refers to defsig_general.o(.text) for __default_signal_display
    defsig_fpe_inner.o(.text) refers to defsig_general.o(.text) for __default_signal_display
    defsig_rtred_inner.o(.text) refers to defsig_general.o(.text) for __default_signal_display
    defsig_stak_inner.o(.text) refers to defsig_general.o(.text) for __default_signal_display
    defsig_pvfn_inner.o(.text) refers to defsig_general.o(.text) for __default_signal_display
    defsig_cppl_inner.o(.text) refers to defsig_general.o(.text) for __default_signal_display
    defsig_segv_inner.o(.text) refers to defsig_general.o(.text) for __default_signal_display
    defsig_other.o(.text) refers to defsig_general.o(.text) for __default_signal_display


==============================================================================

Removing Unused input sections from the image.

    Removing core_cm3.o(.emb_text), (32 bytes).

1 unused section(s) (total 32 bytes) removed from the image.

==============================================================================

Image Symbol Table

    Local Symbols

    Symbol Name                              Value     Ov Type        Size  Object(Section)

    ../../angel/boardlib.s                   0x00000000   Number         0  boardinit1.o ABSOLUTE
    ../../angel/boardlib.s                   0x00000000   Number         0  boardinit2.o ABSOLUTE
    ../../angel/boardlib.s                   0x00000000   Number         0  boardinit3.o ABSOLUTE
    ../../angel/boardlib.s                   0x00000000   Number         0  boardshut.o ABSOLUTE
    ../../angel/dczerorl2.s                  0x00000000   Number         0  __dczerorl2.o ABSOLUTE
    ../../angel/handlers.s                   0x00000000   Number         0  __scatter_zi.o ABSOLUTE
    ../../angel/kernel.s                     0x00000000   Number         0  rtentry4.o ABSOLUTE
    ../../angel/kernel.s                     0x00000000   Number         0  rtexit2.o ABSOLUTE
    ../../angel/kernel.s                     0x00000000   Number         0  rtexit.o ABSOLUTE
    ../../angel/kernel.s                     0x00000000   Number         0  rtentry.o ABSOLUTE
    ../../angel/kernel.s                     0x00000000   Number         0  rtentry2.o ABSOLUTE
    ../../angel/rt.s                         0x00000000   Number         0  rt_raise.o ABSOLUTE
    ../../angel/scatter.s                    0x00000000   Number         0  __scatter.o ABSOLUTE
    ../../angel/startup.s                    0x00000000   Number         0  __main.o ABSOLUTE
    ../../angel/sys.s                        0x00000000   Number         0  use_no_semi_2.o ABSOLUTE
    ../../angel/sys.s                        0x00000000   Number         0  sys_stackheap_outer.o ABSOLUTE
    ../../angel/sys.s                        0x00000000   Number         0  libspace.o ABSOLUTE
    ../../angel/sys.s                        0x00000000   Number         0  use_no_semi.o ABSOLUTE
    ../../angel/sysapp.c                     0x00000000   Number         0  sys_command.o ABSOLUTE
    ../../angel/sysapp.c                     0x00000000   Number         0  sys_wrch.o ABSOLUTE
    ../../armsys.c                           0x00000000   Number         0  no_argv.o ABSOLUTE
    ../../armsys.c                           0x00000000   Number         0  _get_argv_nomalloc.o ABSOLUTE
    ../../armsys.c                           0x00000000   Number         0  argv_veneer.o ABSOLUTE
    ../../armsys.c                           0x00000000   Number         0  argv_veneer.o ABSOLUTE
    ../../division_7m.s                      0x00000000   Number         0  rtudiv10.o ABSOLUTE
    ../../fpinit.s                           0x00000000   Number         0  fpinit.o ABSOLUTE
    ../../heapalloc.c                        0x00000000   Number         0  hrguard.o ABSOLUTE
    ../../heapaux.c                          0x00000000   Number         0  heapauxi.o ABSOLUTE
    ../../libinit.s                          0x00000000   Number         0  libshutdown.o ABSOLUTE
    ../../libinit.s                          0x00000000   Number         0  libinit2.o ABSOLUTE
    ../../libinit.s                          0x00000000   Number         0  libshutdown2.o ABSOLUTE
    ../../libinit.s                          0x00000000   Number         0  libinit.o ABSOLUTE
    ../../misc.s                             0x00000000   Number         0  printf_stubs.o ABSOLUTE
    ../../printf.c                           0x00000000   Number         0  __2printf.o ABSOLUTE
    ../../printf.c                           0x00000000   Number         0  noretval__2printf.o ABSOLUTE
    ../../printf.c                           0x00000000   Number         0  __printf.o ABSOLUTE
    ../../printf.c                           0x00000000   Number         0  _printf_pad.o ABSOLUTE
    ../../printf.c                           0x00000000   Number         0  _printf_char.o ABSOLUTE
    ../../printf.c                           0x00000000   Number         0  _printf_dec.o ABSOLUTE
    ../../printf.c                           0x00000000   Number         0  _printf_hex_ll.o ABSOLUTE
    ../../printf.c                           0x00000000   Number         0  _printf_hex_int.o ABSOLUTE
    ../../printf.c                           0x00000000   Number         0  _printf_char_common.o ABSOLUTE
    ../../printf.c                           0x00000000   Number         0  _printf_intcommon.o ABSOLUTE
    ../../printf.c                           0x00000000   Number         0  _printf_hex_int_ll.o ABSOLUTE
    ../../printf.c                           0x00000000   Number         0  _printf_hex_ptr.o ABSOLUTE
    ../../printf.c                           0x00000000   Number         0  _printf_hex_int_ptr.o ABSOLUTE
    ../../printf.c                           0x00000000   Number         0  _printf_hex_int_ll_ptr.o ABSOLUTE
    ../../printf.c                           0x00000000   Number         0  __printf_flags.o ABSOLUTE
    ../../printf.c                           0x00000000   Number         0  __printf_ss.o ABSOLUTE
    ../../printf.c                           0x00000000   Number         0  __printf_flags_ss.o ABSOLUTE
    ../../printf.c                           0x00000000   Number         0  __printf_wp.o ABSOLUTE
    ../../printf.c                           0x00000000   Number         0  __printf_flags_wp.o ABSOLUTE
    ../../printf.c                           0x00000000   Number         0  __printf_ss_wp.o ABSOLUTE
    ../../printf.c                           0x00000000   Number         0  __printf_flags_ss_wp.o ABSOLUTE
    ../../printf.c                           0x00000000   Number         0  _printf_hex_ll_ptr.o ABSOLUTE
    ../../printf.c                           0x00000000   Number         0  _printf_str.o ABSOLUTE
    ../../printf.c                           0x00000000   Number         0  __printf_nopercent.o ABSOLUTE
    ../../printf_percent.s                   0x00000000   Number         0  _printf_s.o ABSOLUTE
    ../../printf_percent.s                   0x00000000   Number         0  _printf_d.o ABSOLUTE
    ../../printf_percent.s                   0x00000000   Number         0  _printf_percent.o ABSOLUTE
    ../../printf_percent.s                   0x00000000   Number         0  _printf_percent_end.o ABSOLUTE
    ../../printf_percent.s                   0x00000000   Number         0  _printf_x.o ABSOLUTE
    ../../printf_percent.s                   0x00000000   Number         0  _printf_u.o ABSOLUTE
    ../../printf_percent.s                   0x00000000   Number         0  _printf_c.o ABSOLUTE
    ../../signal.c                           0x00000000   Number         0  defsig_general.o ABSOLUTE
    ../../signal.c                           0x00000000   Number         0  defsig_fpe_inner.o ABSOLUTE
    ../../signal.c                           0x00000000   Number         0  defsig_segv_inner.o ABSOLUTE
    ../../signal.c                           0x00000000   Number         0  defsig_rtmem_formal.o ABSOLUTE
    ../../signal.c                           0x00000000   Number         0  defsig_abrt_inner.o ABSOLUTE
    ../../signal.c                           0x00000000   Number         0  defsig_exit.o ABSOLUTE
    ../../signal.c                           0x00000000   Number         0  defsig_other.o ABSOLUTE
    ../../signal.c                           0x00000000   Number         0  defsig_rtmem_inner.o ABSOLUTE
    ../../signal.c                           0x00000000   Number         0  __raise.o ABSOLUTE
    ../../signal.c                           0x00000000   Number         0  defsig_cppl_inner.o ABSOLUTE
    ../../signal.c                           0x00000000   Number         0  defsig_pvfn_inner.o ABSOLUTE
    ../../signal.c                           0x00000000   Number         0  defsig_stak_inner.o ABSOLUTE
    ../../signal.c                           0x00000000   Number         0  defsig_rtmem_outer.o ABSOLUTE
    ../../signal.c                           0x00000000   Number         0  defsig_rtred_inner.o ABSOLUTE
    ../../signal.s                           0x00000000   Number         0  defsig.o ABSOLUTE
    ../../stdio.c                            0x00000000   Number         0  ferror.o ABSOLUTE
    ../../stdio.c                            0x00000000   Number         0  ferror_locked.o ABSOLUTE
    ../../stdlib.c                           0x00000000   Number         0  exit.o ABSOLUTE
    ..\CORE\core_cm3.c                       0x00000000   Number         0  core_cm3.o ABSOLUTE
    ..\CORE\startup_stm32f10x_hd.s           0x00000000   Number         0  startup_stm32f10x_hd.o ABSOLUTE
    ..\HARDWARE\AUDIOSEL\audiosel.c          0x00000000   Number         0  audiosel.o ABSOLUTE
    ..\HARDWARE\IIC\myiic.c                  0x00000000   Number         0  myiic.o ABSOLUTE
    ..\HARDWARE\KEY\key.c                    0x00000000   Number         0  key.o ABSOLUTE
    ..\HARDWARE\LCD\lcd.c                    0x00000000   Number         0  lcd.o ABSOLUTE
    ..\HARDWARE\LED\led.c                    0x00000000   Number         0  led.o ABSOLUTE
    ..\HARDWARE\RDA5820\rda5820.c            0x00000000   Number         0  rda5820.o ABSOLUTE
    ..\STM32F10x_FWLib\src\misc.c            0x00000000   Number         0  misc.o ABSOLUTE
    ..\STM32F10x_FWLib\src\stm32f10x_fsmc.c  0x00000000   Number         0  stm32f10x_fsmc.o ABSOLUTE
    ..\STM32F10x_FWLib\src\stm32f10x_gpio.c  0x00000000   Number         0  stm32f10x_gpio.o ABSOLUTE
    ..\STM32F10x_FWLib\src\stm32f10x_rcc.c   0x00000000   Number         0  stm32f10x_rcc.o ABSOLUTE
    ..\STM32F10x_FWLib\src\stm32f10x_tim.c   0x00000000   Number         0  stm32f10x_tim.o ABSOLUTE
    ..\STM32F10x_FWLib\src\stm32f10x_usart.c 0x00000000   Number         0  stm32f10x_usart.o ABSOLUTE
    ..\SYSTEM\delay\delay.c                  0x00000000   Number         0  delay.o ABSOLUTE
    ..\SYSTEM\sys\sys.c                      0x00000000   Number         0  sys.o ABSOLUTE
    ..\SYSTEM\usart\usart.c                  0x00000000   Number         0  usart.o ABSOLUTE
    ..\USMART\usmart.c                       0x00000000   Number         0  usmart.o ABSOLUTE
    ..\USMART\usmart_config.c                0x00000000   Number         0  usmart_config.o ABSOLUTE
    ..\USMART\usmart_str.c                   0x00000000   Number         0  usmart_str.o ABSOLUTE
    ..\\CORE\\core_cm3.c                     0x00000000   Number         0  core_cm3.o ABSOLUTE
    dc.s                                     0x00000000   Number         0  dc.o ABSOLUTE
    main.c                                   0x00000000   Number         0  main.o ABSOLUTE
    stm32f10x_it.c                           0x00000000   Number         0  stm32f10x_it.o ABSOLUTE
    system_stm32f10x.c                       0x00000000   Number         0  system_stm32f10x.o ABSOLUTE
    RESET                                    0x08000000   Section      304  startup_stm32f10x_hd.o(RESET)
    !!!main                                  0x08000130   Section        8  __main.o(!!!main)
    !!!scatter                               0x08000138   Section       52  __scatter.o(!!!scatter)
    !!dczerorl2                              0x0800016c   Section       90  __dczerorl2.o(!!dczerorl2)
    !!handler_zi                             0x080001c8   Section       28  __scatter_zi.o(!!handler_zi)
    .ARM.Collect$$_printf_percent$$00000000  0x080001e4   Section        0  _printf_percent.o(.ARM.Collect$$_printf_percent$$00000000)
    .ARM.Collect$$_printf_percent$$00000009  0x080001e4   Section        6  _printf_d.o(.ARM.Collect$$_printf_percent$$00000009)
    .ARM.Collect$$_printf_percent$$0000000A  0x080001ea   Section        6  _printf_u.o(.ARM.Collect$$_printf_percent$$0000000A)
    .ARM.Collect$$_printf_percent$$0000000C  0x080001f0   Section        6  _printf_x.o(.ARM.Collect$$_printf_percent$$0000000C)
    .ARM.Collect$$_printf_percent$$00000013  0x080001f6   Section        6  _printf_c.o(.ARM.Collect$$_printf_percent$$00000013)
    .ARM.Collect$$_printf_percent$$00000014  0x080001fc   Section        6  _printf_s.o(.ARM.Collect$$_printf_percent$$00000014)
    .ARM.Collect$$_printf_percent$$00000017  0x08000202   Section        4  _printf_percent_end.o(.ARM.Collect$$_printf_percent$$00000017)
    .ARM.Collect$$libinit$$00000000          0x08000206   Section        6  libinit.o(.ARM.Collect$$libinit$$00000000)
    .ARM.Collect$$libinit$$00000006          0x0800020c   Section        0  libinit2.o(.ARM.Collect$$libinit$$00000006)
    .ARM.Collect$$libinit$$00000008          0x0800020c   Section        0  libinit2.o(.ARM.Collect$$libinit$$00000008)
    .ARM.Collect$$libinit$$0000000A          0x0800020c   Section        0  libinit2.o(.ARM.Collect$$libinit$$0000000A)
    .ARM.Collect$$libinit$$0000000D          0x0800020c   Section        0  libinit2.o(.ARM.Collect$$libinit$$0000000D)
    .ARM.Collect$$libinit$$0000000F          0x0800020c   Section        0  libinit2.o(.ARM.Collect$$libinit$$0000000F)
    .ARM.Collect$$libinit$$00000011          0x0800020c   Section        0  libinit2.o(.ARM.Collect$$libinit$$00000011)
    .ARM.Collect$$libinit$$00000013          0x0800020c   Section        0  libinit2.o(.ARM.Collect$$libinit$$00000013)
    .ARM.Collect$$libinit$$00000015          0x0800020c   Section        0  libinit2.o(.ARM.Collect$$libinit$$00000015)
    .ARM.Collect$$libinit$$00000017          0x0800020c   Section        0  libinit2.o(.ARM.Collect$$libinit$$00000017)
    .ARM.Collect$$libinit$$00000019          0x0800020c   Section        0  libinit2.o(.ARM.Collect$$libinit$$00000019)
    .ARM.Collect$$libinit$$0000001B          0x0800020c   Section        0  libinit2.o(.ARM.Collect$$libinit$$0000001B)
    .ARM.Collect$$libinit$$0000001D          0x0800020c   Section        0  libinit2.o(.ARM.Collect$$libinit$$0000001D)
    .ARM.Collect$$libinit$$0000001F          0x0800020c   Section        0  libinit2.o(.ARM.Collect$$libinit$$0000001F)
    .ARM.Collect$$libinit$$00000021          0x0800020c   Section        0  libinit2.o(.ARM.Collect$$libinit$$00000021)
    .ARM.Collect$$libinit$$00000028          0x0800020c   Section        0  libinit2.o(.ARM.Collect$$libinit$$00000028)
    .ARM.Collect$$libinit$$0000002A          0x0800020c   Section        0  libinit2.o(.ARM.Collect$$libinit$$0000002A)
    .ARM.Collect$$libinit$$0000002C          0x0800020c   Section        0  libinit2.o(.ARM.Collect$$libinit$$0000002C)
    .ARM.Collect$$libinit$$0000002E          0x0800020c   Section        0  libinit2.o(.ARM.Collect$$libinit$$0000002E)
    .ARM.Collect$$libinit$$0000002F          0x0800020c   Section        2  libinit2.o(.ARM.Collect$$libinit$$0000002F)
    .ARM.Collect$$libshutdown$$00000000      0x0800020e   Section        2  libshutdown.o(.ARM.Collect$$libshutdown$$00000000)
    .ARM.Collect$$libshutdown$$00000003      0x08000210   Section        0  libshutdown2.o(.ARM.Collect$$libshutdown$$00000003)
    .ARM.Collect$$libshutdown$$00000006      0x08000210   Section        0  libshutdown2.o(.ARM.Collect$$libshutdown$$00000006)
    .ARM.Collect$$libshutdown$$00000009      0x08000210   Section        0  libshutdown2.o(.ARM.Collect$$libshutdown$$00000009)
    .ARM.Collect$$libshutdown$$0000000B      0x08000210   Section        0  libshutdown2.o(.ARM.Collect$$libshutdown$$0000000B)
    .ARM.Collect$$libshutdown$$0000000E      0x08000210   Section        0  libshutdown2.o(.ARM.Collect$$libshutdown$$0000000E)
    .ARM.Collect$$libshutdown$$0000000F      0x08000210   Section        2  libshutdown2.o(.ARM.Collect$$libshutdown$$0000000F)
    .ARM.Collect$$rtentry$$00000000          0x08000212   Section        0  rtentry.o(.ARM.Collect$$rtentry$$00000000)
    .ARM.Collect$$rtentry$$00000002          0x08000212   Section        0  rtentry2.o(.ARM.Collect$$rtentry$$00000002)
    .ARM.Collect$$rtentry$$00000004          0x08000212   Section        6  rtentry4.o(.ARM.Collect$$rtentry$$00000004)
    .ARM.Collect$$rtentry$$00000009          0x08000218   Section        0  rtentry2.o(.ARM.Collect$$rtentry$$00000009)
    .ARM.Collect$$rtentry$$0000000A          0x08000218   Section        4  rtentry2.o(.ARM.Collect$$rtentry$$0000000A)
    .ARM.Collect$$rtentry$$0000000C          0x0800021c   Section        0  rtentry2.o(.ARM.Collect$$rtentry$$0000000C)
    .ARM.Collect$$rtentry$$0000000D          0x0800021c   Section        8  rtentry2.o(.ARM.Collect$$rtentry$$0000000D)
    .ARM.Collect$$rtexit$$00000000           0x08000224   Section        0  rtexit.o(.ARM.Collect$$rtexit$$00000000)
    .ARM.Collect$$rtexit$$00000002           0x08000224   Section        0  rtexit2.o(.ARM.Collect$$rtexit$$00000002)
    .ARM.Collect$$rtexit$$00000003           0x08000224   Section        4  rtexit2.o(.ARM.Collect$$rtexit$$00000003)
    .ARM.Collect$$rtexit$$00000004           0x08000228   Section        4  rtexit2.o(.ARM.Collect$$rtexit$$00000004)
    .text                                    0x0800022c   Section      688  main.o(.text)
    .text                                    0x080004dc   Section       26  stm32f10x_it.o(.text)
    .text                                    0x080004f8   Section      456  system_stm32f10x.o(.text)
    SetSysClockTo72                          0x080004f9   Thumb Code   192  system_stm32f10x.o(.text)
    SetSysClock                              0x080005b9   Thumb Code     8  system_stm32f10x.o(.text)
    .text                                    0x080006c0   Section       76  led.o(.text)
    .text                                    0x0800070c   Section      252  key.o(.text)
    .text                                    0x08000808   Section     9220  lcd.o(.text)
    .text                                    0x08002c0c   Section      684  myiic.o(.text)
    .text                                    0x08002eb8   Section       88  audiosel.o(.text)
    .text                                    0x08002f10   Section      808  rda5820.o(.text)
    .text                                    0x08003238   Section      192  delay.o(.text)
    .text                                    0x080032f8   Section       12  sys.o(.text)
    .text                                    0x08003304   Section      328  usart.o(.text)
    .text                                    0x0800344c   Section       64  startup_stm32f10x_hd.o(.text)
    .text                                    0x0800348c   Section      224  misc.o(.text)
    .text                                    0x0800356c   Section     1544  stm32f10x_fsmc.o(.text)
    .text                                    0x08003b74   Section      840  stm32f10x_gpio.o(.text)
    .text                                    0x08003ebc   Section      912  stm32f10x_rcc.o(.text)
    .text                                    0x0800424c   Section     1032  stm32f10x_usart.o(.text)
    .text                                    0x08004654   Section     3426  stm32f10x_tim.o(.text)
    TI4_Config                               0x08004add   Thumb Code   114  stm32f10x_tim.o(.text)
    TI3_Config                               0x08004b61   Thumb Code   110  stm32f10x_tim.o(.text)
    TI2_Config                               0x08004be5   Thumb Code   114  stm32f10x_tim.o(.text)
    TI1_Config                               0x08004c69   Thumb Code   102  stm32f10x_tim.o(.text)
    .text                                    0x080053b8   Section     2808  usmart.o(.text)
    .text                                    0x08005eb0   Section     1440  usmart_str.o(.text)
    .text                                    0x08006450   Section        2  use_no_semi_2.o(.text)
    .text                                    0x08006454   Section       32  noretval__2printf.o(.text)
    .text                                    0x08006474   Section       76  _printf_pad.o(.text)
    .text                                    0x080064c0   Section       82  _printf_str.o(.text)
    .text                                    0x08006514   Section      112  _printf_dec.o(.text)
    .text                                    0x08006584   Section       92  _printf_hex_int.o(.text)
    .text                                    0x080065e0   Section      416  __printf_flags_ss_wp.o(.text)
    .text                                    0x08006780   Section        6  heapauxi.o(.text)
    .text                                    0x08006786   Section        2  use_no_semi.o(.text)
    .text                                    0x08006788   Section      174  _printf_intcommon.o(.text)
    .text                                    0x08006838   Section       48  _printf_char_common.o(.text)
    _printf_input_char                       0x08006839   Thumb Code    10  _printf_char_common.o(.text)
    .text                                    0x08006868   Section       44  _printf_char.o(.text)
    .text                                    0x08006894   Section       16  rtudiv10.o(.text)
    .text                                    0x080068a4   Section       74  sys_stackheap_outer.o(.text)
    .text                                    0x080068ee   Section       12  exit.o(.text)
    .text                                    0x080068fc   Section        8  libspace.o(.text)
    .constdata                               0x08006904   Section     2660  lcd.o(.constdata)
    .constdata                               0x08007368   Section       40  _printf_hex_int.o(.constdata)
    uc_hextab                                0x08007368   Data          20  _printf_hex_int.o(.constdata)
    lc_hextab                                0x0800737c   Data          20  _printf_hex_int.o(.constdata)
    .constdata                               0x08007390   Section       17  __printf_flags_ss_wp.o(.constdata)
    maptable                                 0x08007390   Data          17  __printf_flags_ss_wp.o(.constdata)
    .conststring                             0x080073a1   Section       23  usmart.o(.conststring)
    .conststring                             0x080073b8   Section      259  usmart_config.o(.conststring)
    .data                                    0x20000000   Section       20  system_stm32f10x.o(.data)
    .data                                    0x20000014   Section        1  key.o(.data)
    key_up                                   0x20000014   Data           1  key.o(.data)
    .data                                    0x20000016   Section        4  lcd.o(.data)
    .data                                    0x2000001a   Section        4  delay.o(.data)
    fac_us                                   0x2000001a   Data           1  delay.o(.data)
    fac_ms                                   0x2000001c   Data           2  delay.o(.data)
    .data                                    0x20000020   Section        8  usart.o(.data)
    .data                                    0x20000028   Section       20  stm32f10x_rcc.o(.data)
    APBAHBPrescTable                         0x20000028   Data          16  stm32f10x_rcc.o(.data)
    ADCPrescTable                            0x20000038   Data           4  stm32f10x_rcc.o(.data)
    .data                                    0x2000003c   Section       24  usmart.o(.data)
    .data                                    0x20000054   Section      308  usmart_config.o(.data)
    .bss                                     0x20000188   Section       10  lcd.o(.bss)
    .bss                                     0x20000192   Section      200  usart.o(.bss)
    .bss                                     0x2000025c   Section       96  libspace.o(.bss)
    HEAP                                     0x200002c0   Section      512  startup_stm32f10x_hd.o(HEAP)
    Heap_Mem                                 0x200002c0   Data         512  startup_stm32f10x_hd.o(HEAP)
    STACK                                    0x200004c0   Section     1024  startup_stm32f10x_hd.o(STACK)
    Stack_Mem                                0x200004c0   Data        1024  startup_stm32f10x_hd.o(STACK)
    __initial_sp                             0x200008c0   Data           0  startup_stm32f10x_hd.o(STACK)

    Global Symbols

    Symbol Name                              Value     Ov Type        Size  Object(Section)

    BuildAttributes$$THM_ISAv4$P$D$K$B$S$PE$A:L22UL41UL21$X:L11$S22US41US21$IEEE1$IW$USESV6$~STKCKD$USESV7$~SHL$OSPACE$ROPI$EBA8$UX$STANDARDLIB$REQ8$PRES8$EABIv2 0x00000000   Number         0  anon$$obj.o ABSOLUTE
    __ARM_use_no_argv                        0x00000000   Number         0  main.o ABSOLUTE
    _printf_flags                            0x00000000   Number         0  printf_stubs.o ABSOLUTE
    _printf_return_value                     0x00000000   Number         0  printf_stubs.o ABSOLUTE
    _printf_sizespec                         0x00000000   Number         0  printf_stubs.o ABSOLUTE
    _printf_widthprec                        0x00000000   Number         0  printf_stubs.o ABSOLUTE
    __ARM_exceptions_init                     - Undefined Weak Reference
    __alloca_initialize                       - Undefined Weak Reference
    __cpp_initialize__aeabi_                  - Undefined Weak Reference
    __cxa_finalize                            - Undefined Weak Reference
    __rt_locale                               - Undefined Weak Reference
    __sigvec_lookup                           - Undefined Weak Reference
    _atexit_init                              - Undefined Weak Reference
    _call_atexit_fns                          - Undefined Weak Reference
    _clock_init                               - Undefined Weak Reference
    _fp_trap_init                             - Undefined Weak Reference
    _fp_trap_shutdown                         - Undefined Weak Reference
    _get_lc_collate                           - Undefined Weak Reference
    _get_lc_ctype                             - Undefined Weak Reference
    _get_lc_monetary                          - Undefined Weak Reference
    _get_lc_numeric                           - Undefined Weak Reference
    _get_lc_time                              - Undefined Weak Reference
    _getenv_init                              - Undefined Weak Reference
    _handle_redirection                       - Undefined Weak Reference
    _init_alloc                               - Undefined Weak Reference
    _init_user_alloc                          - Undefined Weak Reference
    _initio                                   - Undefined Weak Reference
    _mutex_acquire                            - Undefined Weak Reference
    _mutex_release                            - Undefined Weak Reference
    _printf_mbtowc                            - Undefined Weak Reference
    _printf_truncate_signed                   - Undefined Weak Reference
    _printf_truncate_unsigned                 - Undefined Weak Reference
    _rand_init                                - Undefined Weak Reference
    _signal_finish                            - Undefined Weak Reference
    _signal_init                              - Undefined Weak Reference
    _terminate_alloc                          - Undefined Weak Reference
    _terminate_user_alloc                     - Undefined Weak Reference
    _terminateio                              - Undefined Weak Reference
    __Vectors_Size                           0x00000130   Number         0  startup_stm32f10x_hd.o ABSOLUTE
    __Vectors                                0x08000000   Data           4  startup_stm32f10x_hd.o(RESET)
    __Vectors_End                            0x08000130   Data           0  startup_stm32f10x_hd.o(RESET)
    __main                                   0x08000131   Thumb Code     8  __main.o(!!!main)
    __scatterload                            0x08000139   Thumb Code     0  __scatter.o(!!!scatter)
    __scatterload_rt2                        0x08000139   Thumb Code    44  __scatter.o(!!!scatter)
    __scatterload_rt2_thumb_only             0x08000139   Thumb Code     0  __scatter.o(!!!scatter)
    __scatterload_null                       0x08000147   Thumb Code     0  __scatter.o(!!!scatter)
    __decompress                             0x0800016d   Thumb Code    90  __dczerorl2.o(!!dczerorl2)
    __decompress1                            0x0800016d   Thumb Code     0  __dczerorl2.o(!!dczerorl2)
    __scatterload_zeroinit                   0x080001c9   Thumb Code    28  __scatter_zi.o(!!handler_zi)
    _printf_d                                0x080001e5   Thumb Code     0  _printf_d.o(.ARM.Collect$$_printf_percent$$00000009)
    _printf_percent                          0x080001e5   Thumb Code     0  _printf_percent.o(.ARM.Collect$$_printf_percent$$00000000)
    _printf_u                                0x080001eb   Thumb Code     0  _printf_u.o(.ARM.Collect$$_printf_percent$$0000000A)
    _printf_x                                0x080001f1   Thumb Code     0  _printf_x.o(.ARM.Collect$$_printf_percent$$0000000C)
    _printf_c                                0x080001f7   Thumb Code     0  _printf_c.o(.ARM.Collect$$_printf_percent$$00000013)
    _printf_s                                0x080001fd   Thumb Code     0  _printf_s.o(.ARM.Collect$$_printf_percent$$00000014)
    _printf_percent_end                      0x08000203   Thumb Code     0  _printf_percent_end.o(.ARM.Collect$$_printf_percent$$00000017)
    __rt_lib_init                            0x08000207   Thumb Code     0  libinit.o(.ARM.Collect$$libinit$$00000000)
    __rt_lib_init_alloca_1                   0x0800020d   Thumb Code     0  libinit2.o(.ARM.Collect$$libinit$$0000002A)
    __rt_lib_init_argv_1                     0x0800020d   Thumb Code     0  libinit2.o(.ARM.Collect$$libinit$$00000028)
    __rt_lib_init_atexit_1                   0x0800020d   Thumb Code     0  libinit2.o(.ARM.Collect$$libinit$$00000017)
    __rt_lib_init_clock_1                    0x0800020d   Thumb Code     0  libinit2.o(.ARM.Collect$$libinit$$0000001D)
    __rt_lib_init_cpp_1                      0x0800020d   Thumb Code     0  libinit2.o(.ARM.Collect$$libinit$$0000002E)
    __rt_lib_init_exceptions_1               0x0800020d   Thumb Code     0  libinit2.o(.ARM.Collect$$libinit$$0000002C)
    __rt_lib_init_fp_trap_1                  0x0800020d   Thumb Code     0  libinit2.o(.ARM.Collect$$libinit$$0000001B)
    __rt_lib_init_getenv_1                   0x0800020d   Thumb Code     0  libinit2.o(.ARM.Collect$$libinit$$0000001F)
    __rt_lib_init_heap_1                     0x0800020d   Thumb Code     0  libinit2.o(.ARM.Collect$$libinit$$00000006)
    __rt_lib_init_lc_collate_1               0x0800020d   Thumb Code     0  libinit2.o(.ARM.Collect$$libinit$$0000000D)
    __rt_lib_init_lc_ctype_1                 0x0800020d   Thumb Code     0  libinit2.o(.ARM.Collect$$libinit$$0000000F)
    __rt_lib_init_lc_monetary_1              0x0800020d   Thumb Code     0  libinit2.o(.ARM.Collect$$libinit$$00000011)
    __rt_lib_init_lc_numeric_1               0x0800020d   Thumb Code     0  libinit2.o(.ARM.Collect$$libinit$$00000013)
    __rt_lib_init_lc_time_1                  0x0800020d   Thumb Code     0  libinit2.o(.ARM.Collect$$libinit$$00000015)
    __rt_lib_init_rand_1                     0x0800020d   Thumb Code     0  libinit2.o(.ARM.Collect$$libinit$$0000000A)
    __rt_lib_init_return                     0x0800020d   Thumb Code     0  libinit2.o(.ARM.Collect$$libinit$$0000002F)
    __rt_lib_init_signal_1                   0x0800020d   Thumb Code     0  libinit2.o(.ARM.Collect$$libinit$$00000019)
    __rt_lib_init_stdio_1                    0x0800020d   Thumb Code     0  libinit2.o(.ARM.Collect$$libinit$$00000021)
    __rt_lib_init_user_alloc_1               0x0800020d   Thumb Code     0  libinit2.o(.ARM.Collect$$libinit$$00000008)
    __rt_lib_shutdown                        0x0800020f   Thumb Code     0  libshutdown.o(.ARM.Collect$$libshutdown$$00000000)
    __rt_lib_shutdown_fp_trap_1              0x08000211   Thumb Code     0  libshutdown2.o(.ARM.Collect$$libshutdown$$00000006)
    __rt_lib_shutdown_heap_1                 0x08000211   Thumb Code     0  libshutdown2.o(.ARM.Collect$$libshutdown$$0000000E)
    __rt_lib_shutdown_return                 0x08000211   Thumb Code     0  libshutdown2.o(.ARM.Collect$$libshutdown$$0000000F)
    __rt_lib_shutdown_signal_1               0x08000211   Thumb Code     0  libshutdown2.o(.ARM.Collect$$libshutdown$$00000009)
    __rt_lib_shutdown_stdio_1                0x08000211   Thumb Code     0  libshutdown2.o(.ARM.Collect$$libshutdown$$00000003)
    __rt_lib_shutdown_user_alloc_1           0x08000211   Thumb Code     0  libshutdown2.o(.ARM.Collect$$libshutdown$$0000000B)
    __rt_entry                               0x08000213   Thumb Code     0  rtentry.o(.ARM.Collect$$rtentry$$00000000)
    __rt_entry_presh_1                       0x08000213   Thumb Code     0  rtentry2.o(.ARM.Collect$$rtentry$$00000002)
    __rt_entry_sh                            0x08000213   Thumb Code     0  rtentry4.o(.ARM.Collect$$rtentry$$00000004)
    __rt_entry_li                            0x08000219   Thumb Code     0  rtentry2.o(.ARM.Collect$$rtentry$$0000000A)
    __rt_entry_postsh_1                      0x08000219   Thumb Code     0  rtentry2.o(.ARM.Collect$$rtentry$$00000009)
    __rt_entry_main                          0x0800021d   Thumb Code     0  rtentry2.o(.ARM.Collect$$rtentry$$0000000D)
    __rt_entry_postli_1                      0x0800021d   Thumb Code     0  rtentry2.o(.ARM.Collect$$rtentry$$0000000C)
    __rt_exit                                0x08000225   Thumb Code     0  rtexit.o(.ARM.Collect$$rtexit$$00000000)
    __rt_exit_ls                             0x08000225   Thumb Code     0  rtexit2.o(.ARM.Collect$$rtexit$$00000003)
    __rt_exit_prels_1                        0x08000225   Thumb Code     0  rtexit2.o(.ARM.Collect$$rtexit$$00000002)
    __rt_exit_exit                           0x08000229   Thumb Code     0  rtexit2.o(.ARM.Collect$$rtexit$$00000004)
    RDA5820_Show_Msg                         0x0800022d   Thumb Code    84  main.o(.text)
    main                                     0x08000281   Thumb Code   390  main.o(.text)
    NMI_Handler                              0x080004dd   Thumb Code     2  stm32f10x_it.o(.text)
    HardFault_Handler                        0x080004df   Thumb Code     4  stm32f10x_it.o(.text)
    MemManage_Handler                        0x080004e3   Thumb Code     4  stm32f10x_it.o(.text)
    BusFault_Handler                         0x080004e7   Thumb Code     4  stm32f10x_it.o(.text)
    UsageFault_Handler                       0x080004eb   Thumb Code     4  stm32f10x_it.o(.text)
    SVC_Handler                              0x080004ef   Thumb Code     2  stm32f10x_it.o(.text)
    DebugMon_Handler                         0x080004f1   Thumb Code     2  stm32f10x_it.o(.text)
    PendSV_Handler                           0x080004f3   Thumb Code     2  stm32f10x_it.o(.text)
    SysTick_Handler                          0x080004f5   Thumb Code     2  stm32f10x_it.o(.text)
    SystemInit                               0x080005c1   Thumb Code    78  system_stm32f10x.o(.text)
    SystemCoreClockUpdate                    0x0800060f   Thumb Code   142  system_stm32f10x.o(.text)
    LED_Init                                 0x080006c1   Thumb Code    68  led.o(.text)
    KEY_Init                                 0x0800070d   Thumb Code    52  key.o(.text)
    KEY_Scan                                 0x08000741   Thumb Code   188  key.o(.text)
    LCD_WR_REG                               0x08000809   Thumb Code     6  lcd.o(.text)
    LCD_WR_DATA                              0x0800080f   Thumb Code     8  lcd.o(.text)
    LCD_RD_DATA                              0x08000817   Thumb Code     8  lcd.o(.text)
    LCD_WriteReg                             0x0800081f   Thumb Code    14  lcd.o(.text)
    LCD_ReadReg                              0x0800082d   Thumb Code    22  lcd.o(.text)
    LCD_WriteRAM_Prepare                     0x08000843   Thumb Code    10  lcd.o(.text)
    LCD_WriteRAM                             0x0800084d   Thumb Code     8  lcd.o(.text)
    LCD_BGR2RGB                              0x08000855   Thumb Code    26  lcd.o(.text)
    opt_delay                                0x0800086f   Thumb Code    14  lcd.o(.text)
    LCD_SetCursor                            0x0800087d   Thumb Code   112  lcd.o(.text)
    LCD_ReadPoint                            0x080008ed   Thumb Code   272  lcd.o(.text)
    LCD_DisplayOn                            0x080009fd   Thumb Code    46  lcd.o(.text)
    LCD_DisplayOff                           0x08000a2b   Thumb Code    44  lcd.o(.text)
    LCD_Scan_Dir                             0x08000a57   Thumb Code   464  lcd.o(.text)
    LCD_DrawPoint                            0x08000c27   Thumb Code    28  lcd.o(.text)
    LCD_Fast_DrawPoint                       0x08000c43   Thumb Code   132  lcd.o(.text)
    LCD_Display_Dir                          0x08000cc7   Thumb Code   238  lcd.o(.text)
    LCD_Clear                                0x08000db5   Thumb Code    42  lcd.o(.text)
    LCD_Init                                 0x08000ddf   Thumb Code  6244  lcd.o(.text)
    LCD_Fill                                 0x08002643   Thumb Code    84  lcd.o(.text)
    LCD_Color_Fill                           0x08002697   Thumb Code   102  lcd.o(.text)
    LCD_DrawLine                             0x080026fd   Thumb Code   200  lcd.o(.text)
    LCD_DrawRectangle                        0x080027c5   Thumb Code    60  lcd.o(.text)
    Draw_Circle                              0x08002801   Thumb Code   184  lcd.o(.text)
    LCD_ShowChar                             0x080028b9   Thumb Code   346  lcd.o(.text)
    LCD_Pow                                  0x08002a13   Thumb Code    22  lcd.o(.text)
    LCD_ShowNum                              0x08002a29   Thumb Code   158  lcd.o(.text)
    LCD_ShowxNum                             0x08002ac7   Thumb Code   200  lcd.o(.text)
    LCD_ShowString                           0x08002b8f   Thumb Code   104  lcd.o(.text)
    IIC_Init                                 0x08002c0d   Thumb Code    50  myiic.o(.text)
    IIC_Start                                0x08002c3f   Thumb Code    76  myiic.o(.text)
    IIC_Stop                                 0x08002c8b   Thumb Code    76  myiic.o(.text)
    IIC_Wait_Ack                             0x08002cd7   Thumb Code    94  myiic.o(.text)
    IIC_Ack                                  0x08002d35   Thumb Code    80  myiic.o(.text)
    IIC_NAck                                 0x08002d85   Thumb Code    80  myiic.o(.text)
    IIC_Send_Byte                            0x08002dd5   Thumb Code   102  myiic.o(.text)
    IIC_Read_Byte                            0x08002e3b   Thumb Code   108  myiic.o(.text)
    Audiosel_Init                            0x08002eb9   Thumb Code    52  audiosel.o(.text)
    Audiosel_Set                             0x08002eed   Thumb Code    20  audiosel.o(.text)
    RDA5820_WR_Reg                           0x08002f11   Thumb Code    56  rda5820.o(.text)
    RDA5820_RD_Reg                           0x08002f49   Thumb Code    68  rda5820.o(.text)
    RDA5820_Init                             0x08002f8d   Thumb Code   142  rda5820.o(.text)
    RDA5820_RX_Mode                          0x0800301b   Thumb Code    26  rda5820.o(.text)
    RDA5820_TX_Mode                          0x08003035   Thumb Code    30  rda5820.o(.text)
    RDA5820_Rssi_Get                         0x08003053   Thumb Code    14  rda5820.o(.text)
    RDA5820_Vol_Set                          0x08003061   Thumb Code    34  rda5820.o(.text)
    RDA5820_Mute_Set                         0x08003083   Thumb Code    34  rda5820.o(.text)
    RDA5820_Rssi_Set                         0x080030a5   Thumb Code    32  rda5820.o(.text)
    RDA5820_TxPAG_Set                        0x080030c5   Thumb Code    30  rda5820.o(.text)
    RDA5820_TxPGA_Set                        0x080030e3   Thumb Code    32  rda5820.o(.text)
    RDA5820_Band_Set                         0x08003103   Thumb Code    32  rda5820.o(.text)
    RDA5820_Space_Set                        0x08003123   Thumb Code    30  rda5820.o(.text)
    RDA5820_Freq_Set                         0x08003141   Thumb Code   148  rda5820.o(.text)
    RDA5820_Freq_Get                         0x080031d5   Thumb Code   100  rda5820.o(.text)
    delay_init                               0x08003239   Thumb Code    42  delay.o(.text)
    delay_us                                 0x08003263   Thumb Code    68  delay.o(.text)
    delay_ms                                 0x080032a7   Thumb Code    70  delay.o(.text)
    NVIC_Configuration                       0x080032f9   Thumb Code    12  sys.o(.text)
    _sys_exit                                0x08003305   Thumb Code     6  usart.o(.text)
    fputc                                    0x0800330b   Thumb Code    22  usart.o(.text)
    uart_init                                0x08003321   Thumb Code   158  usart.o(.text)
    USART1_IRQHandler                        0x080033bf   Thumb Code   124  usart.o(.text)
    Reset_Handler                            0x0800344d   Thumb Code     8  startup_stm32f10x_hd.o(.text)
    ADC1_2_IRQHandler                        0x08003467   Thumb Code     0  startup_stm32f10x_hd.o(.text)
    ADC3_IRQHandler                          0x08003467   Thumb Code     0  startup_stm32f10x_hd.o(.text)
    CAN1_RX1_IRQHandler                      0x08003467   Thumb Code     0  startup_stm32f10x_hd.o(.text)
    CAN1_SCE_IRQHandler                      0x08003467   Thumb Code     0  startup_stm32f10x_hd.o(.text)
    DMA1_Channel1_IRQHandler                 0x08003467   Thumb Code     0  startup_stm32f10x_hd.o(.text)
    DMA1_Channel2_IRQHandler                 0x08003467   Thumb Code     0  startup_stm32f10x_hd.o(.text)
    DMA1_Channel3_IRQHandler                 0x08003467   Thumb Code     0  startup_stm32f10x_hd.o(.text)
    DMA1_Channel4_IRQHandler                 0x08003467   Thumb Code     0  startup_stm32f10x_hd.o(.text)
    DMA1_Channel5_IRQHandler                 0x08003467   Thumb Code     0  startup_stm32f10x_hd.o(.text)
    DMA1_Channel6_IRQHandler                 0x08003467   Thumb Code     0  startup_stm32f10x_hd.o(.text)
    DMA1_Channel7_IRQHandler                 0x08003467   Thumb Code     0  startup_stm32f10x_hd.o(.text)
    DMA2_Channel1_IRQHandler                 0x08003467   Thumb Code     0  startup_stm32f10x_hd.o(.text)
    DMA2_Channel2_IRQHandler                 0x08003467   Thumb Code     0  startup_stm32f10x_hd.o(.text)
    DMA2_Channel3_IRQHandler                 0x08003467   Thumb Code     0  startup_stm32f10x_hd.o(.text)
    DMA2_Channel4_5_IRQHandler               0x08003467   Thumb Code     0  startup_stm32f10x_hd.o(.text)
    EXTI0_IRQHandler                         0x08003467   Thumb Code     0  startup_stm32f10x_hd.o(.text)
    EXTI15_10_IRQHandler                     0x08003467   Thumb Code     0  startup_stm32f10x_hd.o(.text)
    EXTI1_IRQHandler                         0x08003467   Thumb Code     0  startup_stm32f10x_hd.o(.text)
    EXTI2_IRQHandler                         0x08003467   Thumb Code     0  startup_stm32f10x_hd.o(.text)
    EXTI3_IRQHandler                         0x08003467   Thumb Code     0  startup_stm32f10x_hd.o(.text)
    EXTI4_IRQHandler                         0x08003467   Thumb Code     0  startup_stm32f10x_hd.o(.text)
    EXTI9_5_IRQHandler                       0x08003467   Thumb Code     0  startup_stm32f10x_hd.o(.text)
    FLASH_IRQHandler                         0x08003467   Thumb Code     0  startup_stm32f10x_hd.o(.text)
    FSMC_IRQHandler                          0x08003467   Thumb Code     0  startup_stm32f10x_hd.o(.text)
    I2C1_ER_IRQHandler                       0x08003467   Thumb Code     0  startup_stm32f10x_hd.o(.text)
    I2C1_EV_IRQHandler                       0x08003467   Thumb Code     0  startup_stm32f10x_hd.o(.text)
    I2C2_ER_IRQHandler                       0x08003467   Thumb Code     0  startup_stm32f10x_hd.o(.text)
    I2C2_EV_IRQHandler                       0x08003467   Thumb Code     0  startup_stm32f10x_hd.o(.text)
    PVD_IRQHandler                           0x08003467   Thumb Code     0  startup_stm32f10x_hd.o(.text)
    RCC_IRQHandler                           0x08003467   Thumb Code     0  startup_stm32f10x_hd.o(.text)
    RTCAlarm_IRQHandler                      0x08003467   Thumb Code     0  startup_stm32f10x_hd.o(.text)
    RTC_IRQHandler                           0x08003467   Thumb Code     0  startup_stm32f10x_hd.o(.text)
    SDIO_IRQHandler                          0x08003467   Thumb Code     0  startup_stm32f10x_hd.o(.text)
    SPI1_IRQHandler                          0x08003467   Thumb Code     0  startup_stm32f10x_hd.o(.text)
    SPI2_IRQHandler                          0x08003467   Thumb Code     0  startup_stm32f10x_hd.o(.text)
    SPI3_IRQHandler                          0x08003467   Thumb Code     0  startup_stm32f10x_hd.o(.text)
    TAMPER_IRQHandler                        0x08003467   Thumb Code     0  startup_stm32f10x_hd.o(.text)
    TIM1_BRK_IRQHandler                      0x08003467   Thumb Code     0  startup_stm32f10x_hd.o(.text)
    TIM1_CC_IRQHandler                       0x08003467   Thumb Code     0  startup_stm32f10x_hd.o(.text)
    TIM1_TRG_COM_IRQHandler                  0x08003467   Thumb Code     0  startup_stm32f10x_hd.o(.text)
    TIM1_UP_IRQHandler                       0x08003467   Thumb Code     0  startup_stm32f10x_hd.o(.text)
    TIM3_IRQHandler                          0x08003467   Thumb Code     0  startup_stm32f10x_hd.o(.text)
    TIM4_IRQHandler                          0x08003467   Thumb Code     0  startup_stm32f10x_hd.o(.text)
    TIM5_IRQHandler                          0x08003467   Thumb Code     0  startup_stm32f10x_hd.o(.text)
    TIM6_IRQHandler                          0x08003467   Thumb Code     0  startup_stm32f10x_hd.o(.text)
    TIM7_IRQHandler                          0x08003467   Thumb Code     0  startup_stm32f10x_hd.o(.text)
    TIM8_BRK_IRQHandler                      0x08003467   Thumb Code     0  startup_stm32f10x_hd.o(.text)
    TIM8_CC_IRQHandler                       0x08003467   Thumb Code     0  startup_stm32f10x_hd.o(.text)
    TIM8_TRG_COM_IRQHandler                  0x08003467   Thumb Code     0  startup_stm32f10x_hd.o(.text)
    TIM8_UP_IRQHandler                       0x08003467   Thumb Code     0  startup_stm32f10x_hd.o(.text)
    UART4_IRQHandler                         0x08003467   Thumb Code     0  startup_stm32f10x_hd.o(.text)
    UART5_IRQHandler                         0x08003467   Thumb Code     0  startup_stm32f10x_hd.o(.text)
    USART2_IRQHandler                        0x08003467   Thumb Code     0  startup_stm32f10x_hd.o(.text)
    USART3_IRQHandler                        0x08003467   Thumb Code     0  startup_stm32f10x_hd.o(.text)
    USBWakeUp_IRQHandler                     0x08003467   Thumb Code     0  startup_stm32f10x_hd.o(.text)
    USB_HP_CAN1_TX_IRQHandler                0x08003467   Thumb Code     0  startup_stm32f10x_hd.o(.text)
    USB_LP_CAN1_RX0_IRQHandler               0x08003467   Thumb Code     0  startup_stm32f10x_hd.o(.text)
    WWDG_IRQHandler                          0x08003467   Thumb Code     0  startup_stm32f10x_hd.o(.text)
    __user_initial_stackheap                 0x08003469   Thumb Code     0  startup_stm32f10x_hd.o(.text)
    NVIC_PriorityGroupConfig                 0x0800348d   Thumb Code    10  misc.o(.text)
    NVIC_Init                                0x08003497   Thumb Code   102  misc.o(.text)
    NVIC_SetVectorTable                      0x080034fd   Thumb Code    14  misc.o(.text)
    NVIC_SystemLPConfig                      0x0800350b   Thumb Code    38  misc.o(.text)
    SysTick_CLKSourceConfig                  0x08003531   Thumb Code    40  misc.o(.text)
    FSMC_NORSRAMDeInit                       0x0800356d   Thumb Code    56  stm32f10x_fsmc.o(.text)
    FSMC_NANDDeInit                          0x080035a5   Thumb Code    62  stm32f10x_fsmc.o(.text)
    FSMC_PCCARDDeInit                        0x080035e3   Thumb Code    36  stm32f10x_fsmc.o(.text)
    FSMC_NORSRAMInit                         0x08003607   Thumb Code   224  stm32f10x_fsmc.o(.text)
    FSMC_NANDInit                            0x080036e7   Thumb Code   132  stm32f10x_fsmc.o(.text)
    FSMC_PCCARDInit                          0x0800376b   Thumb Code   130  stm32f10x_fsmc.o(.text)
    FSMC_NORSRAMStructInit                   0x080037ed   Thumb Code   114  stm32f10x_fsmc.o(.text)
    FSMC_NANDStructInit                      0x0800385f   Thumb Code    54  stm32f10x_fsmc.o(.text)
    FSMC_PCCARDStructInit                    0x08003895   Thumb Code    60  stm32f10x_fsmc.o(.text)
    FSMC_NORSRAMCmd                          0x080038d1   Thumb Code    46  stm32f10x_fsmc.o(.text)
    FSMC_NANDCmd                             0x080038ff   Thumb Code    86  stm32f10x_fsmc.o(.text)
    FSMC_PCCARDCmd                           0x08003955   Thumb Code    44  stm32f10x_fsmc.o(.text)
    FSMC_NANDECCCmd                          0x08003981   Thumb Code    92  stm32f10x_fsmc.o(.text)
    FSMC_GetECC                              0x080039dd   Thumb Code    24  stm32f10x_fsmc.o(.text)
    FSMC_ITConfig                            0x080039f5   Thumb Code   128  stm32f10x_fsmc.o(.text)
    FSMC_GetFlagStatus                       0x08003a75   Thumb Code    52  stm32f10x_fsmc.o(.text)
    FSMC_ClearFlag                           0x08003aa9   Thumb Code    62  stm32f10x_fsmc.o(.text)
    FSMC_GetITStatus                         0x08003ae7   Thumb Code    64  stm32f10x_fsmc.o(.text)
    FSMC_ClearITPendingBit                   0x08003b27   Thumb Code    68  stm32f10x_fsmc.o(.text)
    GPIO_DeInit                              0x08003b75   Thumb Code   172  stm32f10x_gpio.o(.text)
    GPIO_AFIODeInit                          0x08003c21   Thumb Code    20  stm32f10x_gpio.o(.text)
    GPIO_Init                                0x08003c35   Thumb Code   268  stm32f10x_gpio.o(.text)
    GPIO_StructInit                          0x08003d41   Thumb Code    16  stm32f10x_gpio.o(.text)
    GPIO_ReadInputDataBit                    0x08003d51   Thumb Code    18  stm32f10x_gpio.o(.text)
    GPIO_ReadInputData                       0x08003d63   Thumb Code     8  stm32f10x_gpio.o(.text)
    GPIO_ReadOutputDataBit                   0x08003d6b   Thumb Code    18  stm32f10x_gpio.o(.text)
    GPIO_ReadOutputData                      0x08003d7d   Thumb Code     8  stm32f10x_gpio.o(.text)
    GPIO_SetBits                             0x08003d85   Thumb Code     4  stm32f10x_gpio.o(.text)
    GPIO_ResetBits                           0x08003d89   Thumb Code     4  stm32f10x_gpio.o(.text)
    GPIO_WriteBit                            0x08003d8d   Thumb Code    10  stm32f10x_gpio.o(.text)
    GPIO_Write                               0x08003d97   Thumb Code     4  stm32f10x_gpio.o(.text)
    GPIO_PinLockConfig                       0x08003d9b   Thumb Code    18  stm32f10x_gpio.o(.text)
    GPIO_EventOutputConfig                   0x08003dad   Thumb Code    24  stm32f10x_gpio.o(.text)
    GPIO_EventOutputCmd                      0x08003dc5   Thumb Code     6  stm32f10x_gpio.o(.text)
    GPIO_PinRemapConfig                      0x08003dcb   Thumb Code   136  stm32f10x_gpio.o(.text)
    GPIO_EXTILineConfig                      0x08003e53   Thumb Code    60  stm32f10x_gpio.o(.text)
    GPIO_ETH_MediaInterfaceConfig            0x08003e8f   Thumb Code     8  stm32f10x_gpio.o(.text)
    RCC_DeInit                               0x08003ebd   Thumb Code    64  stm32f10x_rcc.o(.text)
    RCC_HSEConfig                            0x08003efd   Thumb Code    70  stm32f10x_rcc.o(.text)
    RCC_GetFlagStatus                        0x08003f43   Thumb Code    56  stm32f10x_rcc.o(.text)
    RCC_WaitForHSEStartUp                    0x08003f7b   Thumb Code    48  stm32f10x_rcc.o(.text)
    RCC_AdjustHSICalibrationValue            0x08003fab   Thumb Code    18  stm32f10x_rcc.o(.text)
    RCC_HSICmd                               0x08003fbd   Thumb Code     6  stm32f10x_rcc.o(.text)
    RCC_PLLConfig                            0x08003fc3   Thumb Code    22  stm32f10x_rcc.o(.text)
    RCC_PLLCmd                               0x08003fd9   Thumb Code     6  stm32f10x_rcc.o(.text)
    RCC_SYSCLKConfig                         0x08003fdf   Thumb Code    16  stm32f10x_rcc.o(.text)
    RCC_GetSYSCLKSource                      0x08003fef   Thumb Code    10  stm32f10x_rcc.o(.text)
    RCC_HCLKConfig                           0x08003ff9   Thumb Code    16  stm32f10x_rcc.o(.text)
    RCC_PCLK1Config                          0x08004009   Thumb Code    16  stm32f10x_rcc.o(.text)
    RCC_PCLK2Config                          0x08004019   Thumb Code    18  stm32f10x_rcc.o(.text)
    RCC_ITConfig                             0x0800402b   Thumb Code    30  stm32f10x_rcc.o(.text)
    RCC_USBCLKConfig                         0x08004049   Thumb Code     8  stm32f10x_rcc.o(.text)
    RCC_ADCCLKConfig                         0x08004051   Thumb Code    16  stm32f10x_rcc.o(.text)
    RCC_LSEConfig                            0x08004061   Thumb Code    50  stm32f10x_rcc.o(.text)
    RCC_LSICmd                               0x08004093   Thumb Code     6  stm32f10x_rcc.o(.text)
    RCC_RTCCLKConfig                         0x08004099   Thumb Code    12  stm32f10x_rcc.o(.text)
    RCC_RTCCLKCmd                            0x080040a5   Thumb Code     8  stm32f10x_rcc.o(.text)
    RCC_GetClocksFreq                        0x080040ad   Thumb Code   194  stm32f10x_rcc.o(.text)
    RCC_AHBPeriphClockCmd                    0x0800416f   Thumb Code    26  stm32f10x_rcc.o(.text)
    RCC_APB2PeriphClockCmd                   0x08004189   Thumb Code    26  stm32f10x_rcc.o(.text)
    RCC_APB1PeriphClockCmd                   0x080041a3   Thumb Code    26  stm32f10x_rcc.o(.text)
    RCC_APB2PeriphResetCmd                   0x080041bd   Thumb Code    26  stm32f10x_rcc.o(.text)
    RCC_APB1PeriphResetCmd                   0x080041d7   Thumb Code    26  stm32f10x_rcc.o(.text)
    RCC_BackupResetCmd                       0x080041f1   Thumb Code     8  stm32f10x_rcc.o(.text)
    RCC_ClockSecuritySystemCmd               0x080041f9   Thumb Code     6  stm32f10x_rcc.o(.text)
    RCC_MCOConfig                            0x080041ff   Thumb Code     6  stm32f10x_rcc.o(.text)
    RCC_ClearFlag                            0x08004205   Thumb Code    14  stm32f10x_rcc.o(.text)
    RCC_GetITStatus                          0x08004213   Thumb Code    20  stm32f10x_rcc.o(.text)
    RCC_ClearITPendingBit                    0x08004227   Thumb Code     6  stm32f10x_rcc.o(.text)
    USART_DeInit                             0x0800424d   Thumb Code   134  stm32f10x_usart.o(.text)
    USART_Init                               0x080042d3   Thumb Code   210  stm32f10x_usart.o(.text)
    USART_StructInit                         0x080043a5   Thumb Code    24  stm32f10x_usart.o(.text)
    USART_ClockInit                          0x080043bd   Thumb Code    32  stm32f10x_usart.o(.text)
    USART_ClockStructInit                    0x080043dd   Thumb Code    12  stm32f10x_usart.o(.text)
    USART_Cmd                                0x080043e9   Thumb Code    24  stm32f10x_usart.o(.text)
    USART_ITConfig                           0x08004401   Thumb Code    72  stm32f10x_usart.o(.text)
    USART_DMACmd                             0x08004449   Thumb Code    24  stm32f10x_usart.o(.text)
    USART_SetAddress                         0x08004461   Thumb Code    18  stm32f10x_usart.o(.text)
    USART_WakeUpConfig                       0x08004473   Thumb Code    18  stm32f10x_usart.o(.text)
    USART_ReceiverWakeUpCmd                  0x08004485   Thumb Code    24  stm32f10x_usart.o(.text)
    USART_LINBreakDetectLengthConfig         0x0800449d   Thumb Code    18  stm32f10x_usart.o(.text)
    USART_LINCmd                             0x080044af   Thumb Code    24  stm32f10x_usart.o(.text)
    USART_SendData                           0x080044c7   Thumb Code     8  stm32f10x_usart.o(.text)
    USART_ReceiveData                        0x080044cf   Thumb Code    10  stm32f10x_usart.o(.text)
    USART_SendBreak                          0x080044d9   Thumb Code    10  stm32f10x_usart.o(.text)
    USART_SetGuardTime                       0x080044e3   Thumb Code    16  stm32f10x_usart.o(.text)
    USART_SetPrescaler                       0x080044f3   Thumb Code    16  stm32f10x_usart.o(.text)
    USART_SmartCardCmd                       0x08004503   Thumb Code    24  stm32f10x_usart.o(.text)
    USART_SmartCardNACKCmd                   0x0800451b   Thumb Code    24  stm32f10x_usart.o(.text)
    USART_HalfDuplexCmd                      0x08004533   Thumb Code    24  stm32f10x_usart.o(.text)
    USART_OverSampling8Cmd                   0x0800454b   Thumb Code    22  stm32f10x_usart.o(.text)
    USART_OneBitMethodCmd                    0x08004561   Thumb Code    24  stm32f10x_usart.o(.text)
    USART_IrDAConfig                         0x08004579   Thumb Code    18  stm32f10x_usart.o(.text)
    USART_IrDACmd                            0x0800458b   Thumb Code    24  stm32f10x_usart.o(.text)
    USART_GetFlagStatus                      0x080045a3   Thumb Code    26  stm32f10x_usart.o(.text)
    USART_ClearFlag                          0x080045bd   Thumb Code    18  stm32f10x_usart.o(.text)
    USART_GetITStatus                        0x080045cf   Thumb Code    84  stm32f10x_usart.o(.text)
    USART_ClearITPendingBit                  0x08004623   Thumb Code    50  stm32f10x_usart.o(.text)
    TIM_DeInit                               0x08004655   Thumb Code   424  stm32f10x_tim.o(.text)
    TIM_TimeBaseInit                         0x080047fd   Thumb Code   122  stm32f10x_tim.o(.text)
    TIM_OC1Init                              0x08004877   Thumb Code   132  stm32f10x_tim.o(.text)
    TIM_OC2Init                              0x080048fb   Thumb Code   146  stm32f10x_tim.o(.text)
    TIM_OC3Init                              0x0800498d   Thumb Code   142  stm32f10x_tim.o(.text)
    TIM_OC4Init                              0x08004a1b   Thumb Code   172  stm32f10x_tim.o(.text)
    TIM_SetIC4Prescaler                      0x08004ac7   Thumb Code    22  stm32f10x_tim.o(.text)
    TIM_SetIC3Prescaler                      0x08004b4f   Thumb Code    18  stm32f10x_tim.o(.text)
    TIM_SetIC2Prescaler                      0x08004bcf   Thumb Code    22  stm32f10x_tim.o(.text)
    TIM_SetIC1Prescaler                      0x08004c57   Thumb Code    18  stm32f10x_tim.o(.text)
    TIM_ICInit                               0x08004ccf   Thumb Code   150  stm32f10x_tim.o(.text)
    TIM_PWMIConfig                           0x08004d65   Thumb Code   124  stm32f10x_tim.o(.text)
    TIM_BDTRConfig                           0x08004de1   Thumb Code    32  stm32f10x_tim.o(.text)
    TIM_TimeBaseStructInit                   0x08004e01   Thumb Code    18  stm32f10x_tim.o(.text)
    TIM_OCStructInit                         0x08004e13   Thumb Code    20  stm32f10x_tim.o(.text)
    TIM_ICStructInit                         0x08004e27   Thumb Code    18  stm32f10x_tim.o(.text)
    TIM_BDTRStructInit                       0x08004e39   Thumb Code    18  stm32f10x_tim.o(.text)
    TIM_Cmd                                  0x08004e4b   Thumb Code    24  stm32f10x_tim.o(.text)
    TIM_CtrlPWMOutputs                       0x08004e63   Thumb Code    50  stm32f10x_tim.o(.text)
    TIM_ITConfig                             0x08004e95   Thumb Code    24  stm32f10x_tim.o(.text)
    TIM_GenerateEvent                        0x08004ead   Thumb Code     4  stm32f10x_tim.o(.text)
    TIM_DMAConfig                            0x08004eb1   Thumb Code    10  stm32f10x_tim.o(.text)
    TIM_DMACmd                               0x08004ebb   Thumb Code    24  stm32f10x_tim.o(.text)
    TIM_InternalClockConfig                  0x08004ed3   Thumb Code    12  stm32f10x_tim.o(.text)
    TIM_SelectInputTrigger                   0x08004edf   Thumb Code    16  stm32f10x_tim.o(.text)
    TIM_ITRxExternalClockConfig              0x08004eef   Thumb Code    24  stm32f10x_tim.o(.text)
    TIM_TIxExternalClockConfig               0x08004f07   Thumb Code    62  stm32f10x_tim.o(.text)
    TIM_ETRConfig                            0x08004f45   Thumb Code    22  stm32f10x_tim.o(.text)
    TIM_ETRClockMode1Config                  0x08004f5b   Thumb Code    54  stm32f10x_tim.o(.text)
    TIM_ETRClockMode2Config                  0x08004f91   Thumb Code    32  stm32f10x_tim.o(.text)
    TIM_PrescalerConfig                      0x08004fb1   Thumb Code     6  stm32f10x_tim.o(.text)
    TIM_CounterModeConfig                    0x08004fb7   Thumb Code    16  stm32f10x_tim.o(.text)
    TIM_EncoderInterfaceConfig               0x08004fc7   Thumb Code    56  stm32f10x_tim.o(.text)
    TIM_ForcedOC1Config                      0x08004fff   Thumb Code    16  stm32f10x_tim.o(.text)
    TIM_ForcedOC2Config                      0x0800500f   Thumb Code    20  stm32f10x_tim.o(.text)
    TIM_ForcedOC3Config                      0x08005023   Thumb Code    16  stm32f10x_tim.o(.text)
    TIM_ForcedOC4Config                      0x08005033   Thumb Code    20  stm32f10x_tim.o(.text)
    TIM_ARRPreloadConfig                     0x08005047   Thumb Code    24  stm32f10x_tim.o(.text)
    TIM_SelectCOM                            0x0800505f   Thumb Code    24  stm32f10x_tim.o(.text)
    TIM_SelectCCDMA                          0x08005077   Thumb Code    24  stm32f10x_tim.o(.text)
    TIM_CCPreloadControl                     0x0800508f   Thumb Code    24  stm32f10x_tim.o(.text)
    TIM_OC1PreloadConfig                     0x080050a7   Thumb Code    16  stm32f10x_tim.o(.text)
    TIM_OC2PreloadConfig                     0x080050b7   Thumb Code    20  stm32f10x_tim.o(.text)
    TIM_OC3PreloadConfig                     0x080050cb   Thumb Code    16  stm32f10x_tim.o(.text)
    TIM_OC4PreloadConfig                     0x080050db   Thumb Code    20  stm32f10x_tim.o(.text)
    TIM_OC1FastConfig                        0x080050ef   Thumb Code    16  stm32f10x_tim.o(.text)
    TIM_OC2FastConfig                        0x080050ff   Thumb Code    20  stm32f10x_tim.o(.text)
    TIM_OC3FastConfig                        0x08005113   Thumb Code    16  stm32f10x_tim.o(.text)
    TIM_OC4FastConfig                        0x08005123   Thumb Code    20  stm32f10x_tim.o(.text)
    TIM_ClearOC1Ref                          0x08005137   Thumb Code    16  stm32f10x_tim.o(.text)
    TIM_ClearOC2Ref                          0x08005147   Thumb Code    18  stm32f10x_tim.o(.text)
    TIM_ClearOC3Ref                          0x08005159   Thumb Code    16  stm32f10x_tim.o(.text)
    TIM_ClearOC4Ref                          0x08005169   Thumb Code    18  stm32f10x_tim.o(.text)
    TIM_OC1PolarityConfig                    0x0800517b   Thumb Code    16  stm32f10x_tim.o(.text)
    TIM_OC1NPolarityConfig                   0x0800518b   Thumb Code    16  stm32f10x_tim.o(.text)
    TIM_OC2PolarityConfig                    0x0800519b   Thumb Code    20  stm32f10x_tim.o(.text)
    TIM_OC2NPolarityConfig                   0x080051af   Thumb Code    20  stm32f10x_tim.o(.text)
    TIM_OC3PolarityConfig                    0x080051c3   Thumb Code    20  stm32f10x_tim.o(.text)
    TIM_OC3NPolarityConfig                   0x080051d7   Thumb Code    20  stm32f10x_tim.o(.text)
    TIM_OC4PolarityConfig                    0x080051eb   Thumb Code    20  stm32f10x_tim.o(.text)
    TIM_CCxCmd                               0x080051ff   Thumb Code    34  stm32f10x_tim.o(.text)
    TIM_CCxNCmd                              0x08005221   Thumb Code    34  stm32f10x_tim.o(.text)
    TIM_SelectOCxM                           0x08005243   Thumb Code    82  stm32f10x_tim.o(.text)
    TIM_UpdateDisableConfig                  0x08005295   Thumb Code    24  stm32f10x_tim.o(.text)
    TIM_UpdateRequestConfig                  0x080052ad   Thumb Code    24  stm32f10x_tim.o(.text)
    TIM_SelectHallSensor                     0x080052c5   Thumb Code    24  stm32f10x_tim.o(.text)
    TIM_SelectOnePulseMode                   0x080052dd   Thumb Code    18  stm32f10x_tim.o(.text)
    TIM_SelectOutputTrigger                  0x080052ef   Thumb Code    18  stm32f10x_tim.o(.text)
    TIM_SelectSlaveMode                      0x08005301   Thumb Code    18  stm32f10x_tim.o(.text)
    TIM_SelectMasterSlaveMode                0x08005313   Thumb Code    18  stm32f10x_tim.o(.text)
    TIM_SetCounter                           0x08005325   Thumb Code     4  stm32f10x_tim.o(.text)
    TIM_SetAutoreload                        0x08005329   Thumb Code     4  stm32f10x_tim.o(.text)
    TIM_SetCompare1                          0x0800532d   Thumb Code     4  stm32f10x_tim.o(.text)
    TIM_SetCompare2                          0x08005331   Thumb Code     4  stm32f10x_tim.o(.text)
    TIM_SetCompare3                          0x08005335   Thumb Code     4  stm32f10x_tim.o(.text)
    TIM_SetCompare4                          0x08005339   Thumb Code     6  stm32f10x_tim.o(.text)
    TIM_SetClockDivision                     0x0800533f   Thumb Code    18  stm32f10x_tim.o(.text)
    TIM_GetCapture1                          0x08005351   Thumb Code     6  stm32f10x_tim.o(.text)
    TIM_GetCapture2                          0x08005357   Thumb Code     6  stm32f10x_tim.o(.text)
    TIM_GetCapture3                          0x0800535d   Thumb Code     6  stm32f10x_tim.o(.text)
    TIM_GetCapture4                          0x08005363   Thumb Code     8  stm32f10x_tim.o(.text)
    TIM_GetCounter                           0x0800536b   Thumb Code     6  stm32f10x_tim.o(.text)
    TIM_GetPrescaler                         0x08005371   Thumb Code     6  stm32f10x_tim.o(.text)
    TIM_GetFlagStatus                        0x08005377   Thumb Code    18  stm32f10x_tim.o(.text)
    TIM_ClearFlag                            0x08005389   Thumb Code     6  stm32f10x_tim.o(.text)
    TIM_GetITStatus                          0x0800538f   Thumb Code    34  stm32f10x_tim.o(.text)
    TIM_ClearITPendingBit                    0x080053b1   Thumb Code     6  stm32f10x_tim.o(.text)
    usmart_sys_cmd_exe                       0x080053b9   Thumb Code  1588  usmart.o(.text)
    TIM2_IRQHandler                          0x080059ed   Thumb Code    28  usmart.o(.text)
    Timer2_Init                              0x08005a09   Thumb Code    98  usmart.o(.text)
    usmart_init                              0x08005a6b   Thumb Code    36  usmart.o(.text)
    usmart_cmd_rec                           0x08005a8f   Thumb Code   170  usmart.o(.text)
    usmart_exe                               0x08005b39   Thumb Code   668  usmart.o(.text)
    usmart_scan                              0x08005dd5   Thumb Code   122  usmart.o(.text)
    read_addr                                0x08005e4f   Thumb Code     6  usmart.o(.text)
    write_addr                               0x08005e55   Thumb Code     4  usmart.o(.text)
    usmart_strcmp                            0x08005eb1   Thumb Code    34  usmart_str.o(.text)
    usmart_strcopy                           0x08005ed3   Thumb Code    22  usmart_str.o(.text)
    usmart_strlen                            0x08005ee9   Thumb Code    24  usmart_str.o(.text)
    usmart_pow                               0x08005f01   Thumb Code    22  usmart_str.o(.text)
    usmart_str2num                           0x08005f17   Thumb Code   236  usmart_str.o(.text)
    usmart_get_cmdname                       0x08006003   Thumb Code    52  usmart_str.o(.text)
    usmart_search_nextc                      0x08006037   Thumb Code    20  usmart_str.o(.text)
    usmart_get_fname                         0x0800604b   Thumb Code   522  usmart_str.o(.text)
    usmart_get_aparm                         0x08006255   Thumb Code   186  usmart_str.o(.text)
    usmart_get_parmpos                       0x0800630f   Thumb Code    26  usmart_str.o(.text)
    usmart_get_fparam                        0x08006329   Thumb Code   282  usmart_str.o(.text)
    __use_no_semihosting                     0x08006451   Thumb Code     2  use_no_semi_2.o(.text)
    __2printf                                0x08006455   Thumb Code    24  noretval__2printf.o(.text)
    _printf_pre_padding                      0x08006475   Thumb Code    42  _printf_pad.o(.text)
    _printf_post_padding                     0x0800649f   Thumb Code    34  _printf_pad.o(.text)
    _printf_str                              0x080064c1   Thumb Code    82  _printf_str.o(.text)
    _printf_int_dec                          0x08006515   Thumb Code    96  _printf_dec.o(.text)
    _printf_int_hex                          0x08006585   Thumb Code    86  _printf_hex_int.o(.text)
    _printf_longlong_hex                     0x08006585   Thumb Code     0  _printf_hex_int.o(.text)
    __printf                                 0x080065e1   Thumb Code   410  __printf_flags_ss_wp.o(.text)
    __use_two_region_memory                  0x08006781   Thumb Code     2  heapauxi.o(.text)
    __rt_heap_escrow$2region                 0x08006783   Thumb Code     2  heapauxi.o(.text)
    __rt_heap_expand$2region                 0x08006785   Thumb Code     2  heapauxi.o(.text)
    __I$use$semihosting                      0x08006787   Thumb Code     0  use_no_semi.o(.text)
    __use_no_semihosting_swi                 0x08006787   Thumb Code     2  use_no_semi.o(.text)
    _printf_int_common                       0x08006789   Thumb Code   174  _printf_intcommon.o(.text)
    _printf_char_common                      0x08006843   Thumb Code    34  _printf_char_common.o(.text)
    _printf_cs_common                        0x08006869   Thumb Code    20  _printf_char.o(.text)
    _printf_char                             0x0800687d   Thumb Code    16  _printf_char.o(.text)
    _printf_string                           0x0800688d   Thumb Code     8  _printf_char.o(.text)
    __rt_udiv10                              0x08006895   Thumb Code    16  rtudiv10.o(.text)
    __user_setup_stackheap                   0x080068a5   Thumb Code    74  sys_stackheap_outer.o(.text)
    exit                                     0x080068ef   Thumb Code    12  exit.o(.text)
    __user_libspace                          0x080068fd   Thumb Code     8  libspace.o(.text)
    __user_perproc_libspace                  0x080068fd   Thumb Code     0  libspace.o(.text)
    __user_perthread_libspace                0x080068fd   Thumb Code     0  libspace.o(.text)
    asc2_1206                                0x08006904   Data        1140  lcd.o(.constdata)
    asc2_1608                                0x08006d78   Data        1520  lcd.o(.constdata)
    Region$$Table$$Base                      0x080074bc   Number         0  anon$$obj.o(Region$$Table)
    Region$$Table$$Limit                     0x080074dc   Number         0  anon$$obj.o(Region$$Table)
    SystemCoreClock                          0x20000000   Data           4  system_stm32f10x.o(.data)
    AHBPrescTable                            0x20000004   Data          16  system_stm32f10x.o(.data)
    POINT_COLOR                              0x20000016   Data           2  lcd.o(.data)
    BACK_COLOR                               0x20000018   Data           2  lcd.o(.data)
    USART_RX_STA                             0x20000020   Data           2  usart.o(.data)
    __stdout                                 0x20000024   Data           4  usart.o(.data)
    sys_cmd_tab                              0x2000003c   Data          24  usmart.o(.data)
    usmart_nametab                           0x20000054   Data          72  usmart_config.o(.data)
    usmart_dev                               0x2000009c   Data         236  usmart_config.o(.data)
    lcddev                                   0x20000188   Data          10  lcd.o(.bss)
    USART_RX_BUF                             0x20000192   Data         200  usart.o(.bss)
    __libspace_start                         0x2000025c   Data          96  libspace.o(.bss)
    __temporary_stack_top$libspace           0x200002bc   Data           0  libspace.o(.bss)



==============================================================================

Memory Map of the image

  Image Entry point : 0x08000131

  Load Region LR_IROM1 (Base: 0x08000000, Size: 0x00007664, Max: 0x00080000, ABSOLUTE, COMPRESSED[0x0000755c])

    Execution Region ER_IROM1 (Base: 0x08000000, Size: 0x000074dc, Max: 0x00080000, ABSOLUTE)

    Base Addr    Size         Type   Attr      Idx    E Section Name        Object

    0x08000000   0x00000130   Data   RO          289    RESET               startup_stm32f10x_hd.o
    0x08000130   0x00000008   Code   RO          479  * !!!main             __main.o(c_w.l)
    0x08000138   0x00000034   Code   RO          651    !!!scatter          __scatter.o(c_w.l)
    0x0800016c   0x0000005a   Code   RO          649    !!dczerorl2         __dczerorl2.o(c_w.l)
    0x080001c6   0x00000002   PAD
    0x080001c8   0x0000001c   Code   RO          653    !!handler_zi        __scatter_zi.o(c_w.l)
    0x080001e4   0x00000000   Code   RO          476    .ARM.Collect$$_printf_percent$$00000000  _printf_percent.o(c_w.l)
    0x080001e4   0x00000006   Code   RO          474    .ARM.Collect$$_printf_percent$$00000009  _printf_d.o(c_w.l)
    0x080001ea   0x00000006   Code   RO          475    .ARM.Collect$$_printf_percent$$0000000A  _printf_u.o(c_w.l)
    0x080001f0   0x00000006   Code   RO          473    .ARM.Collect$$_printf_percent$$0000000C  _printf_x.o(c_w.l)
    0x080001f6   0x00000006   Code   RO          471    .ARM.Collect$$_printf_percent$$00000013  _printf_c.o(c_w.l)
    0x080001fc   0x00000006   Code   RO          472    .ARM.Collect$$_printf_percent$$00000014  _printf_s.o(c_w.l)
    0x08000202   0x00000004   Code   RO          491    .ARM.Collect$$_printf_percent$$00000017  _printf_percent_end.o(c_w.l)
    0x08000206   0x00000006   Code   RO          528    .ARM.Collect$$libinit$$00000000  libinit.o(c_w.l)
    0x0800020c   0x00000000   Code   RO          536    .ARM.Collect$$libinit$$00000006  libinit2.o(c_w.l)
    0x0800020c   0x00000000   Code   RO          538    .ARM.Collect$$libinit$$00000008  libinit2.o(c_w.l)
    0x0800020c   0x00000000   Code   RO          540    .ARM.Collect$$libinit$$0000000A  libinit2.o(c_w.l)
    0x0800020c   0x00000000   Code   RO          543    .ARM.Collect$$libinit$$0000000D  libinit2.o(c_w.l)
    0x0800020c   0x00000000   Code   RO          545    .ARM.Collect$$libinit$$0000000F  libinit2.o(c_w.l)
    0x0800020c   0x00000000   Code   RO          547    .ARM.Collect$$libinit$$00000011  libinit2.o(c_w.l)
    0x0800020c   0x00000000   Code   RO          549    .ARM.Collect$$libinit$$00000013  libinit2.o(c_w.l)
    0x0800020c   0x00000000   Code   RO          551    .ARM.Collect$$libinit$$00000015  libinit2.o(c_w.l)
    0x0800020c   0x00000000   Code   RO          553    .ARM.Collect$$libinit$$00000017  libinit2.o(c_w.l)
    0x0800020c   0x00000000   Code   RO          555    .ARM.Collect$$libinit$$00000019  libinit2.o(c_w.l)
    0x0800020c   0x00000000   Code   RO          557    .ARM.Collect$$libinit$$0000001B  libinit2.o(c_w.l)
    0x0800020c   0x00000000   Code   RO          559    .ARM.Collect$$libinit$$0000001D  libinit2.o(c_w.l)
    0x0800020c   0x00000000   Code   RO          561    .ARM.Collect$$libinit$$0000001F  libinit2.o(c_w.l)
    0x0800020c   0x00000000   Code   RO          563    .ARM.Collect$$libinit$$00000021  libinit2.o(c_w.l)
    0x0800020c   0x00000000   Code   RO          567    .ARM.Collect$$libinit$$00000028  libinit2.o(c_w.l)
    0x0800020c   0x00000000   Code   RO          569    .ARM.Collect$$libinit$$0000002A  libinit2.o(c_w.l)
    0x0800020c   0x00000000   Code   RO          571    .ARM.Collect$$libinit$$0000002C  libinit2.o(c_w.l)
    0x0800020c   0x00000000   Code   RO          573    .ARM.Collect$$libinit$$0000002E  libinit2.o(c_w.l)
    0x0800020c   0x00000002   Code   RO          574    .ARM.Collect$$libinit$$0000002F  libinit2.o(c_w.l)
    0x0800020e   0x00000002   Code   RO          593    .ARM.Collect$$libshutdown$$00000000  libshutdown.o(c_w.l)
    0x08000210   0x00000000   Code   RO          604    .ARM.Collect$$libshutdown$$00000003  libshutdown2.o(c_w.l)
    0x08000210   0x00000000   Code   RO          607    .ARM.Collect$$libshutdown$$00000006  libshutdown2.o(c_w.l)
    0x08000210   0x00000000   Code   RO          610    .ARM.Collect$$libshutdown$$00000009  libshutdown2.o(c_w.l)
    0x08000210   0x00000000   Code   RO          612    .ARM.Collect$$libshutdown$$0000000B  libshutdown2.o(c_w.l)
    0x08000210   0x00000000   Code   RO          615    .ARM.Collect$$libshutdown$$0000000E  libshutdown2.o(c_w.l)
    0x08000210   0x00000002   Code   RO          616    .ARM.Collect$$libshutdown$$0000000F  libshutdown2.o(c_w.l)
    0x08000212   0x00000000   Code   RO          483    .ARM.Collect$$rtentry$$00000000  rtentry.o(c_w.l)
    0x08000212   0x00000000   Code   RO          499    .ARM.Collect$$rtentry$$00000002  rtentry2.o(c_w.l)
    0x08000212   0x00000006   Code   RO          514    .ARM.Collect$$rtentry$$00000004  rtentry4.o(c_w.l)
    0x08000218   0x00000000   Code   RO          501    .ARM.Collect$$rtentry$$00000009  rtentry2.o(c_w.l)
    0x08000218   0x00000004   Code   RO          502    .ARM.Collect$$rtentry$$0000000A  rtentry2.o(c_w.l)
    0x0800021c   0x00000000   Code   RO          504    .ARM.Collect$$rtentry$$0000000C  rtentry2.o(c_w.l)
    0x0800021c   0x00000008   Code   RO          505    .ARM.Collect$$rtentry$$0000000D  rtentry2.o(c_w.l)
    0x08000224   0x00000000   Code   RO          532    .ARM.Collect$$rtexit$$00000000  rtexit.o(c_w.l)
    0x08000224   0x00000000   Code   RO          578    .ARM.Collect$$rtexit$$00000002  rtexit2.o(c_w.l)
    0x08000224   0x00000004   Code   RO          579    .ARM.Collect$$rtexit$$00000003  rtexit2.o(c_w.l)
    0x08000228   0x00000004   Code   RO          580    .ARM.Collect$$rtexit$$00000004  rtexit2.o(c_w.l)
    0x0800022c   0x000002b0   Code   RO            1    .text               main.o
    0x080004dc   0x0000001a   Code   RO           93    .text               stm32f10x_it.o
    0x080004f6   0x00000002   PAD
    0x080004f8   0x000001c8   Code   RO          125    .text               system_stm32f10x.o
    0x080006c0   0x0000004c   Code   RO          143    .text               led.o
    0x0800070c   0x000000fc   Code   RO          155    .text               key.o
    0x08000808   0x00002404   Code   RO          168    .text               lcd.o
    0x08002c0c   0x000002ac   Code   RO          191    .text               myiic.o
    0x08002eb8   0x00000058   Code   RO          203    .text               audiosel.o
    0x08002f10   0x00000328   Code   RO          215    .text               rda5820.o
    0x08003238   0x000000c0   Code   RO          227    .text               delay.o
    0x080032f8   0x0000000c   Code   RO          241    .text               sys.o
    0x08003304   0x00000148   Code   RO          253    .text               usart.o
    0x0800344c   0x00000040   Code   RO          290    .text               startup_stm32f10x_hd.o
    0x0800348c   0x000000e0   Code   RO          294    .text               misc.o
    0x0800356c   0x00000608   Code   RO          306    .text               stm32f10x_fsmc.o
    0x08003b74   0x00000348   Code   RO          318    .text               stm32f10x_gpio.o
    0x08003ebc   0x00000390   Code   RO          330    .text               stm32f10x_rcc.o
    0x0800424c   0x00000408   Code   RO          344    .text               stm32f10x_usart.o
    0x08004654   0x00000d62   Code   RO          356    .text               stm32f10x_tim.o
    0x080053b6   0x00000002   PAD
    0x080053b8   0x00000af8   Code   RO          368    .text               usmart.o
    0x08005eb0   0x000005a0   Code   RO          404    .text               usmart_str.o
    0x08006450   0x00000002   Code   RO          418    .text               use_no_semi_2.o(c_w.l)
    0x08006452   0x00000002   PAD
    0x08006454   0x00000020   Code   RO          422    .text               noretval__2printf.o(c_w.l)
    0x08006474   0x0000004c   Code   RO          426    .text               _printf_pad.o(c_w.l)
    0x080064c0   0x00000052   Code   RO          428    .text               _printf_str.o(c_w.l)
    0x08006512   0x00000002   PAD
    0x08006514   0x00000070   Code   RO          430    .text               _printf_dec.o(c_w.l)
    0x08006584   0x0000005c   Code   RO          435    .text               _printf_hex_int.o(c_w.l)
    0x080065e0   0x000001a0   Code   RO          468    .text               __printf_flags_ss_wp.o(c_w.l)
    0x08006780   0x00000006   Code   RO          477    .text               heapauxi.o(c_w.l)
    0x08006786   0x00000002   Code   RO          481    .text               use_no_semi.o(c_w.l)
    0x08006788   0x000000ae   Code   RO          485    .text               _printf_intcommon.o(c_w.l)
    0x08006836   0x00000002   PAD
    0x08006838   0x00000030   Code   RO          487    .text               _printf_char_common.o(c_w.l)
    0x08006868   0x0000002c   Code   RO          489    .text               _printf_char.o(c_w.l)
    0x08006894   0x00000010   Code   RO          496    .text               rtudiv10.o(c_w.l)
    0x080068a4   0x0000004a   Code   RO          518    .text               sys_stackheap_outer.o(c_w.l)
    0x080068ee   0x0000000c   Code   RO          520    .text               exit.o(c_w.l)
    0x080068fa   0x00000002   PAD
    0x080068fc   0x00000008   Code   RO          529    .text               libspace.o(c_w.l)
    0x08006904   0x00000a64   Data   RO          170    .constdata          lcd.o
    0x08007368   0x00000028   Data   RO          436    .constdata          _printf_hex_int.o(c_w.l)
    0x08007390   0x00000011   Data   RO          469    .constdata          __printf_flags_ss_wp.o(c_w.l)
    0x080073a1   0x00000017   Data   RO          369    .conststring        usmart.o
    0x080073b8   0x00000103   Data   RO          388    .conststring        usmart_config.o
    0x080074bb   0x00000001   PAD
    0x080074bc   0x00000020   Data   RO          647    Region$$Table       anon$$obj.o


    Execution Region RW_IRAM1 (Base: 0x20000000, Size: 0x000008c0, Max: 0x00010000, ABSOLUTE, COMPRESSED[0x00000080])

    Base Addr    Size         Type   Attr      Idx    E Section Name        Object

    0x20000000   0x00000014   Data   RW          126    .data               system_stm32f10x.o
    0x20000014   0x00000001   Data   RW          156    .data               key.o
    0x20000015   0x00000001   PAD
    0x20000016   0x00000004   Data   RW          171    .data               lcd.o
    0x2000001a   0x00000004   Data   RW          228    .data               delay.o
    0x2000001e   0x00000002   PAD
    0x20000020   0x00000008   Data   RW          255    .data               usart.o
    0x20000028   0x00000014   Data   RW          331    .data               stm32f10x_rcc.o
    0x2000003c   0x00000018   Data   RW          370    .data               usmart.o
    0x20000054   0x00000134   Data   RW          389    .data               usmart_config.o
    0x20000188   0x0000000a   Zero   RW          169    .bss                lcd.o
    0x20000192   0x000000c8   Zero   RW          254    .bss                usart.o
    0x2000025a   0x00000002   PAD
    0x2000025c   0x00000060   Zero   RW          530    .bss                libspace.o(c_w.l)
    0x200002bc   0x00000004   PAD
    0x200002c0   0x00000200   Zero   RW          288    HEAP                startup_stm32f10x_hd.o
    0x200004c0   0x00000400   Zero   RW          287    STACK               startup_stm32f10x_hd.o


==============================================================================

Image component sizes


      Code (inc. data)   RO Data    RW Data    ZI Data      Debug   Object Name

        88         16          0          0          0        677   audiosel.o
         0          0          0          0          0         20   core_cm3.o
       192         12          0          4          0        959   delay.o
       252         12          0          1          0        812   key.o
      9220        130       2660          4         10      16268   lcd.o
        76          8          0          0          0        467   led.o
       688        214          0          0          0     261180   main.o
       224         20          0          0          0       1741   misc.o
       684         18          0          0          0       1812   myiic.o
       808          0          0          0          0       3661   rda5820.o
        64         26        304          0       1536        476   startup_stm32f10x_hd.o
      1544         20          0          0          0       5307   stm32f10x_fsmc.o
       840         38          0          0          0       5625   stm32f10x_gpio.o
        26          0          0          0          0       1154   stm32f10x_it.o
       912         32          0         20          0       8728   stm32f10x_rcc.o
      3426         84          0          0          0      22332   stm32f10x_tim.o
      1032         20          0          0          0       8380   stm32f10x_usart.o
        12          0          0          0          0        425   sys.o
       456         36          0         20          0       1659   system_stm32f10x.o
       328         18          0          8        200       3062   usart.o
      2808       1158         23         24          0       3910   usmart.o
         0          0        259        308          0       1512   usmart_config.o
      1440         14          0          0          0       5021   usmart_str.o

    ----------------------------------------------------------------------
     25124       1876       3279        392       1748     355188   Object Totals
         0          0         32          0          0          0   (incl. Generated)
         4          0          1          3          2          0   (incl. Padding)

    ----------------------------------------------------------------------

      Code (inc. data)   RO Data    RW Data    ZI Data      Debug   Library Member Name

        90          0          0          0          0          0   __dczerorl2.o
         8          0          0          0          0         68   __main.o
       416          6         17          0          0         88   __printf_flags_ss_wp.o
        52          8          0          0          0          0   __scatter.o
        28          0          0          0          0          0   __scatter_zi.o
         6          0          0          0          0          0   _printf_c.o
        44          0          0          0          0        108   _printf_char.o
        48          4          0          0          0         96   _printf_char_common.o
         6          0          0          0          0          0   _printf_d.o
       112         16          0          0          0         92   _printf_dec.o
        92          6         40          0          0         84   _printf_hex_int.o
       174          0          0          0          0         88   _printf_intcommon.o
        76          0          0          0          0        104   _printf_pad.o
         0          0          0          0          0          0   _printf_percent.o
         4          0          0          0          0          0   _printf_percent_end.o
         6          0          0          0          0          0   _printf_s.o
        82          0          0          0          0         80   _printf_str.o
         6          0          0          0          0          0   _printf_u.o
         6          0          0          0          0          0   _printf_x.o
        12          0          0          0          0         68   exit.o
         6          0          0          0          0        148   heapauxi.o
         6          0          0          0          0          0   libinit.o
         2          0          0          0          0          0   libinit2.o
         2          0          0          0          0          0   libshutdown.o
         2          0          0          0          0          0   libshutdown2.o
         8          4          0          0         96         68   libspace.o
        32          8          0          0          0         80   noretval__2printf.o
         0          0          0          0          0          0   rtentry.o
        12          0          0          0          0          0   rtentry2.o
         6          0          0          0          0          0   rtentry4.o
         0          0          0          0          0          0   rtexit.o
         8          0          0          0          0          0   rtexit2.o
        16          0          0          0          0         68   rtudiv10.o
        74          0          0          0          0         80   sys_stackheap_outer.o
         2          0          0          0          0         68   use_no_semi.o
         2          0          0          0          0         68   use_no_semi_2.o

    ----------------------------------------------------------------------
      1456         52         57          0        100       1456   Library Totals
        10          0          0          0          4          0   (incl. Padding)

    ----------------------------------------------------------------------

      Code (inc. data)   RO Data    RW Data    ZI Data      Debug   Library Name

      1446         52         57          0         96       1456   c_w.l

    ----------------------------------------------------------------------
      1456         52         57          0        100       1456   Library Totals

    ----------------------------------------------------------------------

==============================================================================


      Code (inc. data)   RO Data    RW Data    ZI Data      Debug   

     26580       1928       3336        392       1848     354044   Grand Totals
     26580       1928       3336        128       1848     354044   ELF Image Totals (compressed)
     26580       1928       3336        128          0          0   ROM Totals

==============================================================================

    Total RO  Size (Code + RO Data)                29916 (  29.21kB)
    Total RW  Size (RW Data + ZI Data)              2240 (   2.19kB)
    Total ROM Size (Code + RO Data + RW Data)      30044 (  29.34kB)

==============================================================================

