ARM Linker, RVCT4.0 [Build 524] for uVision [Professional]

==============================================================================

Section Cross References

    main.o(.text) refers to timer.o(.text) for XOR
    main.o(.text) refers to stm32f10x_usart.o(.text) for USART_SendData
    main.o(.text) refers to rt_memclr_w.o(.text) for __aeabi_memclr4
    main.o(.text) refers to delay.o(.text) for delay_init
    main.o(.text) refers to sys.o(.text) for NVIC_Configuration
    main.o(.text) refers to usart.o(.text) for uart_init
    main.o(.text) refers to led.o(.text) for LED_Init
    main.o(.text) refers to rda5820.o(.text) for RDA5820_Init
    main.o(.text) refers to stmflash.o(.text) for STMFLASH_Read
    main.o(.text) refers to usart.o(.bss) for USART_RX_BUF
    main.o(.text) refers to main.o(.data) for index_frame_send
    main.o(.text) refers to main.o(.bss) for frame_send_buf
    main.o(.text) refers to usart.o(.data) for USART2_RX_STA
    main.o(.text) refers to gray.o(.text) for gray_encode
    main.o(.text) refers to stm32f10x_tim.o(.text) for TIM_Cmd
    system_stm32f10x.o(.text) refers to system_stm32f10x.o(.data) for SystemCoreClock
    led.o(.text) refers to stm32f10x_rcc.o(.text) for RCC_APB2PeriphClockCmd
    led.o(.text) refers to stm32f10x_gpio.o(.text) for GPIO_Init
    key.o(.text) refers to stm32f10x_rcc.o(.text) for RCC_APB2PeriphClockCmd
    key.o(.text) refers to stm32f10x_gpio.o(.text) for GPIO_Init
    key.o(.text) refers to delay.o(.text) for delay_ms
    key.o(.text) refers to key.o(.data) for .data
    lcd.o(.text) refers to delay.o(.text) for delay_us
    lcd.o(.text) refers to lcd.o(.bss) for lcddev
    lcd.o(.text) refers to stm32f10x_rcc.o(.text) for RCC_AHBPeriphClockCmd
    lcd.o(.text) refers to stm32f10x_gpio.o(.text) for GPIO_Init
    lcd.o(.text) refers to stm32f10x_fsmc.o(.text) for FSMC_NORSRAMInit
    lcd.o(.text) refers to lcd.o(.data) for POINT_COLOR
    lcd.o(.text) refers to lcd.o(.constdata) for asc2_1206
    myiic.o(.text) refers to stm32f10x_rcc.o(.text) for RCC_APB2PeriphClockCmd
    myiic.o(.text) refers to stm32f10x_gpio.o(.text) for GPIO_Init
    myiic.o(.text) refers to delay.o(.text) for delay_us
    audiosel.o(.text) refers to stm32f10x_rcc.o(.text) for RCC_APB2PeriphClockCmd
    audiosel.o(.text) refers to stm32f10x_gpio.o(.text) for GPIO_Init
    rda5820.o(.text) refers to myiic.o(.text) for IIC_Start
    rda5820.o(.text) refers to delay.o(.text) for delay_ms
    timer.o(.text) refers to stm32f10x_rcc.o(.text) for RCC_APB1PeriphClockCmd
    timer.o(.text) refers to stm32f10x_tim.o(.text) for TIM_TimeBaseInit
    timer.o(.text) refers to misc.o(.text) for NVIC_Init
    timer.o(.text) refers to delay.o(.text) for delay_ms
    timer.o(.text) refers to rda5820.o(.text) for RDA5820_RX_Mode
    timer.o(.text) refers to stm32f10x_usart.o(.text) for USART_ITConfig
    timer.o(.text) refers to main.o(.data) for flag_is_wakeup_frame
    timer.o(.text) refers to timer.o(.data) for t
    timer.o(.text) refers to usart.o(.data) for USART_RX_STA
    timer.o(.text) refers to timer.o(.bss) for frame_send_buf_chip
    timer.o(.text) refers to stm32f10x_gpio.o(.text) for GPIO_Init
    gray.o(.text) refers to rt_memclr_w.o(.text) for __aeabi_memclr4
    stmflash.o(.text) refers to stm32f10x_flash.o(.text) for FLASH_ProgramHalfWord
    stmflash.o(.text) refers to stmflash.o(.bss) for STMFLASH_BUF
    delay.o(.text) refers to misc.o(.text) for SysTick_CLKSourceConfig
    delay.o(.text) refers to system_stm32f10x.o(.data) for SystemCoreClock
    delay.o(.text) refers to delay.o(.data) for .data
    sys.o(.text) refers to misc.o(.text) for NVIC_PriorityGroupConfig
    usart.o(.text) refers (Special) to use_no_semi_2.o(.text) for __use_no_semihosting
    usart.o(.text) refers to stm32f10x_rcc.o(.text) for RCC_APB2PeriphClockCmd
    usart.o(.text) refers to stm32f10x_usart.o(.text) for USART_DeInit
    usart.o(.text) refers to stm32f10x_gpio.o(.text) for GPIO_Init
    usart.o(.text) refers to misc.o(.text) for NVIC_Init
    usart.o(.text) refers to usart.o(.data) for flag_frame_sync
    usart.o(.text) refers to main.o(.data) for usart1_works
    usart.o(.text) refers to usart.o(.bss) for USART_RX_BUF
    usart.o(.bss) refers (Special) to use_no_semi_2.o(.text) for __use_no_semihosting
    usart.o(.data) refers (Special) to use_no_semi_2.o(.text) for __use_no_semihosting
    startup_stm32f10x_hd.o(STACK) refers (Special) to heapauxi.o(.text) for __use_two_region_memory
    startup_stm32f10x_hd.o(HEAP) refers (Special) to heapauxi.o(.text) for __use_two_region_memory
    startup_stm32f10x_hd.o(RESET) refers (Special) to heapauxi.o(.text) for __use_two_region_memory
    startup_stm32f10x_hd.o(RESET) refers to startup_stm32f10x_hd.o(STACK) for __initial_sp
    startup_stm32f10x_hd.o(RESET) refers to startup_stm32f10x_hd.o(.text) for Reset_Handler
    startup_stm32f10x_hd.o(RESET) refers to stm32f10x_it.o(.text) for NMI_Handler
[...]
    defsig_stak_inner.o(.text) refers to defsig_general.o(.text) for __default_signal_display
    defsig_pvfn_inner.o(.text) refers to defsig_general.o(.text) for __default_signal_display
    defsig_cppl_inner.o(.text) refers to defsig_general.o(.text) for __default_signal_display
    defsig_segv_inner.o(.text) refers to defsig_general.o(.text) for __default_signal_display
    defsig_other.o(.text) refers to defsig_general.o(.text) for __default_signal_display


==============================================================================

Removing Unused input sections from the image.

    Removing key.o(.text), (252 bytes).
    Removing key.o(.data), (1 bytes).
    Removing lcd.o(.text), (9192 bytes).
    Removing lcd.o(.bss), (10 bytes).
    Removing lcd.o(.constdata), (2660 bytes).
    Removing lcd.o(.data), (4 bytes).
    Removing audiosel.o(.text), (88 bytes).
    Removing core_cm3.o(.emb_text), (32 bytes).
    Removing stm32f10x_fsmc.o(.text), (1544 bytes).

9 unused section(s) (total 13783 bytes) removed from the image.

==============================================================================

Image Symbol Table

    Local Symbols

    Symbol Name                              Value     Ov Type        Size  Object(Section)

    ../../angel/boardlib.s                   0x00000000   Number         0  boardinit3.o ABSOLUTE
    ../../angel/boardlib.s                   0x00000000   Number         0  boardinit2.o ABSOLUTE
    ../../angel/boardlib.s                   0x00000000   Number         0  boardshut.o ABSOLUTE
    ../../angel/boardlib.s                   0x00000000   Number         0  boardinit1.o ABSOLUTE
    ../../angel/dczerorl2.s                  0x00000000   Number         0  __dczerorl2.o ABSOLUTE
    ../../angel/handlers.s                   0x00000000   Number         0  __scatter_zi.o ABSOLUTE
    ../../angel/kernel.s                     0x00000000   Number         0  rtentry.o ABSOLUTE
    ../../angel/kernel.s                     0x00000000   Number         0  rtexit2.o ABSOLUTE
    ../../angel/kernel.s                     0x00000000   Number         0  rtentry2.o ABSOLUTE
    ../../angel/kernel.s                     0x00000000   Number         0  rtentry4.o ABSOLUTE
    ../../angel/kernel.s                     0x00000000   Number         0  rtexit.o ABSOLUTE
    ../../angel/rt.s                         0x00000000   Number         0  rt_raise.o ABSOLUTE
    ../../angel/scatter.s                    0x00000000   Number         0  __scatter.o ABSOLUTE
    ../../angel/startup.s                    0x00000000   Number         0  __main.o ABSOLUTE
    ../../angel/sys.s                        0x00000000   Number         0  use_no_semi.o ABSOLUTE
    ../../angel/sys.s                        0x00000000   Number         0  libspace.o ABSOLUTE
    ../../angel/sys.s                        0x00000000   Number         0  use_no_semi_2.o ABSOLUTE
    ../../angel/sys.s                        0x00000000   Number         0  sys_stackheap_outer.o ABSOLUTE
    ../../angel/sysapp.c                     0x00000000   Number         0  sys_command.o ABSOLUTE
    ../../angel/sysapp.c                     0x00000000   Number         0  sys_wrch.o ABSOLUTE
    ../../armsys.c                           0x00000000   Number         0  argv_veneer.o ABSOLUTE
    ../../armsys.c                           0x00000000   Number         0  argv_veneer.o ABSOLUTE
    ../../armsys.c                           0x00000000   Number         0  no_argv.o ABSOLUTE
    ../../armsys.c                           0x00000000   Number         0  _get_argv_nomalloc.o ABSOLUTE
    ../../division_7m.s                      0x00000000   Number         0  rtudiv10.o ABSOLUTE
    ../../fpinit.s                           0x00000000   Number         0  fpinit.o ABSOLUTE
    ../../heapalloc.c                        0x00000000   Number         0  hrguard.o ABSOLUTE
    ../../heapaux.c                          0x00000000   Number         0  heapauxi.o ABSOLUTE
    ../../libinit.s                          0x00000000   Number         0  libinit2.o ABSOLUTE
    ../../libinit.s                          0x00000000   Number         0  libinit.o ABSOLUTE
    ../../libinit.s                          0x00000000   Number         0  libshutdown2.o ABSOLUTE
    ../../libinit.s                          0x00000000   Number         0  libshutdown.o ABSOLUTE
    ../../memcpset.s                         0x00000000   Number         0  rt_memclr_w.o ABSOLUTE
    ../../misc.s                             0x00000000   Number         0  printf_stubs.o ABSOLUTE
    ../../printf.c                           0x00000000   Number         0  _printf_hex_ll_ptr.o ABSOLUTE
    ../../printf.c                           0x00000000   Number         0  __printf_nopercent.o ABSOLUTE
    ../../printf.c                           0x00000000   Number         0  _printf_char.o ABSOLUTE
    ../../printf.c                           0x00000000   Number         0  __2printf.o ABSOLUTE
    ../../printf.c                           0x00000000   Number         0  noretval__2printf.o ABSOLUTE
    ../../printf.c                           0x00000000   Number         0  _printf_char_common.o ABSOLUTE
    ../../printf.c                           0x00000000   Number         0  __printf.o ABSOLUTE
    ../../printf.c                           0x00000000   Number         0  _printf_pad.o ABSOLUTE
    ../../printf.c                           0x00000000   Number         0  _printf_intcommon.o ABSOLUTE
    ../../printf.c                           0x00000000   Number         0  _printf_str.o ABSOLUTE
    ../../printf.c                           0x00000000   Number         0  _printf_dec.o ABSOLUTE
    ../../printf.c                           0x00000000   Number         0  _printf_hex_ll.o ABSOLUTE
    ../../printf.c                           0x00000000   Number         0  _printf_hex_int.o ABSOLUTE
    ../../printf.c                           0x00000000   Number         0  _printf_hex_int_ll.o ABSOLUTE
    ../../printf.c                           0x00000000   Number         0  _printf_hex_ptr.o ABSOLUTE
    ../../printf.c                           0x00000000   Number         0  _printf_hex_int_ptr.o ABSOLUTE
    ../../printf.c                           0x00000000   Number         0  _printf_hex_int_ll_ptr.o ABSOLUTE
    ../../printf.c                           0x00000000   Number         0  __printf_flags.o ABSOLUTE
    ../../printf.c                           0x00000000   Number         0  __printf_ss.o ABSOLUTE
    ../../printf.c                           0x00000000   Number         0  __printf_flags_ss.o ABSOLUTE
    ../../printf.c                           0x00000000   Number         0  __printf_wp.o ABSOLUTE
    ../../printf.c                           0x00000000   Number         0  __printf_flags_wp.o ABSOLUTE
    ../../printf.c                           0x00000000   Number         0  __printf_ss_wp.o ABSOLUTE
    ../../printf.c                           0x00000000   Number         0  __printf_flags_ss_wp.o ABSOLUTE
    ../../printf_percent.s                   0x00000000   Number         0  _printf_d.o ABSOLUTE
    ../../printf_percent.s                   0x00000000   Number         0  _printf_x.o ABSOLUTE
    ../../printf_percent.s                   0x00000000   Number         0  _printf_percent_end.o ABSOLUTE
    ../../printf_percent.s                   0x00000000   Number         0  _printf_s.o ABSOLUTE
    ../../printf_percent.s                   0x00000000   Number         0  _printf_u.o ABSOLUTE
    ../../printf_percent.s                   0x00000000   Number         0  _printf_c.o ABSOLUTE
    ../../printf_percent.s                   0x00000000   Number         0  _printf_percent.o ABSOLUTE
    ../../signal.c                           0x00000000   Number         0  defsig_stak_inner.o ABSOLUTE
    ../../signal.c                           0x00000000   Number         0  defsig_rtred_inner.o ABSOLUTE
    ../../signal.c                           0x00000000   Number         0  defsig_fpe_inner.o ABSOLUTE
    ../../signal.c                           0x00000000   Number         0  __raise.o ABSOLUTE
    ../../signal.c                           0x00000000   Number         0  defsig_other.o ABSOLUTE
    ../../signal.c                           0x00000000   Number         0  defsig_pvfn_inner.o ABSOLUTE
    ../../signal.c                           0x00000000   Number         0  defsig_segv_inner.o ABSOLUTE
    ../../signal.c                           0x00000000   Number         0  defsig_abrt_inner.o ABSOLUTE
    ../../signal.c                           0x00000000   Number         0  defsig_rtmem_outer.o ABSOLUTE
    ../../signal.c                           0x00000000   Number         0  defsig_cppl_inner.o ABSOLUTE
    ../../signal.c                           0x00000000   Number         0  defsig_exit.o ABSOLUTE
    ../../signal.c                           0x00000000   Number         0  defsig_general.o ABSOLUTE
    ../../signal.c                           0x00000000   Number         0  defsig_rtmem_formal.o ABSOLUTE
    ../../signal.c                           0x00000000   Number         0  defsig_rtmem_inner.o ABSOLUTE
    ../../signal.s                           0x00000000   Number         0  defsig.o ABSOLUTE
    ../../stdio.c                            0x00000000   Number         0  ferror.o ABSOLUTE
    ../../stdio.c                            0x00000000   Number         0  ferror_locked.o ABSOLUTE
    ../../stdlib.c                           0x00000000   Number         0  exit.o ABSOLUTE
    ..\CORE\core_cm3.c                       0x00000000   Number         0  core_cm3.o ABSOLUTE
    ..\CORE\startup_stm32f10x_hd.s           0x00000000   Number         0  startup_stm32f10x_hd.o ABSOLUTE
    ..\HARDWARE\AUDIOSEL\audiosel.c          0x00000000   Number         0  audiosel.o ABSOLUTE
    ..\HARDWARE\IIC\myiic.c                  0x00000000   Number         0  myiic.o ABSOLUTE
    ..\HARDWARE\KEY\key.c                    0x00000000   Number         0  key.o ABSOLUTE
    ..\HARDWARE\LCD\lcd.c                    0x00000000   Number         0  lcd.o ABSOLUTE
    ..\HARDWARE\LED\led.c                    0x00000000   Number         0  led.o ABSOLUTE
    ..\HARDWARE\RDA5820\rda5820.c            0x00000000   Number         0  rda5820.o ABSOLUTE
    ..\HARDWARE\STMFLASH\stmflash.c          0x00000000   Number         0  stmflash.o ABSOLUTE
    ..\HARDWARE\TIMER\timer.c                0x00000000   Number         0  timer.o ABSOLUTE
    ..\HARDWARE\gray\gray.c                  0x00000000   Number         0  gray.o ABSOLUTE
    ..\STM32F10x_FWLib\src\misc.c            0x00000000   Number         0  misc.o ABSOLUTE
    ..\STM32F10x_FWLib\src\stm32f10x_flash.c 0x00000000   Number         0  stm32f10x_flash.o ABSOLUTE
    ..\STM32F10x_FWLib\src\stm32f10x_fsmc.c  0x00000000   Number         0  stm32f10x_fsmc.o ABSOLUTE
    ..\STM32F10x_FWLib\src\stm32f10x_gpio.c  0x00000000   Number         0  stm32f10x_gpio.o ABSOLUTE
    ..\STM32F10x_FWLib\src\stm32f10x_rcc.c   0x00000000   Number         0  stm32f10x_rcc.o ABSOLUTE
    ..\STM32F10x_FWLib\src\stm32f10x_tim.c   0x00000000   Number         0  stm32f10x_tim.o ABSOLUTE
    ..\STM32F10x_FWLib\src\stm32f10x_usart.c 0x00000000   Number         0  stm32f10x_usart.o ABSOLUTE
    ..\SYSTEM\delay\delay.c                  0x00000000   Number         0  delay.o ABSOLUTE
    ..\SYSTEM\sys\sys.c                      0x00000000   Number         0  sys.o ABSOLUTE
    ..\SYSTEM\usart\usart.c                  0x00000000   Number         0  usart.o ABSOLUTE
    ..\USMART\usmart.c                       0x00000000   Number         0  usmart.o ABSOLUTE
    ..\USMART\usmart_config.c                0x00000000   Number         0  usmart_config.o ABSOLUTE
    ..\USMART\usmart_str.c                   0x00000000   Number         0  usmart_str.o ABSOLUTE
    ..\\CORE\\core_cm3.c                     0x00000000   Number         0  core_cm3.o ABSOLUTE
    dc.s                                     0x00000000   Number         0  dc.o ABSOLUTE
    main.c                                   0x00000000   Number         0  main.o ABSOLUTE
    stm32f10x_it.c                           0x00000000   Number         0  stm32f10x_it.o ABSOLUTE
    system_stm32f10x.c                       0x00000000   Number         0  system_stm32f10x.o ABSOLUTE
    RESET                                    0x08000000   Section      304  startup_stm32f10x_hd.o(RESET)
    !!!main                                  0x08000130   Section        8  __main.o(!!!main)
    !!!scatter                               0x08000138   Section       52  __scatter.o(!!!scatter)
    !!dczerorl2                              0x0800016c   Section       90  __dczerorl2.o(!!dczerorl2)
    !!handler_zi                             0x080001c8   Section       28  __scatter_zi.o(!!handler_zi)
    .ARM.Collect$$_printf_percent$$00000000  0x080001e4   Section        0  _printf_percent.o(.ARM.Collect$$_printf_percent$$00000000)
    .ARM.Collect$$_printf_percent$$00000009  0x080001e4   Section        6  _printf_d.o(.ARM.Collect$$_printf_percent$$00000009)
    .ARM.Collect$$_printf_percent$$0000000A  0x080001ea   Section        6  _printf_u.o(.ARM.Collect$$_printf_percent$$0000000A)
    .ARM.Collect$$_printf_percent$$0000000C  0x080001f0   Section        6  _printf_x.o(.ARM.Collect$$_printf_percent$$0000000C)
    .ARM.Collect$$_printf_percent$$00000013  0x080001f6   Section        6  _printf_c.o(.ARM.Collect$$_printf_percent$$00000013)
    .ARM.Collect$$_printf_percent$$00000014  0x080001fc   Section        6  _printf_s.o(.ARM.Collect$$_printf_percent$$00000014)
    .ARM.Collect$$_printf_percent$$00000017  0x08000202   Section        4  _printf_percent_end.o(.ARM.Collect$$_printf_percent$$00000017)
    .ARM.Collect$$libinit$$00000000          0x08000206   Section        6  libinit.o(.ARM.Collect$$libinit$$00000000)
    .ARM.Collect$$libinit$$00000006          0x0800020c   Section        0  libinit2.o(.ARM.Collect$$libinit$$00000006)
    .ARM.Collect$$libinit$$00000008          0x0800020c   Section        0  libinit2.o(.ARM.Collect$$libinit$$00000008)
    .ARM.Collect$$libinit$$0000000A          0x0800020c   Section        0  libinit2.o(.ARM.Collect$$libinit$$0000000A)
    .ARM.Collect$$libinit$$0000000D          0x0800020c   Section        0  libinit2.o(.ARM.Collect$$libinit$$0000000D)
    .ARM.Collect$$libinit$$0000000F          0x0800020c   Section        0  libinit2.o(.ARM.Collect$$libinit$$0000000F)
    .ARM.Collect$$libinit$$00000011          0x0800020c   Section        0  libinit2.o(.ARM.Collect$$libinit$$00000011)
    .ARM.Collect$$libinit$$00000013          0x0800020c   Section        0  libinit2.o(.ARM.Collect$$libinit$$00000013)
    .ARM.Collect$$libinit$$00000015          0x0800020c   Section        0  libinit2.o(.ARM.Collect$$libinit$$00000015)
    .ARM.Collect$$libinit$$00000017          0x0800020c   Section        0  libinit2.o(.ARM.Collect$$libinit$$00000017)
    .ARM.Collect$$libinit$$00000019          0x0800020c   Section        0  libinit2.o(.ARM.Collect$$libinit$$00000019)
    .ARM.Collect$$libinit$$0000001B          0x0800020c   Section        0  libinit2.o(.ARM.Collect$$libinit$$0000001B)
    .ARM.Collect$$libinit$$0000001D          0x0800020c   Section        0  libinit2.o(.ARM.Collect$$libinit$$0000001D)
    .ARM.Collect$$libinit$$0000001F          0x0800020c   Section        0  libinit2.o(.ARM.Collect$$libinit$$0000001F)
    .ARM.Collect$$libinit$$00000021          0x0800020c   Section        0  libinit2.o(.ARM.Collect$$libinit$$00000021)
    .ARM.Collect$$libinit$$00000028          0x0800020c   Section        0  libinit2.o(.ARM.Collect$$libinit$$00000028)
    .ARM.Collect$$libinit$$0000002A          0x0800020c   Section        0  libinit2.o(.ARM.Collect$$libinit$$0000002A)
    .ARM.Collect$$libinit$$0000002C          0x0800020c   Section        0  libinit2.o(.ARM.Collect$$libinit$$0000002C)
    .ARM.Collect$$libinit$$0000002E          0x0800020c   Section        0  libinit2.o(.ARM.Collect$$libinit$$0000002E)
    .ARM.Collect$$libinit$$0000002F          0x0800020c   Section        2  libinit2.o(.ARM.Collect$$libinit$$0000002F)
    .ARM.Collect$$libshutdown$$00000000      0x0800020e   Section        2  libshutdown.o(.ARM.Collect$$libshutdown$$00000000)
    .ARM.Collect$$libshutdown$$00000003      0x08000210   Section        0  libshutdown2.o(.ARM.Collect$$libshutdown$$00000003)
    .ARM.Collect$$libshutdown$$00000006      0x08000210   Section        0  libshutdown2.o(.ARM.Collect$$libshutdown$$00000006)
    .ARM.Collect$$libshutdown$$00000009      0x08000210   Section        0  libshutdown2.o(.ARM.Collect$$libshutdown$$00000009)
    .ARM.Collect$$libshutdown$$0000000B      0x08000210   Section        0  libshutdown2.o(.ARM.Collect$$libshutdown$$0000000B)
    .ARM.Collect$$libshutdown$$0000000E      0x08000210   Section        0  libshutdown2.o(.ARM.Collect$$libshutdown$$0000000E)
    .ARM.Collect$$libshutdown$$0000000F      0x08000210   Section        2  libshutdown2.o(.ARM.Collect$$libshutdown$$0000000F)
    .ARM.Collect$$rtentry$$00000000          0x08000212   Section        0  rtentry.o(.ARM.Collect$$rtentry$$00000000)
    .ARM.Collect$$rtentry$$00000002          0x08000212   Section        0  rtentry2.o(.ARM.Collect$$rtentry$$00000002)
    .ARM.Collect$$rtentry$$00000004          0x08000212   Section        6  rtentry4.o(.ARM.Collect$$rtentry$$00000004)
    .ARM.Collect$$rtentry$$00000009          0x08000218   Section        0  rtentry2.o(.ARM.Collect$$rtentry$$00000009)
    .ARM.Collect$$rtentry$$0000000A          0x08000218   Section        4  rtentry2.o(.ARM.Collect$$rtentry$$0000000A)
    .ARM.Collect$$rtentry$$0000000C          0x0800021c   Section        0  rtentry2.o(.ARM.Collect$$rtentry$$0000000C)
    .ARM.Collect$$rtentry$$0000000D          0x0800021c   Section        8  rtentry2.o(.ARM.Collect$$rtentry$$0000000D)
    .ARM.Collect$$rtexit$$00000000           0x08000224   Section        0  rtexit.o(.ARM.Collect$$rtexit$$00000000)
    .ARM.Collect$$rtexit$$00000002           0x08000224   Section        0  rtexit2.o(.ARM.Collect$$rtexit$$00000002)
    .ARM.Collect$$rtexit$$00000003           0x08000224   Section        4  rtexit2.o(.ARM.Collect$$rtexit$$00000003)
    .ARM.Collect$$rtexit$$00000004           0x08000228   Section        4  rtexit2.o(.ARM.Collect$$rtexit$$00000004)
    .text                                    0x0800022c   Section     4104  main.o(.text)
    .text                                    0x08001234   Section       26  stm32f10x_it.o(.text)
    .text                                    0x08001250   Section      456  system_stm32f10x.o(.text)
    SetSysClockTo72                          0x08001251   Thumb Code   192  system_stm32f10x.o(.text)
    SetSysClock                              0x08001311   Thumb Code     8  system_stm32f10x.o(.text)
    .text                                    0x08001418   Section       84  led.o(.text)
    .text                                    0x0800146c   Section      656  myiic.o(.text)
    .text                                    0x080016fc   Section      808  rda5820.o(.text)
    .text                                    0x08001a24   Section     1788  timer.o(.text)
    .text                                    0x08002120   Section     1588  gray.o(.text)
    .text                                    0x08002754   Section      336  stmflash.o(.text)
    .text                                    0x080028a4   Section      192  delay.o(.text)
    .text                                    0x08002964   Section       12  sys.o(.text)
    .text                                    0x08002970   Section      768  usart.o(.text)
    .text                                    0x08002c70   Section       64  startup_stm32f10x_hd.o(.text)
    .text                                    0x08002cb0   Section      224  misc.o(.text)
    .text                                    0x08002d90   Section      840  stm32f10x_gpio.o(.text)
    .text                                    0x080030d8   Section      912  stm32f10x_rcc.o(.text)
    .text                                    0x08003468   Section     1032  stm32f10x_usart.o(.text)
    .text                                    0x08003870   Section     3426  stm32f10x_tim.o(.text)
    TI4_Config                               0x08003cf9   Thumb Code   114  stm32f10x_tim.o(.text)
    TI3_Config                               0x08003d7d   Thumb Code   110  stm32f10x_tim.o(.text)
    TI2_Config                               0x08003e01   Thumb Code   114  stm32f10x_tim.o(.text)
    TI1_Config                               0x08003e85   Thumb Code   102  stm32f10x_tim.o(.text)
    .text                                    0x080045d4   Section     1484  stm32f10x_flash.o(.text)
    .text                                    0x08004ba0   Section     2808  usmart.o(.text)
    .text                                    0x08005698   Section     1440  usmart_str.o(.text)
    .text                                    0x08005c38   Section        2  use_no_semi_2.o(.text)
    .text                                    0x08005c3c   Section       32  noretval__2printf.o(.text)
    .text                                    0x08005c5c   Section       76  _printf_pad.o(.text)
    .text                                    0x08005ca8   Section       82  _printf_str.o(.text)
    .text                                    0x08005cfc   Section      112  _printf_dec.o(.text)
    .text                                    0x08005d6c   Section       92  _printf_hex_int.o(.text)
    .text                                    0x08005dc8   Section      416  __printf_flags_ss_wp.o(.text)
    .text                                    0x08005f68   Section       78  rt_memclr_w.o(.text)
    .text                                    0x08005fb6   Section        6  heapauxi.o(.text)
    .text                                    0x08005fbc   Section        2  use_no_semi.o(.text)
    .text                                    0x08005fbe   Section      174  _printf_intcommon.o(.text)
    .text                                    0x0800606c   Section       48  _printf_char_common.o(.text)
    _printf_input_char                       0x0800606d   Thumb Code    10  _printf_char_common.o(.text)
    .text                                    0x0800609c   Section       44  _printf_char.o(.text)
    .text                                    0x080060c8   Section       16  rtudiv10.o(.text)
    .text                                    0x080060d8   Section       74  sys_stackheap_outer.o(.text)
    .text                                    0x08006122   Section       12  exit.o(.text)
    .text                                    0x08006130   Section        8  libspace.o(.text)
    .constdata                               0x08006138   Section       40  _printf_hex_int.o(.constdata)
    uc_hextab                                0x08006138   Data          20  _printf_hex_int.o(.constdata)
    lc_hextab                                0x0800614c   Data          20  _printf_hex_int.o(.constdata)
    .constdata                               0x08006160   Section       17  __printf_flags_ss_wp.o(.constdata)
    maptable                                 0x08006160   Data          17  __printf_flags_ss_wp.o(.constdata)
    .conststring                             0x08006171   Section       23  usmart.o(.conststring)
    .conststring                             0x08006188   Section      259  usmart_config.o(.conststring)
    .data                                    0x20000000   Section     1121  main.o(.data)
    .data                                    0x20000464   Section       20  system_stm32f10x.o(.data)
    .data                                    0x20000478   Section       16  timer.o(.data)
    .data                                    0x20000488   Section        4  delay.o(.data)
    fac_us                                   0x20000488   Data           1  delay.o(.data)
    fac_ms                                   0x2000048a   Data           2  delay.o(.data)
    .data                                    0x2000048c   Section       12  usart.o(.data)
    .data                                    0x20000498   Section       20  stm32f10x_rcc.o(.data)
    APBAHBPrescTable                         0x20000498   Data          16  stm32f10x_rcc.o(.data)
    ADCPrescTable                            0x200004a8   Data           4  stm32f10x_rcc.o(.data)
    .data                                    0x200004ac   Section       24  usmart.o(.data)
    .data                                    0x200004c4   Section      308  usmart_config.o(.data)
    .bss                                     0x200005f8   Section      690  main.o(.bss)
    .bss                                     0x200008aa   Section       15  timer.o(.bss)
    .bss                                     0x200008ba   Section     2048  stmflash.o(.bss)
    .bss                                     0x200010ba   Section     1600  usart.o(.bss)
    .bss                                     0x200016fc   Section       96  libspace.o(.bss)
    HEAP                                     0x20001760   Section      512  startup_stm32f10x_hd.o(HEAP)
    Heap_Mem                                 0x20001760   Data         512  startup_stm32f10x_hd.o(HEAP)
    STACK                                    0x20001960   Section     1024  startup_stm32f10x_hd.o(STACK)
    Stack_Mem                                0x20001960   Data        1024  startup_stm32f10x_hd.o(STACK)
    __initial_sp                             0x20001d60   Data           0  startup_stm32f10x_hd.o(STACK)

    Global Symbols

    Symbol Name                              Value     Ov Type        Size  Object(Section)

    BuildAttributes$$THM_ISAv4$P$D$K$B$S$PE$A:L22UL41UL21$X:L11$S22US41US21$IEEE1$IW$USESV6$~STKCKD$USESV7$~SHL$OSPACE$ROPI$EBA8$UX$STANDARDLIB$REQ8$PRES8$EABIv2 0x00000000   Number         0  anon$$obj.o ABSOLUTE
    __ARM_use_no_argv                        0x00000000   Number         0  main.o ABSOLUTE
    _printf_flags                            0x00000000   Number         0  printf_stubs.o ABSOLUTE
    _printf_return_value                     0x00000000   Number         0  printf_stubs.o ABSOLUTE
    _printf_sizespec                         0x00000000   Number         0  printf_stubs.o ABSOLUTE
    _printf_widthprec                        0x00000000   Number         0  printf_stubs.o ABSOLUTE
    __ARM_exceptions_init                     - Undefined Weak Reference
    __alloca_initialize                       - Undefined Weak Reference
    __cpp_initialize__aeabi_                  - Undefined Weak Reference
    __cxa_finalize                            - Undefined Weak Reference
    __rt_locale                               - Undefined Weak Reference
    __sigvec_lookup                           - Undefined Weak Reference
    _atexit_init                              - Undefined Weak Reference
    _call_atexit_fns                          - Undefined Weak Reference
    _clock_init                               - Undefined Weak Reference
    _fp_trap_init                             - Undefined Weak Reference
    _fp_trap_shutdown                         - Undefined Weak Reference
    _get_lc_collate                           - Undefined Weak Reference
    _get_lc_ctype                             - Undefined Weak Reference
    _get_lc_monetary                          - Undefined Weak Reference
    _get_lc_numeric                           - Undefined Weak Reference
    _get_lc_time                              - Undefined Weak Reference
    _getenv_init                              - Undefined Weak Reference
    _handle_redirection                       - Undefined Weak Reference
    _init_alloc                               - Undefined Weak Reference
    _init_user_alloc                          - Undefined Weak Reference
    _initio                                   - Undefined Weak Reference
    _mutex_acquire                            - Undefined Weak Reference
    _mutex_release                            - Undefined Weak Reference
    _printf_mbtowc                            - Undefined Weak Reference
    _printf_truncate_signed                   - Undefined Weak Reference
    _printf_truncate_unsigned                 - Undefined Weak Reference
    _rand_init                                - Undefined Weak Reference
    _signal_finish                            - Undefined Weak Reference
    _signal_init                              - Undefined Weak Reference
    _terminate_alloc                          - Undefined Weak Reference
    _terminate_user_alloc                     - Undefined Weak Reference
    _terminateio                              - Undefined Weak Reference
    __Vectors_Size                           0x00000130   Number         0  startup_stm32f10x_hd.o ABSOLUTE
    __Vectors                                0x08000000   Data           4  startup_stm32f10x_hd.o(RESET)
    __Vectors_End                            0x08000130   Data           0  startup_stm32f10x_hd.o(RESET)
    __main                                   0x08000131   Thumb Code     8  __main.o(!!!main)
    __scatterload                            0x08000139   Thumb Code     0  __scatter.o(!!!scatter)
    __scatterload_rt2                        0x08000139   Thumb Code    44  __scatter.o(!!!scatter)
    __scatterload_rt2_thumb_only             0x08000139   Thumb Code     0  __scatter.o(!!!scatter)
    __scatterload_null                       0x08000147   Thumb Code     0  __scatter.o(!!!scatter)
    __decompress                             0x0800016d   Thumb Code    90  __dczerorl2.o(!!dczerorl2)
    __decompress1                            0x0800016d   Thumb Code     0  __dczerorl2.o(!!dczerorl2)
    __scatterload_zeroinit                   0x080001c9   Thumb Code    28  __scatter_zi.o(!!handler_zi)
    _printf_d                                0x080001e5   Thumb Code     0  _printf_d.o(.ARM.Collect$$_printf_percent$$00000009)
    _printf_percent                          0x080001e5   Thumb Code     0  _printf_percent.o(.ARM.Collect$$_printf_percent$$00000000)
    _printf_u                                0x080001eb   Thumb Code     0  _printf_u.o(.ARM.Collect$$_printf_percent$$0000000A)
    _printf_x                                0x080001f1   Thumb Code     0  _printf_x.o(.ARM.Collect$$_printf_percent$$0000000C)
    _printf_c                                0x080001f7   Thumb Code     0  _printf_c.o(.ARM.Collect$$_printf_percent$$00000013)
    _printf_s                                0x080001fd   Thumb Code     0  _printf_s.o(.ARM.Collect$$_printf_percent$$00000014)
    _printf_percent_end                      0x08000203   Thumb Code     0  _printf_percent_end.o(.ARM.Collect$$_printf_percent$$00000017)
    __rt_lib_init                            0x08000207   Thumb Code     0  libinit.o(.ARM.Collect$$libinit$$00000000)
    __rt_lib_init_alloca_1                   0x0800020d   Thumb Code     0  libinit2.o(.ARM.Collect$$libinit$$0000002A)
    __rt_lib_init_argv_1                     0x0800020d   Thumb Code     0  libinit2.o(.ARM.Collect$$libinit$$00000028)
    __rt_lib_init_atexit_1                   0x0800020d   Thumb Code     0  libinit2.o(.ARM.Collect$$libinit$$00000017)
    __rt_lib_init_clock_1                    0x0800020d   Thumb Code     0  libinit2.o(.ARM.Collect$$libinit$$0000001D)
    __rt_lib_init_cpp_1                      0x0800020d   Thumb Code     0  libinit2.o(.ARM.Collect$$libinit$$0000002E)
    __rt_lib_init_exceptions_1               0x0800020d   Thumb Code     0  libinit2.o(.ARM.Collect$$libinit$$0000002C)
    __rt_lib_init_fp_trap_1                  0x0800020d   Thumb Code     0  libinit2.o(.ARM.Collect$$libinit$$0000001B)
    __rt_lib_init_getenv_1                   0x0800020d   Thumb Code     0  libinit2.o(.ARM.Collect$$libinit$$0000001F)
    __rt_lib_init_heap_1                     0x0800020d   Thumb Code     0  libinit2.o(.ARM.Collect$$libinit$$00000006)
    __rt_lib_init_lc_collate_1               0x0800020d   Thumb Code     0  libinit2.o(.ARM.Collect$$libinit$$0000000D)
    __rt_lib_init_lc_ctype_1                 0x0800020d   Thumb Code     0  libinit2.o(.ARM.Collect$$libinit$$0000000F)
    __rt_lib_init_lc_monetary_1              0x0800020d   Thumb Code     0  libinit2.o(.ARM.Collect$$libinit$$00000011)
    __rt_lib_init_lc_numeric_1               0x0800020d   Thumb Code     0  libinit2.o(.ARM.Collect$$libinit$$00000013)
    __rt_lib_init_lc_time_1                  0x0800020d   Thumb Code     0  libinit2.o(.ARM.Collect$$libinit$$00000015)
    __rt_lib_init_rand_1                     0x0800020d   Thumb Code     0  libinit2.o(.ARM.Collect$$libinit$$0000000A)
    __rt_lib_init_return                     0x0800020d   Thumb Code     0  libinit2.o(.ARM.Collect$$libinit$$0000002F)
    __rt_lib_init_signal_1                   0x0800020d   Thumb Code     0  libinit2.o(.ARM.Collect$$libinit$$00000019)
    __rt_lib_init_stdio_1                    0x0800020d   Thumb Code     0  libinit2.o(.ARM.Collect$$libinit$$00000021)
    __rt_lib_init_user_alloc_1               0x0800020d   Thumb Code     0  libinit2.o(.ARM.Collect$$libinit$$00000008)
    __rt_lib_shutdown                        0x0800020f   Thumb Code     0  libshutdown.o(.ARM.Collect$$libshutdown$$00000000)
    __rt_lib_shutdown_fp_trap_1              0x08000211   Thumb Code     0  libshutdown2.o(.ARM.Collect$$libshutdown$$00000006)
    __rt_lib_shutdown_heap_1                 0x08000211   Thumb Code     0  libshutdown2.o(.ARM.Collect$$libshutdown$$0000000E)
    __rt_lib_shutdown_return                 0x08000211   Thumb Code     0  libshutdown2.o(.ARM.Collect$$libshutdown$$0000000F)
    __rt_lib_shutdown_signal_1               0x08000211   Thumb Code     0  libshutdown2.o(.ARM.Collect$$libshutdown$$00000009)
    __rt_lib_shutdown_stdio_1                0x08000211   Thumb Code     0  libshutdown2.o(.ARM.Collect$$libshutdown$$00000003)
    __rt_lib_shutdown_user_alloc_1           0x08000211   Thumb Code     0  libshutdown2.o(.ARM.Collect$$libshutdown$$0000000B)
    __rt_entry                               0x08000213   Thumb Code     0  rtentry.o(.ARM.Collect$$rtentry$$00000000)
    __rt_entry_presh_1                       0x08000213   Thumb Code     0  rtentry2.o(.ARM.Collect$$rtentry$$00000002)
    __rt_entry_sh                            0x08000213   Thumb Code     0  rtentry4.o(.ARM.Collect$$rtentry$$00000004)
    __rt_entry_li                            0x08000219   Thumb Code     0  rtentry2.o(.ARM.Collect$$rtentry$$0000000A)
    __rt_entry_postsh_1                      0x08000219   Thumb Code     0  rtentry2.o(.ARM.Collect$$rtentry$$00000009)
    __rt_entry_main                          0x0800021d   Thumb Code     0  rtentry2.o(.ARM.Collect$$rtentry$$0000000D)
    __rt_entry_postli_1                      0x0800021d   Thumb Code     0  rtentry2.o(.ARM.Collect$$rtentry$$0000000C)
    __rt_exit                                0x08000225   Thumb Code     0  rtexit.o(.ARM.Collect$$rtexit$$00000000)
    __rt_exit_ls                             0x08000225   Thumb Code     0  rtexit2.o(.ARM.Collect$$rtexit$$00000003)
    __rt_exit_prels_1                        0x08000225   Thumb Code     0  rtexit2.o(.ARM.Collect$$rtexit$$00000002)
    __rt_exit_exit                           0x08000229   Thumb Code     0  rtexit2.o(.ARM.Collect$$rtexit$$00000004)
    frame_resent                             0x0800022d   Thumb Code   286  main.o(.text)
    safe_soc                                 0x0800034b   Thumb Code   404  main.o(.text)
    main                                     0x080004df   Thumb Code  3354  main.o(.text)
    NMI_Handler                              0x08001235   Thumb Code     2  stm32f10x_it.o(.text)
    HardFault_Handler                        0x08001237   Thumb Code     4  stm32f10x_it.o(.text)
    MemManage_Handler                        0x0800123b   Thumb Code     4  stm32f10x_it.o(.text)
    BusFault_Handler                         0x0800123f   Thumb Code     4  stm32f10x_it.o(.text)
    UsageFault_Handler                       0x08001243   Thumb Code     4  stm32f10x_it.o(.text)
    SVC_Handler                              0x08001247   Thumb Code     2  stm32f10x_it.o(.text)
    DebugMon_Handler                         0x08001249   Thumb Code     2  stm32f10x_it.o(.text)
    PendSV_Handler                           0x0800124b   Thumb Code     2  stm32f10x_it.o(.text)
    SysTick_Handler                          0x0800124d   Thumb Code     2  stm32f10x_it.o(.text)
    SystemInit                               0x08001319   Thumb Code    78  system_stm32f10x.o(.text)
    SystemCoreClockUpdate                    0x08001367   Thumb Code   142  system_stm32f10x.o(.text)
    LED_Init                                 0x08001419   Thumb Code    76  led.o(.text)
    IIC_Init                                 0x0800146d   Thumb Code    46  myiic.o(.text)
    IIC_Start                                0x0800149b   Thumb Code    72  myiic.o(.text)
    IIC_Stop                                 0x080014e3   Thumb Code    72  myiic.o(.text)
    IIC_Wait_Ack                             0x0800152b   Thumb Code    90  myiic.o(.text)
    IIC_Ack                                  0x08001585   Thumb Code    78  myiic.o(.text)
    IIC_NAck                                 0x080015d3   Thumb Code    78  myiic.o(.text)
    IIC_Send_Byte                            0x08001621   Thumb Code    98  myiic.o(.text)
    IIC_Read_Byte                            0x08001683   Thumb Code   106  myiic.o(.text)
    RDA5820_WR_Reg                           0x080016fd   Thumb Code    56  rda5820.o(.text)
    RDA5820_RD_Reg                           0x08001735   Thumb Code    68  rda5820.o(.text)
    RDA5820_Init                             0x08001779   Thumb Code   142  rda5820.o(.text)
    RDA5820_RX_Mode                          0x08001807   Thumb Code    26  rda5820.o(.text)
    RDA5820_TX_Mode                          0x08001821   Thumb Code    30  rda5820.o(.text)
    RDA5820_Rssi_Get                         0x0800183f   Thumb Code    14  rda5820.o(.text)
    RDA5820_Vol_Set                          0x0800184d   Thumb Code    34  rda5820.o(.text)
    RDA5820_Mute_Set                         0x0800186f   Thumb Code    34  rda5820.o(.text)
    RDA5820_Rssi_Set                         0x08001891   Thumb Code    32  rda5820.o(.text)
    RDA5820_TxPAG_Set                        0x080018b1   Thumb Code    30  rda5820.o(.text)
    RDA5820_TxPGA_Set                        0x080018cf   Thumb Code    32  rda5820.o(.text)
    RDA5820_Band_Set                         0x080018ef   Thumb Code    32  rda5820.o(.text)
    RDA5820_Space_Set                        0x0800190f   Thumb Code    30  rda5820.o(.text)
    RDA5820_Freq_Set                         0x0800192d   Thumb Code   148  rda5820.o(.text)
    RDA5820_Freq_Get                         0x080019c1   Thumb Code   100  rda5820.o(.text)
    TIM3_Int_Init                            0x08001a25   Thumb Code    90  timer.o(.text)
    TIM3_IRQHandler                          0x08001a7f   Thumb Code   482  timer.o(.text)
    TIM5_Int_Init                            0x08001c61   Thumb Code    90  timer.o(.text)
    XOR                                      0x08001cbb   Thumb Code    26  timer.o(.text)
    TIM5_IRQHandler                          0x08001cd5   Thumb Code   448  timer.o(.text)
    TIM6_Int_Init                            0x08001e95   Thumb Code    90  timer.o(.text)
    TIM7_Int_Init                            0x08001eef   Thumb Code    90  timer.o(.text)
    tim3_pin_init                            0x08001f49   Thumb Code    64  timer.o(.text)
    TIM6_IRQHandler                          0x08001f89   Thumb Code    52  timer.o(.text)
    TIM7_IRQHandler                          0x08001fbd   Thumb Code    54  timer.o(.text)
    TIM4_Int_Init                            0x08001ff3   Thumb Code    90  timer.o(.text)
    TIM4_IRQHandler                          0x0800204d   Thumb Code   140  timer.o(.text)
    gray_encode                              0x08002121   Thumb Code   358  gray.o(.text)
    decode_error_catch                       0x08002287   Thumb Code  1230  gray.o(.text)
    STMFLASH_ReadHalfWord                    0x08002755   Thumb Code     6  stmflash.o(.text)
    STMFLASH_Write_NoCheck                   0x0800275b   Thumb Code    38  stmflash.o(.text)
    STMFLASH_Read                            0x08002781   Thumb Code    32  stmflash.o(.text)
    STMFLASH_Write                           0x080027a1   Thumb Code   234  stmflash.o(.text)
    Test_Write                               0x0800288b   Thumb Code    16  stmflash.o(.text)
    delay_init                               0x080028a5   Thumb Code    42  delay.o(.text)
    delay_us                                 0x080028cf   Thumb Code    68  delay.o(.text)
    delay_ms                                 0x08002913   Thumb Code    70  delay.o(.text)
    NVIC_Configuration                       0x08002965   Thumb Code    12  sys.o(.text)
    _sys_exit                                0x08002971   Thumb Code     6  usart.o(.text)
    fputc                                    0x08002977   Thumb Code    22  usart.o(.text)
    uart_init                                0x0800298d   Thumb Code   158  usart.o(.text)
    USART1_IRQHandler                        0x08002a2b   Thumb Code   194  usart.o(.text)
    uart2_init                               0x08002aed   Thumb Code   160  usart.o(.text)
    USART2_IRQHandler                        0x08002b8d   Thumb Code   182  usart.o(.text)
    Reset_Handler                            0x08002c71   Thumb Code     8  startup_stm32f10x_hd.o(.text)
    ADC1_2_IRQHandler                        0x08002c8b   Thumb Code     0  startup_stm32f10x_hd.o(.text)
    ADC3_IRQHandler                          0x08002c8b   Thumb Code     0  startup_stm32f10x_hd.o(.text)
    CAN1_RX1_IRQHandler                      0x08002c8b   Thumb Code     0  startup_stm32f10x_hd.o(.text)
    CAN1_SCE_IRQHandler                      0x08002c8b   Thumb Code     0  startup_stm32f10x_hd.o(.text)
    DMA1_Channel1_IRQHandler                 0x08002c8b   Thumb Code     0  startup_stm32f10x_hd.o(.text)
    DMA1_Channel2_IRQHandler                 0x08002c8b   Thumb Code     0  startup_stm32f10x_hd.o(.text)
    DMA1_Channel3_IRQHandler                 0x08002c8b   Thumb Code     0  startup_stm32f10x_hd.o(.text)
    DMA1_Channel4_IRQHandler                 0x08002c8b   Thumb Code     0  startup_stm32f10x_hd.o(.text)
    DMA1_Channel5_IRQHandler                 0x08002c8b   Thumb Code     0  startup_stm32f10x_hd.o(.text)
    DMA1_Channel6_IRQHandler                 0x08002c8b   Thumb Code     0  startup_stm32f10x_hd.o(.text)
    DMA1_Channel7_IRQHandler                 0x08002c8b   Thumb Code     0  startup_stm32f10x_hd.o(.text)
    DMA2_Channel1_IRQHandler                 0x08002c8b   Thumb Code     0  startup_stm32f10x_hd.o(.text)
    DMA2_Channel2_IRQHandler                 0x08002c8b   Thumb Code     0  startup_stm32f10x_hd.o(.text)
    DMA2_Channel3_IRQHandler                 0x08002c8b   Thumb Code     0  startup_stm32f10x_hd.o(.text)
    DMA2_Channel4_5_IRQHandler               0x08002c8b   Thumb Code     0  startup_stm32f10x_hd.o(.text)
    EXTI0_IRQHandler                         0x08002c8b   Thumb Code     0  startup_stm32f10x_hd.o(.text)
    EXTI15_10_IRQHandler                     0x08002c8b   Thumb Code     0  startup_stm32f10x_hd.o(.text)
    EXTI1_IRQHandler                         0x08002c8b   Thumb Code     0  startup_stm32f10x_hd.o(.text)
    EXTI2_IRQHandler                         0x08002c8b   Thumb Code     0  startup_stm32f10x_hd.o(.text)
    EXTI3_IRQHandler                         0x08002c8b   Thumb Code     0  startup_stm32f10x_hd.o(.text)
    EXTI4_IRQHandler                         0x08002c8b   Thumb Code     0  startup_stm32f10x_hd.o(.text)
    EXTI9_5_IRQHandler                       0x08002c8b   Thumb Code     0  startup_stm32f10x_hd.o(.text)
    FLASH_IRQHandler                         0x08002c8b   Thumb Code     0  startup_stm32f10x_hd.o(.text)
    FSMC_IRQHandler                          0x08002c8b   Thumb Code     0  startup_stm32f10x_hd.o(.text)
    I2C1_ER_IRQHandler                       0x08002c8b   Thumb Code     0  startup_stm32f10x_hd.o(.text)
    I2C1_EV_IRQHandler                       0x08002c8b   Thumb Code     0  startup_stm32f10x_hd.o(.text)
    I2C2_ER_IRQHandler                       0x08002c8b   Thumb Code     0  startup_stm32f10x_hd.o(.text)
    I2C2_EV_IRQHandler                       0x08002c8b   Thumb Code     0  startup_stm32f10x_hd.o(.text)
    PVD_IRQHandler                           0x08002c8b   Thumb Code     0  startup_stm32f10x_hd.o(.text)
    RCC_IRQHandler                           0x08002c8b   Thumb Code     0  startup_stm32f10x_hd.o(.text)
    RTCAlarm_IRQHandler                      0x08002c8b   Thumb Code     0  startup_stm32f10x_hd.o(.text)
    RTC_IRQHandler                           0x08002c8b   Thumb Code     0  startup_stm32f10x_hd.o(.text)
    SDIO_IRQHandler                          0x08002c8b   Thumb Code     0  startup_stm32f10x_hd.o(.text)
    SPI1_IRQHandler                          0x08002c8b   Thumb Code     0  startup_stm32f10x_hd.o(.text)
    SPI2_IRQHandler                          0x08002c8b   Thumb Code     0  startup_stm32f10x_hd.o(.text)
    SPI3_IRQHandler                          0x08002c8b   Thumb Code     0  startup_stm32f10x_hd.o(.text)
    TAMPER_IRQHandler                        0x08002c8b   Thumb Code     0  startup_stm32f10x_hd.o(.text)
    TIM1_BRK_IRQHandler                      0x08002c8b   Thumb Code     0  startup_stm32f10x_hd.o(.text)
    TIM1_CC_IRQHandler                       0x08002c8b   Thumb Code     0  startup_stm32f10x_hd.o(.text)
    TIM1_TRG_COM_IRQHandler                  0x08002c8b   Thumb Code     0  startup_stm32f10x_hd.o(.text)
    TIM1_UP_IRQHandler                       0x08002c8b   Thumb Code     0  startup_stm32f10x_hd.o(.text)
    TIM8_BRK_IRQHandler                      0x08002c8b   Thumb Code     0  startup_stm32f10x_hd.o(.text)
    TIM8_CC_IRQHandler                       0x08002c8b   Thumb Code     0  startup_stm32f10x_hd.o(.text)
    TIM8_TRG_COM_IRQHandler                  0x08002c8b   Thumb Code     0  startup_stm32f10x_hd.o(.text)
    TIM8_UP_IRQHandler                       0x08002c8b   Thumb Code     0  startup_stm32f10x_hd.o(.text)
    UART4_IRQHandler                         0x08002c8b   Thumb Code     0  startup_stm32f10x_hd.o(.text)
    UART5_IRQHandler                         0x08002c8b   Thumb Code     0  startup_stm32f10x_hd.o(.text)
    USART3_IRQHandler                        0x08002c8b   Thumb Code     0  startup_stm32f10x_hd.o(.text)
    USBWakeUp_IRQHandler                     0x08002c8b   Thumb Code     0  startup_stm32f10x_hd.o(.text)
    USB_HP_CAN1_TX_IRQHandler                0x08002c8b   Thumb Code     0  startup_stm32f10x_hd.o(.text)
    USB_LP_CAN1_RX0_IRQHandler               0x08002c8b   Thumb Code     0  startup_stm32f10x_hd.o(.text)
    WWDG_IRQHandler                          0x08002c8b   Thumb Code     0  startup_stm32f10x_hd.o(.text)
    __user_initial_stackheap                 0x08002c8d   Thumb Code     0  startup_stm32f10x_hd.o(.text)
    NVIC_PriorityGroupConfig                 0x08002cb1   Thumb Code    10  misc.o(.text)
    NVIC_Init                                0x08002cbb   Thumb Code   102  misc.o(.text)
    NVIC_SetVectorTable                      0x08002d21   Thumb Code    14  misc.o(.text)
    NVIC_SystemLPConfig                      0x08002d2f   Thumb Code    38  misc.o(.text)
    SysTick_CLKSourceConfig                  0x08002d55   Thumb Code    40  misc.o(.text)
    GPIO_DeInit                              0x08002d91   Thumb Code   172  stm32f10x_gpio.o(.text)
    GPIO_AFIODeInit                          0x08002e3d   Thumb Code    20  stm32f10x_gpio.o(.text)
    GPIO_Init                                0x08002e51   Thumb Code   268  stm32f10x_gpio.o(.text)
    GPIO_StructInit                          0x08002f5d   Thumb Code    16  stm32f10x_gpio.o(.text)
    GPIO_ReadInputDataBit                    0x08002f6d   Thumb Code    18  stm32f10x_gpio.o(.text)
    GPIO_ReadInputData                       0x08002f7f   Thumb Code     8  stm32f10x_gpio.o(.text)
    GPIO_ReadOutputDataBit                   0x08002f87   Thumb Code    18  stm32f10x_gpio.o(.text)
    GPIO_ReadOutputData                      0x08002f99   Thumb Code     8  stm32f10x_gpio.o(.text)
    GPIO_SetBits                             0x08002fa1   Thumb Code     4  stm32f10x_gpio.o(.text)
    GPIO_ResetBits                           0x08002fa5   Thumb Code     4  stm32f10x_gpio.o(.text)
    GPIO_WriteBit                            0x08002fa9   Thumb Code    10  stm32f10x_gpio.o(.text)
    GPIO_Write                               0x08002fb3   Thumb Code     4  stm32f10x_gpio.o(.text)
    GPIO_PinLockConfig                       0x08002fb7   Thumb Code    18  stm32f10x_gpio.o(.text)
    GPIO_EventOutputConfig                   0x08002fc9   Thumb Code    24  stm32f10x_gpio.o(.text)
    GPIO_EventOutputCmd                      0x08002fe1   Thumb Code     6  stm32f10x_gpio.o(.text)
    GPIO_PinRemapConfig                      0x08002fe7   Thumb Code   136  stm32f10x_gpio.o(.text)
    GPIO_EXTILineConfig                      0x0800306f   Thumb Code    60  stm32f10x_gpio.o(.text)
    GPIO_ETH_MediaInterfaceConfig            0x080030ab   Thumb Code     8  stm32f10x_gpio.o(.text)
    RCC_DeInit                               0x080030d9   Thumb Code    64  stm32f10x_rcc.o(.text)
    RCC_HSEConfig                            0x08003119   Thumb Code    70  stm32f10x_rcc.o(.text)
    RCC_GetFlagStatus                        0x0800315f   Thumb Code    56  stm32f10x_rcc.o(.text)
    RCC_WaitForHSEStartUp                    0x08003197   Thumb Code    48  stm32f10x_rcc.o(.text)
    RCC_AdjustHSICalibrationValue            0x080031c7   Thumb Code    18  stm32f10x_rcc.o(.text)
    RCC_HSICmd                               0x080031d9   Thumb Code     6  stm32f10x_rcc.o(.text)
    RCC_PLLConfig                            0x080031df   Thumb Code    22  stm32f10x_rcc.o(.text)
    RCC_PLLCmd                               0x080031f5   Thumb Code     6  stm32f10x_rcc.o(.text)
    RCC_SYSCLKConfig                         0x080031fb   Thumb Code    16  stm32f10x_rcc.o(.text)
    RCC_GetSYSCLKSource                      0x0800320b   Thumb Code    10  stm32f10x_rcc.o(.text)
    RCC_HCLKConfig                           0x08003215   Thumb Code    16  stm32f10x_rcc.o(.text)
    RCC_PCLK1Config                          0x08003225   Thumb Code    16  stm32f10x_rcc.o(.text)
    RCC_PCLK2Config                          0x08003235   Thumb Code    18  stm32f10x_rcc.o(.text)
    RCC_ITConfig                             0x08003247   Thumb Code    30  stm32f10x_rcc.o(.text)
    RCC_USBCLKConfig                         0x08003265   Thumb Code     8  stm32f10x_rcc.o(.text)
    RCC_ADCCLKConfig                         0x0800326d   Thumb Code    16  stm32f10x_rcc.o(.text)
    RCC_LSEConfig                            0x0800327d   Thumb Code    50  stm32f10x_rcc.o(.text)
    RCC_LSICmd                               0x080032af   Thumb Code     6  stm32f10x_rcc.o(.text)
    RCC_RTCCLKConfig                         0x080032b5   Thumb Code    12  stm32f10x_rcc.o(.text)
    RCC_RTCCLKCmd                            0x080032c1   Thumb Code     8  stm32f10x_rcc.o(.text)
    RCC_GetClocksFreq                        0x080032c9   Thumb Code   194  stm32f10x_rcc.o(.text)
    RCC_AHBPeriphClockCmd                    0x0800338b   Thumb Code    26  stm32f10x_rcc.o(.text)
    RCC_APB2PeriphClockCmd                   0x080033a5   Thumb Code    26  stm32f10x_rcc.o(.text)
    RCC_APB1PeriphClockCmd                   0x080033bf   Thumb Code    26  stm32f10x_rcc.o(.text)
    RCC_APB2PeriphResetCmd                   0x080033d9   Thumb Code    26  stm32f10x_rcc.o(.text)
    RCC_APB1PeriphResetCmd                   0x080033f3   Thumb Code    26  stm32f10x_rcc.o(.text)
    RCC_BackupResetCmd                       0x0800340d   Thumb Code     8  stm32f10x_rcc.o(.text)
    RCC_ClockSecuritySystemCmd               0x08003415   Thumb Code     6  stm32f10x_rcc.o(.text)
    RCC_MCOConfig                            0x0800341b   Thumb Code     6  stm32f10x_rcc.o(.text)
    RCC_ClearFlag                            0x08003421   Thumb Code    14  stm32f10x_rcc.o(.text)
    RCC_GetITStatus                          0x0800342f   Thumb Code    20  stm32f10x_rcc.o(.text)
    RCC_ClearITPendingBit                    0x08003443   Thumb Code     6  stm32f10x_rcc.o(.text)
    USART_DeInit                             0x08003469   Thumb Code   134  stm32f10x_usart.o(.text)
    USART_Init                               0x080034ef   Thumb Code   210  stm32f10x_usart.o(.text)
    USART_StructInit                         0x080035c1   Thumb Code    24  stm32f10x_usart.o(.text)
    USART_ClockInit                          0x080035d9   Thumb Code    32  stm32f10x_usart.o(.text)
    USART_ClockStructInit                    0x080035f9   Thumb Code    12  stm32f10x_usart.o(.text)
    USART_Cmd                                0x08003605   Thumb Code    24  stm32f10x_usart.o(.text)
    USART_ITConfig                           0x0800361d   Thumb Code    72  stm32f10x_usart.o(.text)
    USART_DMACmd                             0x08003665   Thumb Code    24  stm32f10x_usart.o(.text)
    USART_SetAddress                         0x0800367d   Thumb Code    18  stm32f10x_usart.o(.text)
    USART_WakeUpConfig                       0x0800368f   Thumb Code    18  stm32f10x_usart.o(.text)
    USART_ReceiverWakeUpCmd                  0x080036a1   Thumb Code    24  stm32f10x_usart.o(.text)
    USART_LINBreakDetectLengthConfig         0x080036b9   Thumb Code    18  stm32f10x_usart.o(.text)
    USART_LINCmd                             0x080036cb   Thumb Code    24  stm32f10x_usart.o(.text)
    USART_SendData                           0x080036e3   Thumb Code     8  stm32f10x_usart.o(.text)
    USART_ReceiveData                        0x080036eb   Thumb Code    10  stm32f10x_usart.o(.text)
    USART_SendBreak                          0x080036f5   Thumb Code    10  stm32f10x_usart.o(.text)
    USART_SetGuardTime                       0x080036ff   Thumb Code    16  stm32f10x_usart.o(.text)
    USART_SetPrescaler                       0x0800370f   Thumb Code    16  stm32f10x_usart.o(.text)
    USART_SmartCardCmd                       0x0800371f   Thumb Code    24  stm32f10x_usart.o(.text)
    USART_SmartCardNACKCmd                   0x08003737   Thumb Code    24  stm32f10x_usart.o(.text)
    USART_HalfDuplexCmd                      0x0800374f   Thumb Code    24  stm32f10x_usart.o(.text)
    USART_OverSampling8Cmd                   0x08003767   Thumb Code    22  stm32f10x_usart.o(.text)
    USART_OneBitMethodCmd                    0x0800377d   Thumb Code    24  stm32f10x_usart.o(.text)
    USART_IrDAConfig                         0x08003795   Thumb Code    18  stm32f10x_usart.o(.text)
    USART_IrDACmd                            0x080037a7   Thumb Code    24  stm32f10x_usart.o(.text)
    USART_GetFlagStatus                      0x080037bf   Thumb Code    26  stm32f10x_usart.o(.text)
    USART_ClearFlag                          0x080037d9   Thumb Code    18  stm32f10x_usart.o(.text)
    USART_GetITStatus                        0x080037eb   Thumb Code    84  stm32f10x_usart.o(.text)
    USART_ClearITPendingBit                  0x0800383f   Thumb Code    50  stm32f10x_usart.o(.text)
    TIM_DeInit                               0x08003871   Thumb Code   424  stm32f10x_tim.o(.text)
    TIM_TimeBaseInit                         0x08003a19   Thumb Code   122  stm32f10x_tim.o(.text)
    TIM_OC1Init                              0x08003a93   Thumb Code   132  stm32f10x_tim.o(.text)
    TIM_OC2Init                              0x08003b17   Thumb Code   146  stm32f10x_tim.o(.text)
    TIM_OC3Init                              0x08003ba9   Thumb Code   142  stm32f10x_tim.o(.text)
    TIM_OC4Init                              0x08003c37   Thumb Code   172  stm32f10x_tim.o(.text)
    TIM_SetIC4Prescaler                      0x08003ce3   Thumb Code    22  stm32f10x_tim.o(.text)
    TIM_SetIC3Prescaler                      0x08003d6b   Thumb Code    18  stm32f10x_tim.o(.text)
    TIM_SetIC2Prescaler                      0x08003deb   Thumb Code    22  stm32f10x_tim.o(.text)
    TIM_SetIC1Prescaler                      0x08003e73   Thumb Code    18  stm32f10x_tim.o(.text)
    TIM_ICInit                               0x08003eeb   Thumb Code   150  stm32f10x_tim.o(.text)
    TIM_PWMIConfig                           0x08003f81   Thumb Code   124  stm32f10x_tim.o(.text)
    TIM_BDTRConfig                           0x08003ffd   Thumb Code    32  stm32f10x_tim.o(.text)
    TIM_TimeBaseStructInit                   0x0800401d   Thumb Code    18  stm32f10x_tim.o(.text)
    TIM_OCStructInit                         0x0800402f   Thumb Code    20  stm32f10x_tim.o(.text)
    TIM_ICStructInit                         0x08004043   Thumb Code    18  stm32f10x_tim.o(.text)
    TIM_BDTRStructInit                       0x08004055   Thumb Code    18  stm32f10x_tim.o(.text)
    TIM_Cmd                                  0x08004067   Thumb Code    24  stm32f10x_tim.o(.text)
    TIM_CtrlPWMOutputs                       0x0800407f   Thumb Code    50  stm32f10x_tim.o(.text)
    TIM_ITConfig                             0x080040b1   Thumb Code    24  stm32f10x_tim.o(.text)
    TIM_GenerateEvent                        0x080040c9   Thumb Code     4  stm32f10x_tim.o(.text)
    TIM_DMAConfig                            0x080040cd   Thumb Code    10  stm32f10x_tim.o(.text)
    TIM_DMACmd                               0x080040d7   Thumb Code    24  stm32f10x_tim.o(.text)
    TIM_InternalClockConfig                  0x080040ef   Thumb Code    12  stm32f10x_tim.o(.text)
    TIM_SelectInputTrigger                   0x080040fb   Thumb Code    16  stm32f10x_tim.o(.text)
    TIM_ITRxExternalClockConfig              0x0800410b   Thumb Code    24  stm32f10x_tim.o(.text)
    TIM_TIxExternalClockConfig               0x08004123   Thumb Code    62  stm32f10x_tim.o(.text)
    TIM_ETRConfig                            0x08004161   Thumb Code    22  stm32f10x_tim.o(.text)
    TIM_ETRClockMode1Config                  0x08004177   Thumb Code    54  stm32f10x_tim.o(.text)
    TIM_ETRClockMode2Config                  0x080041ad   Thumb Code    32  stm32f10x_tim.o(.text)
    TIM_PrescalerConfig                      0x080041cd   Thumb Code     6  stm32f10x_tim.o(.text)
    TIM_CounterModeConfig                    0x080041d3   Thumb Code    16  stm32f10x_tim.o(.text)
    TIM_EncoderInterfaceConfig               0x080041e3   Thumb Code    56  stm32f10x_tim.o(.text)
    TIM_ForcedOC1Config                      0x0800421b   Thumb Code    16  stm32f10x_tim.o(.text)
    TIM_ForcedOC2Config                      0x0800422b   Thumb Code    20  stm32f10x_tim.o(.text)
    TIM_ForcedOC3Config                      0x0800423f   Thumb Code    16  stm32f10x_tim.o(.text)
    TIM_ForcedOC4Config                      0x0800424f   Thumb Code    20  stm32f10x_tim.o(.text)
    TIM_ARRPreloadConfig                     0x08004263   Thumb Code    24  stm32f10x_tim.o(.text)
    TIM_SelectCOM                            0x0800427b   Thumb Code    24  stm32f10x_tim.o(.text)
    TIM_SelectCCDMA                          0x08004293   Thumb Code    24  stm32f10x_tim.o(.text)
    TIM_CCPreloadControl                     0x080042ab   Thumb Code    24  stm32f10x_tim.o(.text)
    TIM_OC1PreloadConfig                     0x080042c3   Thumb Code    16  stm32f10x_tim.o(.text)
    TIM_OC2PreloadConfig                     0x080042d3   Thumb Code    20  stm32f10x_tim.o(.text)
    TIM_OC3PreloadConfig                     0x080042e7   Thumb Code    16  stm32f10x_tim.o(.text)
    TIM_OC4PreloadConfig                     0x080042f7   Thumb Code    20  stm32f10x_tim.o(.text)
    TIM_OC1FastConfig                        0x0800430b   Thumb Code    16  stm32f10x_tim.o(.text)
    TIM_OC2FastConfig                        0x0800431b   Thumb Code    20  stm32f10x_tim.o(.text)
    TIM_OC3FastConfig                        0x0800432f   Thumb Code    16  stm32f10x_tim.o(.text)
    TIM_OC4FastConfig                        0x0800433f   Thumb Code    20  stm32f10x_tim.o(.text)
    TIM_ClearOC1Ref                          0x08004353   Thumb Code    16  stm32f10x_tim.o(.text)
    TIM_ClearOC2Ref                          0x08004363   Thumb Code    18  stm32f10x_tim.o(.text)
    TIM_ClearOC3Ref                          0x08004375   Thumb Code    16  stm32f10x_tim.o(.text)
    TIM_ClearOC4Ref                          0x08004385   Thumb Code    18  stm32f10x_tim.o(.text)
    TIM_OC1PolarityConfig                    0x08004397   Thumb Code    16  stm32f10x_tim.o(.text)
    TIM_OC1NPolarityConfig                   0x080043a7   Thumb Code    16  stm32f10x_tim.o(.text)
    TIM_OC2PolarityConfig                    0x080043b7   Thumb Code    20  stm32f10x_tim.o(.text)
    TIM_OC2NPolarityConfig                   0x080043cb   Thumb Code    20  stm32f10x_tim.o(.text)
    TIM_OC3PolarityConfig                    0x080043df   Thumb Code    20  stm32f10x_tim.o(.text)
    TIM_OC3NPolarityConfig                   0x080043f3   Thumb Code    20  stm32f10x_tim.o(.text)
    TIM_OC4PolarityConfig                    0x08004407   Thumb Code    20  stm32f10x_tim.o(.text)
    TIM_CCxCmd                               0x0800441b   Thumb Code    34  stm32f10x_tim.o(.text)
    TIM_CCxNCmd                              0x0800443d   Thumb Code    34  stm32f10x_tim.o(.text)
    TIM_SelectOCxM                           0x0800445f   Thumb Code    82  stm32f10x_tim.o(.text)
    TIM_UpdateDisableConfig                  0x080044b1   Thumb Code    24  stm32f10x_tim.o(.text)
    TIM_UpdateRequestConfig                  0x080044c9   Thumb Code    24  stm32f10x_tim.o(.text)
    TIM_SelectHallSensor                     0x080044e1   Thumb Code    24  stm32f10x_tim.o(.text)
    TIM_SelectOnePulseMode                   0x080044f9   Thumb Code    18  stm32f10x_tim.o(.text)
    TIM_SelectOutputTrigger                  0x0800450b   Thumb Code    18  stm32f10x_tim.o(.text)
    TIM_SelectSlaveMode                      0x0800451d   Thumb Code    18  stm32f10x_tim.o(.text)
    TIM_SelectMasterSlaveMode                0x0800452f   Thumb Code    18  stm32f10x_tim.o(.text)
    TIM_SetCounter                           0x08004541   Thumb Code     4  stm32f10x_tim.o(.text)
    TIM_SetAutoreload                        0x08004545   Thumb Code     4  stm32f10x_tim.o(.text)
    TIM_SetCompare1                          0x08004549   Thumb Code     4  stm32f10x_tim.o(.text)
    TIM_SetCompare2                          0x0800454d   Thumb Code     4  stm32f10x_tim.o(.text)
    TIM_SetCompare3                          0x08004551   Thumb Code     4  stm32f10x_tim.o(.text)
    TIM_SetCompare4                          0x08004555   Thumb Code     6  stm32f10x_tim.o(.text)
    TIM_SetClockDivision                     0x0800455b   Thumb Code    18  stm32f10x_tim.o(.text)
    TIM_GetCapture1                          0x0800456d   Thumb Code     6  stm32f10x_tim.o(.text)
    TIM_GetCapture2                          0x08004573   Thumb Code     6  stm32f10x_tim.o(.text)
    TIM_GetCapture3                          0x08004579   Thumb Code     6  stm32f10x_tim.o(.text)
    TIM_GetCapture4                          0x0800457f   Thumb Code     8  stm32f10x_tim.o(.text)
    TIM_GetCounter                           0x08004587   Thumb Code     6  stm32f10x_tim.o(.text)
    TIM_GetPrescaler                         0x0800458d   Thumb Code     6  stm32f10x_tim.o(.text)
    TIM_GetFlagStatus                        0x08004593   Thumb Code    18  stm32f10x_tim.o(.text)
    TIM_ClearFlag                            0x080045a5   Thumb Code     6  stm32f10x_tim.o(.text)
    TIM_GetITStatus                          0x080045ab   Thumb Code    34  stm32f10x_tim.o(.text)
    TIM_ClearITPendingBit                    0x080045cd   Thumb Code     6  stm32f10x_tim.o(.text)
    FLASH_SetLatency                         0x080045d5   Thumb Code    16  stm32f10x_flash.o(.text)
    FLASH_HalfCycleAccessCmd                 0x080045e5   Thumb Code    22  stm32f10x_flash.o(.text)
    FLASH_PrefetchBufferCmd                  0x080045fb   Thumb Code    22  stm32f10x_flash.o(.text)
    FLASH_Unlock                             0x08004611   Thumb Code    12  stm32f10x_flash.o(.text)
    FLASH_UnlockBank1                        0x0800461d   Thumb Code    12  stm32f10x_flash.o(.text)
    FLASH_Lock                               0x08004629   Thumb Code    14  stm32f10x_flash.o(.text)
    FLASH_LockBank1                          0x08004637   Thumb Code    14  stm32f10x_flash.o(.text)
    FLASH_GetBank1Status                     0x08004645   Thumb Code    50  stm32f10x_flash.o(.text)
    FLASH_WaitForLastOperation               0x08004677   Thumb Code    38  stm32f10x_flash.o(.text)
    FLASH_ErasePage                          0x0800469d   Thumb Code    72  stm32f10x_flash.o(.text)
    FLASH_EraseAllPages                      0x080046e5   Thumb Code    68  stm32f10x_flash.o(.text)
    FLASH_WaitForLastBank1Operation          0x08004729   Thumb Code    38  stm32f10x_flash.o(.text)
    FLASH_EraseAllBank1Pages                 0x0800474f   Thumb Code    68  stm32f10x_flash.o(.text)
    FLASH_GetReadOutProtectionStatus         0x08004793   Thumb Code    20  stm32f10x_flash.o(.text)
    FLASH_EraseOptionBytes                   0x080047a7   Thumb Code   150  stm32f10x_flash.o(.text)
    FLASH_ProgramWord                        0x0800483d   Thumb Code    96  stm32f10x_flash.o(.text)
    FLASH_ProgramHalfWord                    0x0800489d   Thumb Code    60  stm32f10x_flash.o(.text)
    FLASH_ProgramOptionByteData              0x080048d9   Thumb Code    72  stm32f10x_flash.o(.text)
    FLASH_EnableWriteProtection              0x08004921   Thumb Code   220  stm32f10x_flash.o(.text)
    FLASH_ReadOutProtection                  0x080049fd   Thumb Code   156  stm32f10x_flash.o(.text)
    FLASH_UserOptionByteConfig               0x08004a99   Thumb Code    88  stm32f10x_flash.o(.text)
    FLASH_GetUserOptionByte                  0x08004af1   Thumb Code     8  stm32f10x_flash.o(.text)
    FLASH_GetWriteProtectionOptionByte       0x08004af9   Thumb Code     6  stm32f10x_flash.o(.text)
    FLASH_GetPrefetchBufferStatus            0x08004aff   Thumb Code    20  stm32f10x_flash.o(.text)
    FLASH_ITConfig                           0x08004b13   Thumb Code    26  stm32f10x_flash.o(.text)
    FLASH_GetFlagStatus                      0x08004b2d   Thumb Code    42  stm32f10x_flash.o(.text)
    FLASH_ClearFlag                          0x08004b57   Thumb Code     6  stm32f10x_flash.o(.text)
    FLASH_GetStatus                          0x08004b5d   Thumb Code    50  stm32f10x_flash.o(.text)
    usmart_sys_cmd_exe                       0x08004ba1   Thumb Code  1588  usmart.o(.text)
    TIM2_IRQHandler                          0x080051d5   Thumb Code    28  usmart.o(.text)
    Timer2_Init                              0x080051f1   Thumb Code   100  usmart.o(.text)
    usmart_init                              0x08005255   Thumb Code    36  usmart.o(.text)
    usmart_cmd_rec                           0x08005279   Thumb Code   170  usmart.o(.text)
    usmart_exe                               0x08005323   Thumb Code   666  usmart.o(.text)
    usmart_scan                              0x080055bd   Thumb Code   122  usmart.o(.text)
    read_addr                                0x08005637   Thumb Code     6  usmart.o(.text)
    write_addr                               0x0800563d   Thumb Code     4  usmart.o(.text)
    usmart_strcmp                            0x08005699   Thumb Code    34  usmart_str.o(.text)
    usmart_strcopy                           0x080056bb   Thumb Code    22  usmart_str.o(.text)
    usmart_strlen                            0x080056d1   Thumb Code    24  usmart_str.o(.text)
    usmart_pow                               0x080056e9   Thumb Code    22  usmart_str.o(.text)
    usmart_str2num                           0x080056ff   Thumb Code   236  usmart_str.o(.text)
    usmart_get_cmdname                       0x080057eb   Thumb Code    52  usmart_str.o(.text)
    usmart_search_nextc                      0x0800581f   Thumb Code    20  usmart_str.o(.text)
    usmart_get_fname                         0x08005833   Thumb Code   522  usmart_str.o(.text)
    usmart_get_aparm                         0x08005a3d   Thumb Code   186  usmart_str.o(.text)
    usmart_get_parmpos                       0x08005af7   Thumb Code    26  usmart_str.o(.text)
    usmart_get_fparam                        0x08005b11   Thumb Code   282  usmart_str.o(.text)
    __use_no_semihosting                     0x08005c39   Thumb Code     2  use_no_semi_2.o(.text)
    __2printf                                0x08005c3d   Thumb Code    24  noretval__2printf.o(.text)
    _printf_pre_padding                      0x08005c5d   Thumb Code    42  _printf_pad.o(.text)
    _printf_post_padding                     0x08005c87   Thumb Code    34  _printf_pad.o(.text)
    _printf_str                              0x08005ca9   Thumb Code    82  _printf_str.o(.text)
    _printf_int_dec                          0x08005cfd   Thumb Code    96  _printf_dec.o(.text)
    _printf_int_hex                          0x08005d6d   Thumb Code    86  _printf_hex_int.o(.text)
    _printf_longlong_hex                     0x08005d6d   Thumb Code     0  _printf_hex_int.o(.text)
    __printf                                 0x08005dc9   Thumb Code   410  __printf_flags_ss_wp.o(.text)
    __aeabi_memclr4                          0x08005f69   Thumb Code     0  rt_memclr_w.o(.text)
    __aeabi_memclr8                          0x08005f69   Thumb Code     0  rt_memclr_w.o(.text)
    __rt_memclr_w                            0x08005f69   Thumb Code    78  rt_memclr_w.o(.text)
    _memset_w                                0x08005f6d   Thumb Code     0  rt_memclr_w.o(.text)
    __use_two_region_memory                  0x08005fb7   Thumb Code     2  heapauxi.o(.text)
    __rt_heap_escrow$2region                 0x08005fb9   Thumb Code     2  heapauxi.o(.text)
    __rt_heap_expand$2region                 0x08005fbb   Thumb Code     2  heapauxi.o(.text)
    __I$use$semihosting                      0x08005fbd   Thumb Code     0  use_no_semi.o(.text)
    __use_no_semihosting_swi                 0x08005fbd   Thumb Code     2  use_no_semi.o(.text)
    _printf_int_common                       0x08005fbf   Thumb Code   174  _printf_intcommon.o(.text)
    _printf_char_common                      0x08006077   Thumb Code    34  _printf_char_common.o(.text)
    _printf_cs_common                        0x0800609d   Thumb Code    20  _printf_char.o(.text)
    _printf_char                             0x080060b1   Thumb Code    16  _printf_char.o(.text)
    _printf_string                           0x080060c1   Thumb Code     8  _printf_char.o(.text)
    __rt_udiv10                              0x080060c9   Thumb Code    16  rtudiv10.o(.text)
    __user_setup_stackheap                   0x080060d9   Thumb Code    74  sys_stackheap_outer.o(.text)
    exit                                     0x08006123   Thumb Code    12  exit.o(.text)
    __user_libspace                          0x08006131   Thumb Code     8  libspace.o(.text)
    __user_perproc_libspace                  0x08006131   Thumb Code     0  libspace.o(.text)
    __user_perthread_libspace                0x08006131   Thumb Code     0  libspace.o(.text)
    Region$$Table$$Base                      0x0800628c   Number         0  anon$$obj.o(Region$$Table)
    Region$$Table$$Limit                     0x080062ac   Number         0  anon$$obj.o(Region$$Table)
    TEXT_Buffer                              0x20000000   Data           2  main.o(.data)
    index_frame_send                         0x20000002   Data           1  main.o(.data)
    fm_frame_index_bits                      0x20000004   Data           2  main.o(.data)
    fm_frame_bits                            0x20000006   Data        1100  main.o(.data)
    fm_frame_index_byte                      0x20000452   Data           2  main.o(.data)
    flag_byte_ready                          0x20000454   Data           1  main.o(.data)
    temp_frame_byte_index                    0x20000456   Data           2  main.o(.data)
    usart2_works                             0x20000458   Data           1  main.o(.data)
    usart1_works                             0x20000459   Data           1  main.o(.data)
    index_frame_safe                         0x2000045a   Data           1  main.o(.data)
    index_safe_times                         0x2000045b   Data           1  main.o(.data)
    flag_safe_frame                          0x2000045c   Data           1  main.o(.data)
    flag_safe_soc_ok                         0x2000045d   Data           1  main.o(.data)
    flag_is_wakeup_frame                     0x2000045e   Data           1  main.o(.data)
    wakeup_times                             0x2000045f   Data           1  main.o(.data)
    flag_voice_broad                         0x20000460   Data           1  main.o(.data)
    SystemCoreClock                          0x20000464   Data           4  system_stm32f10x.o(.data)
    AHBPrescTable                            0x20000468   Data          16  system_stm32f10x.o(.data)
    t                                        0x20000478   Data           2  timer.o(.data)
    timer_67_stop                            0x2000047a   Data           1  timer.o(.data)
    wakeup_times_index                       0x2000047b   Data           1  timer.o(.data)
    delay_index                              0x2000047c   Data           1  timer.o(.data)
    secury_chip_ckeck                        0x2000047d   Data           1  timer.o(.data)
    index_chipcheck_times                    0x2000047e   Data           1  timer.o(.data)
    first_powerup                            0x2000047f   Data           1  timer.o(.data)
    index_tim6                               0x20000480   Data           4  timer.o(.data)
    index_tim7                               0x20000484   Data           4  timer.o(.data)
    USART_RX_STA                             0x2000048c   Data           2  usart.o(.data)
    flag_frame_sync                          0x2000048e   Data           1  usart.o(.data)
    USART2_RX_STA                            0x20000490   Data           2  usart.o(.data)
    flag_frame_sync_usart2                   0x20000492   Data           1  usart.o(.data)
    __stdout                                 0x20000494   Data           4  usart.o(.data)
    sys_cmd_tab                              0x200004ac   Data          24  usmart.o(.data)
    usmart_nametab                           0x200004c4   Data          72  usmart_config.o(.data)
    usmart_dev                               0x2000050c   Data         236  usmart_config.o(.data)
    frame_send_buf                           0x200005f8   Data         100  main.o(.bss)
    fm_frame_byte                            0x2000065c   Data         550  main.o(.bss)
    frame_safe                               0x20000882   Data          40  main.o(.bss)
    frame_send_buf_chip                      0x200008aa   Data          15  timer.o(.bss)
    STMFLASH_BUF                             0x200008ba   Data        2048  stmflash.o(.bss)
    USART_RX_BUF                             0x200010ba   Data         800  usart.o(.bss)
    USART2_RX_BUF                            0x200013da   Data         800  usart.o(.bss)
    __libspace_start                         0x200016fc   Data          96  libspace.o(.bss)
    __temporary_stack_top$libspace           0x2000175c   Data           0  libspace.o(.bss)



==============================================================================

Memory Map of the image

  Image Entry point : 0x08000131

  Load Region LR_IROM1 (Base: 0x08000000, Size: 0x000068a4, Max: 0x00080000, ABSOLUTE, COMPRESSED[0x00006340])

    Execution Region ER_IROM1 (Base: 0x08000000, Size: 0x000062ac, Max: 0x00080000, ABSOLUTE)

    Base Addr    Size         Type   Attr      Idx    E Section Name        Object

    0x08000000   0x00000130   Data   RO          347    RESET               startup_stm32f10x_hd.o
    0x08000130   0x00000008   Code   RO          554  * !!!main             __main.o(c_w.l)
    0x08000138   0x00000034   Code   RO          726    !!!scatter          __scatter.o(c_w.l)
    0x0800016c   0x0000005a   Code   RO          724    !!dczerorl2         __dczerorl2.o(c_w.l)
    0x080001c6   0x00000002   PAD
    0x080001c8   0x0000001c   Code   RO          728    !!handler_zi        __scatter_zi.o(c_w.l)
    0x080001e4   0x00000000   Code   RO          549    .ARM.Collect$$_printf_percent$$00000000  _printf_percent.o(c_w.l)
    0x080001e4   0x00000006   Code   RO          547    .ARM.Collect$$_printf_percent$$00000009  _printf_d.o(c_w.l)
    0x080001ea   0x00000006   Code   RO          548    .ARM.Collect$$_printf_percent$$0000000A  _printf_u.o(c_w.l)
    0x080001f0   0x00000006   Code   RO          546    .ARM.Collect$$_printf_percent$$0000000C  _printf_x.o(c_w.l)
    0x080001f6   0x00000006   Code   RO          544    .ARM.Collect$$_printf_percent$$00000013  _printf_c.o(c_w.l)
    0x080001fc   0x00000006   Code   RO          545    .ARM.Collect$$_printf_percent$$00000014  _printf_s.o(c_w.l)
    0x08000202   0x00000004   Code   RO          566    .ARM.Collect$$_printf_percent$$00000017  _printf_percent_end.o(c_w.l)
    0x08000206   0x00000006   Code   RO          603    .ARM.Collect$$libinit$$00000000  libinit.o(c_w.l)
    0x0800020c   0x00000000   Code   RO          611    .ARM.Collect$$libinit$$00000006  libinit2.o(c_w.l)
    0x0800020c   0x00000000   Code   RO          613    .ARM.Collect$$libinit$$00000008  libinit2.o(c_w.l)
    0x0800020c   0x00000000   Code   RO          615    .ARM.Collect$$libinit$$0000000A  libinit2.o(c_w.l)
    0x0800020c   0x00000000   Code   RO          618    .ARM.Collect$$libinit$$0000000D  libinit2.o(c_w.l)
    0x0800020c   0x00000000   Code   RO          620    .ARM.Collect$$libinit$$0000000F  libinit2.o(c_w.l)
    0x0800020c   0x00000000   Code   RO          622    .ARM.Collect$$libinit$$00000011  libinit2.o(c_w.l)
    0x0800020c   0x00000000   Code   RO          624    .ARM.Collect$$libinit$$00000013  libinit2.o(c_w.l)
    0x0800020c   0x00000000   Code   RO          626    .ARM.Collect$$libinit$$00000015  libinit2.o(c_w.l)
    0x0800020c   0x00000000   Code   RO          628    .ARM.Collect$$libinit$$00000017  libinit2.o(c_w.l)
    0x0800020c   0x00000000   Code   RO          630    .ARM.Collect$$libinit$$00000019  libinit2.o(c_w.l)
    0x0800020c   0x00000000   Code   RO          632    .ARM.Collect$$libinit$$0000001B  libinit2.o(c_w.l)
    0x0800020c   0x00000000   Code   RO          634    .ARM.Collect$$libinit$$0000001D  libinit2.o(c_w.l)
    0x0800020c   0x00000000   Code   RO          636    .ARM.Collect$$libinit$$0000001F  libinit2.o(c_w.l)
    0x0800020c   0x00000000   Code   RO          638    .ARM.Collect$$libinit$$00000021  libinit2.o(c_w.l)
    0x0800020c   0x00000000   Code   RO          642    .ARM.Collect$$libinit$$00000028  libinit2.o(c_w.l)
    0x0800020c   0x00000000   Code   RO          644    .ARM.Collect$$libinit$$0000002A  libinit2.o(c_w.l)
    0x0800020c   0x00000000   Code   RO          646    .ARM.Collect$$libinit$$0000002C  libinit2.o(c_w.l)
    0x0800020c   0x00000000   Code   RO          648    .ARM.Collect$$libinit$$0000002E  libinit2.o(c_w.l)
    0x0800020c   0x00000002   Code   RO          649    .ARM.Collect$$libinit$$0000002F  libinit2.o(c_w.l)
    0x0800020e   0x00000002   Code   RO          668    .ARM.Collect$$libshutdown$$00000000  libshutdown.o(c_w.l)
    0x08000210   0x00000000   Code   RO          679    .ARM.Collect$$libshutdown$$00000003  libshutdown2.o(c_w.l)
    0x08000210   0x00000000   Code   RO          682    .ARM.Collect$$libshutdown$$00000006  libshutdown2.o(c_w.l)
    0x08000210   0x00000000   Code   RO          685    .ARM.Collect$$libshutdown$$00000009  libshutdown2.o(c_w.l)
    0x08000210   0x00000000   Code   RO          687    .ARM.Collect$$libshutdown$$0000000B  libshutdown2.o(c_w.l)
    0x08000210   0x00000000   Code   RO          690    .ARM.Collect$$libshutdown$$0000000E  libshutdown2.o(c_w.l)
    0x08000210   0x00000002   Code   RO          691    .ARM.Collect$$libshutdown$$0000000F  libshutdown2.o(c_w.l)
    0x08000212   0x00000000   Code   RO          558    .ARM.Collect$$rtentry$$00000000  rtentry.o(c_w.l)
    0x08000212   0x00000000   Code   RO          574    .ARM.Collect$$rtentry$$00000002  rtentry2.o(c_w.l)
    0x08000212   0x00000006   Code   RO          589    .ARM.Collect$$rtentry$$00000004  rtentry4.o(c_w.l)
    0x08000218   0x00000000   Code   RO          576    .ARM.Collect$$rtentry$$00000009  rtentry2.o(c_w.l)
    0x08000218   0x00000004   Code   RO          577    .ARM.Collect$$rtentry$$0000000A  rtentry2.o(c_w.l)
    0x0800021c   0x00000000   Code   RO          579    .ARM.Collect$$rtentry$$0000000C  rtentry2.o(c_w.l)
    0x0800021c   0x00000008   Code   RO          580    .ARM.Collect$$rtentry$$0000000D  rtentry2.o(c_w.l)
    0x08000224   0x00000000   Code   RO          607    .ARM.Collect$$rtexit$$00000000  rtexit.o(c_w.l)
    0x08000224   0x00000000   Code   RO          653    .ARM.Collect$$rtexit$$00000002  rtexit2.o(c_w.l)
    0x08000224   0x00000004   Code   RO          654    .ARM.Collect$$rtexit$$00000003  rtexit2.o(c_w.l)
    0x08000228   0x00000004   Code   RO          655    .ARM.Collect$$rtexit$$00000004  rtexit2.o(c_w.l)
    0x0800022c   0x00001008   Code   RO            1    .text               main.o
    0x08001234   0x0000001a   Code   RO          102    .text               stm32f10x_it.o
    0x0800124e   0x00000002   PAD
    0x08001250   0x000001c8   Code   RO          134    .text               system_stm32f10x.o
    0x08001418   0x00000054   Code   RO          152    .text               led.o
    0x0800146c   0x00000290   Code   RO          200    .text               myiic.o
    0x080016fc   0x00000328   Code   RO          224    .text               rda5820.o
    0x08001a24   0x000006fc   Code   RO          236    .text               timer.o
    0x08002120   0x00000634   Code   RO          257    .text               gray.o
    0x08002754   0x00000150   Code   RO          269    .text               stmflash.o
    0x080028a4   0x000000c0   Code   RO          284    .text               delay.o
    0x08002964   0x0000000c   Code   RO          298    .text               sys.o
    0x08002970   0x00000300   Code   RO          310    .text               usart.o
    0x08002c70   0x00000040   Code   RO          348    .text               startup_stm32f10x_hd.o
    0x08002cb0   0x000000e0   Code   RO          352    .text               misc.o
    0x08002d90   0x00000348   Code   RO          376    .text               stm32f10x_gpio.o
    0x080030d8   0x00000390   Code   RO          388    .text               stm32f10x_rcc.o
    0x08003468   0x00000408   Code   RO          402    .text               stm32f10x_usart.o
    0x08003870   0x00000d62   Code   RO          414    .text               stm32f10x_tim.o
    0x080045d2   0x00000002   PAD
    0x080045d4   0x000005cc   Code   RO          426    .text               stm32f10x_flash.o
    0x08004ba0   0x00000af8   Code   RO          438    .text               usmart.o
    0x08005698   0x000005a0   Code   RO          477    .text               usmart_str.o
    0x08005c38   0x00000002   Code   RO          491    .text               use_no_semi_2.o(c_w.l)
    0x08005c3a   0x00000002   PAD
    0x08005c3c   0x00000020   Code   RO          495    .text               noretval__2printf.o(c_w.l)
    0x08005c5c   0x0000004c   Code   RO          499    .text               _printf_pad.o(c_w.l)
    0x08005ca8   0x00000052   Code   RO          501    .text               _printf_str.o(c_w.l)
    0x08005cfa   0x00000002   PAD
    0x08005cfc   0x00000070   Code   RO          503    .text               _printf_dec.o(c_w.l)
    0x08005d6c   0x0000005c   Code   RO          508    .text               _printf_hex_int.o(c_w.l)
    0x08005dc8   0x000001a0   Code   RO          541    .text               __printf_flags_ss_wp.o(c_w.l)
    0x08005f68   0x0000004e   Code   RO          550    .text               rt_memclr_w.o(c_w.l)
    0x08005fb6   0x00000006   Code   RO          552    .text               heapauxi.o(c_w.l)
    0x08005fbc   0x00000002   Code   RO          556    .text               use_no_semi.o(c_w.l)
    0x08005fbe   0x000000ae   Code   RO          560    .text               _printf_intcommon.o(c_w.l)
    0x0800606c   0x00000030   Code   RO          562    .text               _printf_char_common.o(c_w.l)
    0x0800609c   0x0000002c   Code   RO          564    .text               _printf_char.o(c_w.l)
    0x080060c8   0x00000010   Code   RO          571    .text               rtudiv10.o(c_w.l)
    0x080060d8   0x0000004a   Code   RO          593    .text               sys_stackheap_outer.o(c_w.l)
    0x08006122   0x0000000c   Code   RO          595    .text               exit.o(c_w.l)
    0x0800612e   0x00000002   PAD
    0x08006130   0x00000008   Code   RO          604    .text               libspace.o(c_w.l)
    0x08006138   0x00000028   Data   RO          509    .constdata          _printf_hex_int.o(c_w.l)
    0x08006160   0x00000011   Data   RO          542    .constdata          __printf_flags_ss_wp.o(c_w.l)
    0x08006171   0x00000017   Data   RO          439    .conststring        usmart.o
    0x08006188   0x00000103   Data   RO          461    .conststring        usmart_config.o
    0x0800628b   0x00000001   PAD
    0x0800628c   0x00000020   Data   RO          722    Region$$Table       anon$$obj.o


    Execution Region RW_IRAM1 (Base: 0x20000000, Size: 0x00001d60, Max: 0x00010000, ABSOLUTE, COMPRESSED[0x00000094])

    Base Addr    Size         Type   Attr      Idx    E Section Name        Object

    0x20000000   0x00000461   Data   RW            3    .data               main.o
    0x20000461   0x00000003   PAD
    0x20000464   0x00000014   Data   RW          135    .data               system_stm32f10x.o
    0x20000478   0x00000010   Data   RW          238    .data               timer.o
    0x20000488   0x00000004   Data   RW          285    .data               delay.o
    0x2000048c   0x0000000c   Data   RW          312    .data               usart.o
    0x20000498   0x00000014   Data   RW          389    .data               stm32f10x_rcc.o
    0x200004ac   0x00000018   Data   RW          440    .data               usmart.o
    0x200004c4   0x00000134   Data   RW          462    .data               usmart_config.o
    0x200005f8   0x000002b2   Zero   RW            2    .bss                main.o
    0x200008aa   0x0000000f   Zero   RW          237    .bss                timer.o
    0x200008b9   0x00000001   PAD
    0x200008ba   0x00000800   Zero   RW          270    .bss                stmflash.o
    0x200010ba   0x00000640   Zero   RW          311    .bss                usart.o
    0x200016fa   0x00000002   PAD
    0x200016fc   0x00000060   Zero   RW          605    .bss                libspace.o(c_w.l)
    0x2000175c   0x00000004   PAD
    0x20001760   0x00000200   Zero   RW          346    HEAP                startup_stm32f10x_hd.o
    0x20001960   0x00000400   Zero   RW          345    STACK               startup_stm32f10x_hd.o


==============================================================================

Image component sizes


      Code (inc. data)   RO Data    RW Data    ZI Data      Debug   Object Name

         0          0          0          0          0         20   core_cm3.o
       192         12          0          4          0       1039   delay.o
      1588          0          0          0          0       2237   gray.o
        84          8          0          0          0        511   led.o
      4104        226          0       1121        690     264820   main.o
       224         20          0          0          0       1821   misc.o
       656         16          0          0          0       1852   myiic.o
       808          0          0          0          0       3701   rda5820.o
        64         26        304          0       1536        516   startup_stm32f10x_hd.o
      1484         38          0          0          0       8182   stm32f10x_flash.o
       840         38          0          0          0       5705   stm32f10x_gpio.o
        26          0          0          0          0       1194   stm32f10x_it.o
       912         32          0         20          0       8848   stm32f10x_rcc.o
      3426         84          0          0          0      22412   stm32f10x_tim.o
      1032         20          0          0          0       8460   stm32f10x_usart.o
       336         10          0          0       2048       2650   stmflash.o
        12          0          0          0          0        465   sys.o
       456         36          0         20          0       1779   system_stm32f10x.o
      1788        182          0         16         15       5373   timer.o
       768         46          0         12       1600       4275   usart.o
      2808       1156         23         24          0       4030   usmart.o
         0          0        259        308          0       1632   usmart_config.o
      1440         14          0          0          0       5101   usmart_str.o

    ----------------------------------------------------------------------
     23052       1964        619       1528       5892     356623   Object Totals
         0          0         32          0          0          0   (incl. Generated)
         4          0          1          3          3          3   (incl. Padding)

    ----------------------------------------------------------------------

      Code (inc. data)   RO Data    RW Data    ZI Data      Debug   Library Member Name

        90          0          0          0          0          0   __dczerorl2.o
         8          0          0          0          0         68   __main.o
       416          6         17          0          0         88   __printf_flags_ss_wp.o
        52          8          0          0          0          0   __scatter.o
        28          0          0          0          0          0   __scatter_zi.o
         6          0          0          0          0          0   _printf_c.o
        44          0          0          0          0        108   _printf_char.o
        48          4          0          0          0         96   _printf_char_common.o
         6          0          0          0          0          0   _printf_d.o
       112         16          0          0          0         92   _printf_dec.o
        92          6         40          0          0         84   _printf_hex_int.o
       174          0          0          0          0         88   _printf_intcommon.o
        76          0          0          0          0        104   _printf_pad.o
         0          0          0          0          0          0   _printf_percent.o
         4          0          0          0          0          0   _printf_percent_end.o
         6          0          0          0          0          0   _printf_s.o
        82          0          0          0          0         80   _printf_str.o
         6          0          0          0          0          0   _printf_u.o
         6          0          0          0          0          0   _printf_x.o
        12          0          0          0          0         68   exit.o
         6          0          0          0          0        148   heapauxi.o
         6          0          0          0          0          0   libinit.o
         2          0          0          0          0          0   libinit2.o
         2          0          0          0          0          0   libshutdown.o
         2          0          0          0          0          0   libshutdown2.o
         8          4          0          0         96         68   libspace.o
        32          8          0          0          0         80   noretval__2printf.o
        78          0          0          0          0         76   rt_memclr_w.o
         0          0          0          0          0          0   rtentry.o
        12          0          0          0          0          0   rtentry2.o
         6          0          0          0          0          0   rtentry4.o
         0          0          0          0          0          0   rtexit.o
         8          0          0          0          0          0   rtexit2.o
        16          0          0          0          0         68   rtudiv10.o
        74          0          0          0          0         80   sys_stackheap_outer.o
         2          0          0          0          0         68   use_no_semi.o
         2          0          0          0          0         68   use_no_semi_2.o

    ----------------------------------------------------------------------
      1532         52         57          0        100       1532   Library Totals
         8          0          0          0          4          0   (incl. Padding)

    ----------------------------------------------------------------------

      Code (inc. data)   RO Data    RW Data    ZI Data      Debug   Library Name

      1524         52         57          0         96       1532   c_w.l

    ----------------------------------------------------------------------
      1532         52         57          0        100       1532   Library Totals

    ----------------------------------------------------------------------

==============================================================================


      Code (inc. data)   RO Data    RW Data    ZI Data      Debug   

     24584       2016        676       1528       5992     355608   Grand Totals
     24584       2016        676        148       5992     355608   ELF Image Totals (compressed)
     24584       2016        676        148          0          0   ROM Totals

==============================================================================

    Total RO  Size (Code + RO Data)                25260 (  24.67kB)
    Total RW  Size (RW Data + ZI Data)              7520 (   7.34kB)
    Total ROM Size (Code + RO Data + RW Data)      25408 (  24.81kB)

==============================================================================

